Archive member included to satisfy reference by file (symbol)

C:/ST/STM32CubeIDE_1.17.0/STM32CubeIDE/plugins/com.st.stm32cube.ide.mcu.externaltools.gnu-tools-for-stm32.12.3.rel1.win32_1.1.0.202410251130/tools/bin/../lib/gcc/arm-none-eabi/12.3.1/../../../../arm-none-eabi/lib/thumb/v7e-m+dp/hard\libc_nano.a(libc_a-exit.o)
                              C:/ST/STM32CubeIDE_1.17.0/STM32CubeIDE/plugins/com.st.stm32cube.ide.mcu.externaltools.gnu-tools-for-stm32.12.3.rel1.win32_1.1.0.202410251130/tools/bin/../lib/gcc/arm-none-eabi/12.3.1/../../../../arm-none-eabi/lib/thumb/v7e-m+dp/hard/crt0.o (exit)
C:/ST/STM32CubeIDE_1.17.0/STM32CubeIDE/plugins/com.st.stm32cube.ide.mcu.externaltools.gnu-tools-for-stm32.12.3.rel1.win32_1.1.0.202410251130/tools/bin/../lib/gcc/arm-none-eabi/12.3.1/../../../../arm-none-eabi/lib/thumb/v7e-m+dp/hard\libc_nano.a(libc_a-findfp.o)
                              C:/ST/STM32CubeIDE_1.17.0/STM32CubeIDE/plugins/com.st.stm32cube.ide.mcu.externaltools.gnu-tools-for-stm32.12.3.rel1.win32_1.1.0.202410251130/tools/bin/../lib/gcc/arm-none-eabi/12.3.1/../../../../arm-none-eabi/lib/thumb/v7e-m+dp/hard\libc_nano.a(libc_a-exit.o) (__stdio_exit_handler)
C:/ST/STM32CubeIDE_1.17.0/STM32CubeIDE/plugins/com.st.stm32cube.ide.mcu.externaltools.gnu-tools-for-stm32.12.3.rel1.win32_1.1.0.202410251130/tools/bin/../lib/gcc/arm-none-eabi/12.3.1/../../../../arm-none-eabi/lib/thumb/v7e-m+dp/hard\libc_nano.a(libc_a-fwalk.o)
                              C:/ST/STM32CubeIDE_1.17.0/STM32CubeIDE/plugins/com.st.stm32cube.ide.mcu.externaltools.gnu-tools-for-stm32.12.3.rel1.win32_1.1.0.202410251130/tools/bin/../lib/gcc/arm-none-eabi/12.3.1/../../../../arm-none-eabi/lib/thumb/v7e-m+dp/hard\libc_nano.a(libc_a-findfp.o) (_fwalk_sglue)
C:/ST/STM32CubeIDE_1.17.0/STM32CubeIDE/plugins/com.st.stm32cube.ide.mcu.externaltools.gnu-tools-for-stm32.12.3.rel1.win32_1.1.0.202410251130/tools/bin/../lib/gcc/arm-none-eabi/12.3.1/../../../../arm-none-eabi/lib/thumb/v7e-m+dp/hard\libc_nano.a(libc_a-stdio.o)
                              C:/ST/STM32CubeIDE_1.17.0/STM32CubeIDE/plugins/com.st.stm32cube.ide.mcu.externaltools.gnu-tools-for-stm32.12.3.rel1.win32_1.1.0.202410251130/tools/bin/../lib/gcc/arm-none-eabi/12.3.1/../../../../arm-none-eabi/lib/thumb/v7e-m+dp/hard\libc_nano.a(libc_a-findfp.o) (__sread)
C:/ST/STM32CubeIDE_1.17.0/STM32CubeIDE/plugins/com.st.stm32cube.ide.mcu.externaltools.gnu-tools-for-stm32.12.3.rel1.win32_1.1.0.202410251130/tools/bin/../lib/gcc/arm-none-eabi/12.3.1/../../../../arm-none-eabi/lib/thumb/v7e-m+dp/hard\libc_nano.a(libc_a-memset.o)
                              C:/ST/STM32CubeIDE_1.17.0/STM32CubeIDE/plugins/com.st.stm32cube.ide.mcu.externaltools.gnu-tools-for-stm32.12.3.rel1.win32_1.1.0.202410251130/tools/bin/../lib/gcc/arm-none-eabi/12.3.1/../../../../arm-none-eabi/lib/thumb/v7e-m+dp/hard/crt0.o (memset)
C:/ST/STM32CubeIDE_1.17.0/STM32CubeIDE/plugins/com.st.stm32cube.ide.mcu.externaltools.gnu-tools-for-stm32.12.3.rel1.win32_1.1.0.202410251130/tools/bin/../lib/gcc/arm-none-eabi/12.3.1/../../../../arm-none-eabi/lib/thumb/v7e-m+dp/hard\libc_nano.a(libc_a-closer.o)
                              C:/ST/STM32CubeIDE_1.17.0/STM32CubeIDE/plugins/com.st.stm32cube.ide.mcu.externaltools.gnu-tools-for-stm32.12.3.rel1.win32_1.1.0.202410251130/tools/bin/../lib/gcc/arm-none-eabi/12.3.1/../../../../arm-none-eabi/lib/thumb/v7e-m+dp/hard\libc_nano.a(libc_a-stdio.o) (_close_r)
C:/ST/STM32CubeIDE_1.17.0/STM32CubeIDE/plugins/com.st.stm32cube.ide.mcu.externaltools.gnu-tools-for-stm32.12.3.rel1.win32_1.1.0.202410251130/tools/bin/../lib/gcc/arm-none-eabi/12.3.1/../../../../arm-none-eabi/lib/thumb/v7e-m+dp/hard\libc_nano.a(libc_a-reent.o)
                              C:/ST/STM32CubeIDE_1.17.0/STM32CubeIDE/plugins/com.st.stm32cube.ide.mcu.externaltools.gnu-tools-for-stm32.12.3.rel1.win32_1.1.0.202410251130/tools/bin/../lib/gcc/arm-none-eabi/12.3.1/../../../../arm-none-eabi/lib/thumb/v7e-m+dp/hard\libc_nano.a(libc_a-closer.o) (errno)
C:/ST/STM32CubeIDE_1.17.0/STM32CubeIDE/plugins/com.st.stm32cube.ide.mcu.externaltools.gnu-tools-for-stm32.12.3.rel1.win32_1.1.0.202410251130/tools/bin/../lib/gcc/arm-none-eabi/12.3.1/../../../../arm-none-eabi/lib/thumb/v7e-m+dp/hard\libc_nano.a(libc_a-impure.o)
                              C:/ST/STM32CubeIDE_1.17.0/STM32CubeIDE/plugins/com.st.stm32cube.ide.mcu.externaltools.gnu-tools-for-stm32.12.3.rel1.win32_1.1.0.202410251130/tools/bin/../lib/gcc/arm-none-eabi/12.3.1/../../../../arm-none-eabi/lib/thumb/v7e-m+dp/hard\libc_nano.a(libc_a-reent.o) (_impure_ptr)
C:/ST/STM32CubeIDE_1.17.0/STM32CubeIDE/plugins/com.st.stm32cube.ide.mcu.externaltools.gnu-tools-for-stm32.12.3.rel1.win32_1.1.0.202410251130/tools/bin/../lib/gcc/arm-none-eabi/12.3.1/../../../../arm-none-eabi/lib/thumb/v7e-m+dp/hard\libc_nano.a(libc_a-lseekr.o)
[...]
Memory Configuration

Name             Origin             Length             Attributes
RAM              0x20000000         0x00080000         xrw
FLASH            0x08000000         0x00200000         xr
*default*        0x00000000         0xffffffff

Linker script and memory map

LOAD C:/ST/STM32CubeIDE_1.17.0/STM32CubeIDE/plugins/com.st.stm32cube.ide.mcu.externaltools.gnu-tools-for-stm32.12.3.rel1.win32_1.1.0.202410251130/tools/bin/../lib/gcc/arm-none-eabi/12.3.1/thumb/v7e-m+dp/hard/crti.o
LOAD C:/ST/STM32CubeIDE_1.17.0/STM32CubeIDE/plugins/com.st.stm32cube.ide.mcu.externaltools.gnu-tools-for-stm32.12.3.rel1.win32_1.1.0.202410251130/tools/bin/../lib/gcc/arm-none-eabi/12.3.1/thumb/v7e-m+dp/hard/crtbegin.o
LOAD C:/ST/STM32CubeIDE_1.17.0/STM32CubeIDE/plugins/com.st.stm32cube.ide.mcu.externaltools.gnu-tools-for-stm32.12.3.rel1.win32_1.1.0.202410251130/tools/bin/../lib/gcc/arm-none-eabi/12.3.1/../../../../arm-none-eabi/lib/thumb/v7e-m+dp/hard/crt0.o
LOAD ./Core/Src/main.o
LOAD ./Core/Src/stm32f7xx_hal_msp.o
LOAD ./Core/Src/stm32f7xx_it.o
LOAD ./Core/Src/syscalls.o
LOAD ./Core/Src/sysmem.o
LOAD ./Core/Src/system_stm32f7xx.o
LOAD ./Core/Startup/startup_stm32f767zitx.o
LOAD ./Drivers/ILI9341/ILI9341_GFX.o
LOAD ./Drivers/ILI9341/ILI9341_STM32_Driver.o
LOAD ./Drivers/ILI9341/ILI9341_Touchscreen.o
LOAD ./Drivers/STM32F7xx_HAL_Driver/stm32f7xx_hal.o
LOAD ./Drivers/STM32F7xx_HAL_Driver/stm32f7xx_hal_adc.o
LOAD ./Drivers/STM32F7xx_HAL_Driver/stm32f7xx_hal_adc_ex.o
LOAD ./Drivers/STM32F7xx_HAL_Driver/stm32f7xx_hal_cortex.o
LOAD ./Drivers/STM32F7xx_HAL_Driver/stm32f7xx_hal_dma.o
LOAD ./Drivers/STM32F7xx_HAL_Driver/stm32f7xx_hal_dma_ex.o
LOAD ./Drivers/STM32F7xx_HAL_Driver/stm32f7xx_hal_exti.o
LOAD ./Drivers/STM32F7xx_HAL_Driver/stm32f7xx_hal_flash.o
LOAD ./Drivers/STM32F7xx_HAL_Driver/stm32f7xx_hal_flash_ex.o
LOAD ./Drivers/STM32F7xx_HAL_Driver/stm32f7xx_hal_gpio.o
LOAD ./Drivers/STM32F7xx_HAL_Driver/stm32f7xx_hal_i2c.o
LOAD ./Drivers/STM32F7xx_HAL_Driver/stm32f7xx_hal_i2c_ex.o
LOAD ./Drivers/STM32F7xx_HAL_Driver/stm32f7xx_hal_pwr.o
LOAD ./Drivers/STM32F7xx_HAL_Driver/stm32f7xx_hal_pwr_ex.o
LOAD ./Drivers/STM32F7xx_HAL_Driver/stm32f7xx_hal_rcc.o
LOAD ./Drivers/STM32F7xx_HAL_Driver/stm32f7xx_hal_rcc_ex.o
LOAD ./Drivers/STM32F7xx_HAL_Driver/stm32f7xx_hal_rng.o
LOAD ./Drivers/STM32F7xx_HAL_Driver/stm32f7xx_hal_spi.o
LOAD ./Drivers/STM32F7xx_HAL_Driver/stm32f7xx_hal_spi_ex.o
LOAD ./Drivers/STM32F7xx_HAL_Driver/stm32f7xx_hal_tim.o
LOAD ./Drivers/STM32F7xx_HAL_Driver/stm32f7xx_hal_tim_ex.o
START GROUP
LOAD C:/ST/STM32CubeIDE_1.17.0/STM32CubeIDE/plugins/com.st.stm32cube.ide.mcu.externaltools.gnu-tools-for-stm32.12.3.rel1.win32_1.1.0.202410251130/tools/bin/../lib/gcc/arm-none-eabi/12.3.1/../../../../arm-none-eabi/lib/thumb/v7e-m+dp/hard\libc_nano.a
LOAD C:/ST/STM32CubeIDE_1.17.0/STM32CubeIDE/plugins/com.st.stm32cube.ide.mcu.externaltools.gnu-tools-for-stm32.12.3.rel1.win32_1.1.0.202410251130/tools/bin/../lib/gcc/arm-none-eabi/12.3.1/../../../../arm-none-eabi/lib/thumb/v7e-m+dp/hard\libm.a
END GROUP
START GROUP
LOAD C:/ST/STM32CubeIDE_1.17.0/STM32CubeIDE/plugins/com.st.stm32cube.ide.mcu.externaltools.gnu-tools-for-stm32.12.3.rel1.win32_1.1.0.202410251130/tools/bin/../lib/gcc/arm-none-eabi/12.3.1/thumb/v7e-m+dp/hard\libgcc.a
LOAD C:/ST/STM32CubeIDE_1.17.0/STM32CubeIDE/plugins/com.st.stm32cube.ide.mcu.externaltools.gnu-tools-for-stm32.12.3.rel1.win32_1.1.0.202410251130/tools/bin/../lib/gcc/arm-none-eabi/12.3.1/../../../../arm-none-eabi/lib/thumb/v7e-m+dp/hard\libc_nano.a
END GROUP
START GROUP
LOAD C:/ST/STM32CubeIDE_1.17.0/STM32CubeIDE/plugins/com.st.stm32cube.ide.mcu.externaltools.gnu-tools-for-stm32.12.3.rel1.win32_1.1.0.202410251130/tools/bin/../lib/gcc/arm-none-eabi/12.3.1/thumb/v7e-m+dp/hard\libgcc.a
LOAD C:/ST/STM32CubeIDE_1.17.0/STM32CubeIDE/plugins/com.st.stm32cube.ide.mcu.externaltools.gnu-tools-for-stm32.12.3.rel1.win32_1.1.0.202410251130/tools/bin/../lib/gcc/arm-none-eabi/12.3.1/../../../../arm-none-eabi/lib/thumb/v7e-m+dp/hard\libc_nano.a
LOAD C:/ST/STM32CubeIDE_1.17.0/STM32CubeIDE/plugins/com.st.stm32cube.ide.mcu.externaltools.gnu-tools-for-stm32.12.3.rel1.win32_1.1.0.202410251130/tools/bin/../lib/gcc/arm-none-eabi/12.3.1/../../../../arm-none-eabi/lib/thumb/v7e-m+dp/hard\libnosys.a
END GROUP
START GROUP
LOAD C:/ST/STM32CubeIDE_1.17.0/STM32CubeIDE/plugins/com.st.stm32cube.ide.mcu.externaltools.gnu-tools-for-stm32.12.3.rel1.win32_1.1.0.202410251130/tools/bin/../lib/gcc/arm-none-eabi/12.3.1/thumb/v7e-m+dp/hard\libgcc.a
LOAD C:/ST/STM32CubeIDE_1.17.0/STM32CubeIDE/plugins/com.st.stm32cube.ide.mcu.externaltools.gnu-tools-for-stm32.12.3.rel1.win32_1.1.0.202410251130/tools/bin/../lib/gcc/arm-none-eabi/12.3.1/../../../../arm-none-eabi/lib/thumb/v7e-m+dp/hard\libc_nano.a
LOAD C:/ST/STM32CubeIDE_1.17.0/STM32CubeIDE/plugins/com.st.stm32cube.ide.mcu.externaltools.gnu-tools-for-stm32.12.3.rel1.win32_1.1.0.202410251130/tools/bin/../lib/gcc/arm-none-eabi/12.3.1/../../../../arm-none-eabi/lib/thumb/v7e-m+dp/hard\libnosys.a
END GROUP
LOAD C:/ST/STM32CubeIDE_1.17.0/STM32CubeIDE/plugins/com.st.stm32cube.ide.mcu.externaltools.gnu-tools-for-stm32.12.3.rel1.win32_1.1.0.202410251130/tools/bin/../lib/gcc/arm-none-eabi/12.3.1/thumb/v7e-m+dp/hard/crtend.o
LOAD C:/ST/STM32CubeIDE_1.17.0/STM32CubeIDE/plugins/com.st.stm32cube.ide.mcu.externaltools.gnu-tools-for-stm32.12.3.rel1.win32_1.1.0.202410251130/tools/bin/../lib/gcc/arm-none-eabi/12.3.1/thumb/v7e-m+dp/hard/crtn.o
                0x20080000                        _estack = (ORIGIN (RAM) + LENGTH (RAM))
                0x00000200                        _Min_Heap_Size = 0x200
                0x00000400                        _Min_Stack_Size = 0x400

.isr_vector     0x08000000      0x1f8
                0x08000000                        . = ALIGN (0x4)
 *(.isr_vector)
 .isr_vector    0x08000000      0x1f8 ./Core/Startup/startup_stm32f767zitx.o
                0x08000000                g_pfnVectors
                0x080001f8                        . = ALIGN (0x4)

.text           0x080001f8     0x52c4
                0x080001f8                        . = ALIGN (0x4)
 *(.text)
 .text          0x080001f8       0x40 C:/ST/STM32CubeIDE_1.17.0/STM32CubeIDE/plugins/com.st.stm32cube.ide.mcu.externaltools.gnu-tools-for-stm32.12.3.rel1.win32_1.1.0.202410251130/tools/bin/../lib/gcc/arm-none-eabi/12.3.1/thumb/v7e-m+dp/hard/crtbegin.o
 .text          0x08000238       0x30 C:/ST/STM32CubeIDE_1.17.0/STM32CubeIDE/plugins/com.st.stm32cube.ide.mcu.externaltools.gnu-tools-for-stm32.12.3.rel1.win32_1.1.0.202410251130/tools/bin/../lib/gcc/arm-none-eabi/12.3.1/thumb/v7e-m+dp/hard\libgcc.a(_aeabi_uldivmod.o)
                0x08000238                __aeabi_uldivmod
 .text          0x08000268      0x2bc C:/ST/STM32CubeIDE_1.17.0/STM32CubeIDE/plugins/com.st.stm32cube.ide.mcu.externaltools.gnu-tools-for-stm32.12.3.rel1.win32_1.1.0.202410251130/tools/bin/../lib/gcc/arm-none-eabi/12.3.1/thumb/v7e-m+dp/hard\libgcc.a(_udivmoddi4.o)
                0x08000268                __udivmoddi4
 .text          0x08000524        0x4 C:/ST/STM32CubeIDE_1.17.0/STM32CubeIDE/plugins/com.st.stm32cube.ide.mcu.externaltools.gnu-tools-for-stm32.12.3.rel1.win32_1.1.0.202410251130/tools/bin/../lib/gcc/arm-none-eabi/12.3.1/thumb/v7e-m+dp/hard\libgcc.a(_dvmd_tls.o)
                0x08000524                __aeabi_idiv0
                0x08000524                __aeabi_ldiv0
 *(.text*)
 .text.PWM_SetDutyCycle
                0x08000528       0x3c ./Core/Src/main.o
                0x08000528                PWM_SetDutyCycle
 .text.main     0x08000564      0x10c ./Core/Src/main.o
                0x08000564                main
 .text.SystemClock_Config
                0x08000670       0xdc ./Core/Src/main.o
                0x08000670                SystemClock_Config
 .text.MX_ADC1_Init
                0x0800074c       0xa4 ./Core/Src/main.o
 .text.MX_I2C1_Init
                0x080007f0       0x80 ./Core/Src/main.o
 .text.MX_RNG_Init
                0x08000870       0x28 ./Core/Src/main.o
 .text.MX_SPI5_Init
                0x08000898       0x7c ./Core/Src/main.o
 .text.MX_TIM1_Init
                0x08000914       0xac ./Core/Src/main.o
 .text.MX_TIM2_Init
                0x080009c0       0xec ./Core/Src/main.o
 .text.MX_GPIO_Init
                0x08000aac      0x134 ./Core/Src/main.o
 .text.MPU_Config
                0x08000be0       0x58 ./Core/Src/main.o
 .text.Error_Handler
                0x08000c38        0xc ./Core/Src/main.o
                0x08000c38                Error_Handler
 .text.HAL_MspInit
                0x08000c44       0x48 ./Core/Src/stm32f7xx_hal_msp.o
                0x08000c44                HAL_MspInit
 .text.HAL_ADC_MspInit
                0x08000c8c       0x80 ./Core/Src/stm32f7xx_hal_msp.o
                0x08000c8c                HAL_ADC_MspInit
 .text.HAL_I2C_MspInit
                0x08000d0c       0xbc ./Core/Src/stm32f7xx_hal_msp.o
                0x08000d0c                HAL_I2C_MspInit
 .text.HAL_RNG_MspInit
                0x08000dc8       0x68 ./Core/Src/stm32f7xx_hal_msp.o
                0x08000dc8                HAL_RNG_MspInit
 .text.HAL_SPI_MspInit
                0x08000e30       0x88 ./Core/Src/stm32f7xx_hal_msp.o
                0x08000e30                HAL_SPI_MspInit
 .text.HAL_TIM_Base_MspInit
                0x08000eb8       0x70 ./Core/Src/stm32f7xx_hal_msp.o
                0x08000eb8                HAL_TIM_Base_MspInit
 .text.HAL_TIM_MspPostInit
                0x08000f28       0x6c ./Core/Src/stm32f7xx_hal_msp.o
                0x08000f28                HAL_TIM_MspPostInit
 .text.NMI_Handler
                0x08000f94        0x8 ./Core/Src/stm32f7xx_it.o
                0x08000f94                NMI_Handler
 .text.HardFault_Handler
                0x08000f9c        0x8 ./Core/Src/stm32f7xx_it.o
                0x08000f9c                HardFault_Handler
 .text.MemManage_Handler
                0x08000fa4        0x8 ./Core/Src/stm32f7xx_it.o
                0x08000fa4                MemManage_Handler
 .text.BusFault_Handler
                0x08000fac        0x8 ./Core/Src/stm32f7xx_it.o
                0x08000fac                BusFault_Handler
 .text.UsageFault_Handler
                0x08000fb4        0x8 ./Core/Src/stm32f7xx_it.o
                0x08000fb4                UsageFault_Handler
 .text.SVC_Handler
                0x08000fbc        0xe ./Core/Src/stm32f7xx_it.o
                0x08000fbc                SVC_Handler
 .text.DebugMon_Handler
                0x08000fca        0xe ./Core/Src/stm32f7xx_it.o
                0x08000fca                DebugMon_Handler
 .text.PendSV_Handler
                0x08000fd8        0xe ./Core/Src/stm32f7xx_it.o
                0x08000fd8                PendSV_Handler
 .text.SysTick_Handler
                0x08000fe6        0xc ./Core/Src/stm32f7xx_it.o
                0x08000fe6                SysTick_Handler
 *fill*         0x08000ff2        0x2 
 .text.TIM2_IRQHandler
                0x08000ff4       0x14 ./Core/Src/stm32f7xx_it.o
                0x08000ff4                TIM2_IRQHandler
 .text.SystemInit
                0x08001008       0x24 ./Core/Src/system_stm32f7xx.o
                0x08001008                SystemInit
 .text.Reset_Handler
                0x0800102c       0x50 ./Core/Startup/startup_stm32f767zitx.o
                0x0800102c                Reset_Handler
 .text.Default_Handler
                0x0800107c        0x2 ./Core/Startup/startup_stm32f767zitx.o
                0x0800107c                RTC_Alarm_IRQHandler
                0x0800107c                EXTI2_IRQHandler
                0x0800107c                TIM8_CC_IRQHandler
                0x0800107c                UART8_IRQHandler
                0x0800107c                SPI4_IRQHandler
                0x0800107c                TIM1_CC_IRQHandler
                0x0800107c                DMA2_Stream5_IRQHandler
                0x0800107c                JPEG_IRQHandler
                0x0800107c                DMA1_Stream5_IRQHandler
                0x0800107c                CAN3_RX1_IRQHandler
                0x0800107c                PVD_IRQHandler
                0x0800107c                TAMP_STAMP_IRQHandler
                0x0800107c                CAN2_RX1_IRQHandler
                0x0800107c                EXTI3_IRQHandler
                0x0800107c                TIM8_TRG_COM_TIM14_IRQHandler
                0x0800107c                DFSDM1_FLT1_IRQHandler
                0x0800107c                TIM1_UP_TIM10_IRQHandler
                0x0800107c                TIM8_UP_TIM13_IRQHandler
                0x0800107c                I2C3_ER_IRQHandler
                0x0800107c                DFSDM1_FLT2_IRQHandler
                0x0800107c                EXTI0_IRQHandler
                0x0800107c                I2C2_EV_IRQHandler
                0x0800107c                DMA1_Stream2_IRQHandler
                0x0800107c                CAN1_RX0_IRQHandler
                0x0800107c                FPU_IRQHandler
                0x0800107c                OTG_HS_WKUP_IRQHandler
                0x0800107c                CAN3_SCE_IRQHandler
                0x0800107c                LTDC_ER_IRQHandler
                0x0800107c                CAN2_SCE_IRQHandler
                0x0800107c                DMA2_Stream2_IRQHandler
                0x0800107c                SPI1_IRQHandler
                0x0800107c                TIM6_DAC_IRQHandler
                0x0800107c                TIM1_BRK_TIM9_IRQHandler
                0x0800107c                DCMI_IRQHandler
                0x0800107c                CAN2_RX0_IRQHandler
                0x0800107c                DMA2_Stream3_IRQHandler
                0x0800107c                SAI2_IRQHandler
                0x0800107c                DFSDM1_FLT3_IRQHandler
                0x0800107c                USART6_IRQHandler
                0x0800107c                CAN3_RX0_IRQHandler
                0x0800107c                USART3_IRQHandler
                0x0800107c                CAN1_RX1_IRQHandler
                0x0800107c                UART5_IRQHandler
                0x0800107c                DMA2_Stream0_IRQHandler
                0x0800107c                TIM4_IRQHandler
                0x0800107c                QUADSPI_IRQHandler
                0x0800107c                I2C1_EV_IRQHandler
                0x0800107c                DMA1_Stream6_IRQHandler
                0x0800107c                DMA1_Stream1_IRQHandler
                0x0800107c                UART4_IRQHandler
                0x0800107c                TIM3_IRQHandler
                0x0800107c                RCC_IRQHandler
                0x0800107c                TIM8_BRK_TIM12_IRQHandler
                0x0800107c                Default_Handler
                0x0800107c                CEC_IRQHandler
                0x0800107c                EXTI15_10_IRQHandler
                0x0800107c                ADC_IRQHandler
                0x0800107c                DMA1_Stream7_IRQHandler
                0x0800107c                SPI5_IRQHandler
                0x0800107c                TIM7_IRQHandler
                0x0800107c                SDMMC1_IRQHandler
                0x0800107c                CAN2_TX_IRQHandler
                0x0800107c                TIM5_IRQHandler
                0x0800107c                DMA2_Stream7_IRQHandler
                0x0800107c                I2C3_EV_IRQHandler
                0x0800107c                EXTI9_5_IRQHandler
                0x0800107c                RTC_WKUP_IRQHandler
                0x0800107c                LTDC_IRQHandler
                0x0800107c                ETH_WKUP_IRQHandler
                0x0800107c                SPDIF_RX_IRQHandler
                0x0800107c                SPI2_IRQHandler
                0x0800107c                OTG_HS_EP1_IN_IRQHandler
                0x0800107c                DMA1_Stream0_IRQHandler
                0x0800107c                CAN1_TX_IRQHandler
                0x0800107c                EXTI4_IRQHandler
                0x0800107c                RNG_IRQHandler
                0x0800107c                ETH_IRQHandler
                0x0800107c                OTG_HS_EP1_OUT_IRQHandler
                0x0800107c                WWDG_IRQHandler
                0x0800107c                SPI6_IRQHandler
                0x0800107c                MDIOS_IRQHandler
                0x0800107c                I2C4_EV_IRQHandler
                0x0800107c                CAN3_TX_IRQHandler
                0x0800107c                OTG_FS_WKUP_IRQHandler
                0x0800107c                TIM1_TRG_COM_TIM11_IRQHandler
                0x0800107c                OTG_HS_IRQHandler
                0x0800107c                DMA2D_IRQHandler
                0x0800107c                EXTI1_IRQHandler
                0x0800107c                SDMMC2_IRQHandler
                0x0800107c                UART7_IRQHandler
                0x0800107c                USART2_IRQHandler
                0x0800107c                DFSDM1_FLT0_IRQHandler
                0x0800107c                I2C2_ER_IRQHandler
                0x0800107c                DMA2_Stream1_IRQHandler
                0x0800107c                CAN1_SCE_IRQHandler
                0x0800107c                FLASH_IRQHandler
                0x0800107c                DMA2_Stream4_IRQHandler
                0x0800107c                USART1_IRQHandler
                0x0800107c                OTG_FS_IRQHandler
                0x0800107c                SPI3_IRQHandler
                0x0800107c                DMA1_Stream4_IRQHandler
                0x0800107c                I2C1_ER_IRQHandler
                0x0800107c                FMC_IRQHandler
                0x0800107c                LPTIM1_IRQHandler
                0x0800107c                I2C4_ER_IRQHandler
                0x0800107c                DMA2_Stream6_IRQHandler
                0x0800107c                SAI1_IRQHandler
                0x0800107c                DMA1_Stream3_IRQHandler
 *fill*         0x0800107e        0x2 
 .text.ILI9341_SPI_Init
                0x08001080       0x18 ./Drivers/ILI9341/ILI9341_STM32_Driver.o
                0x08001080                ILI9341_SPI_Init
 .text.ILI9341_SPI_Send
                0x08001098       0x24 ./Drivers/ILI9341/ILI9341_STM32_Driver.o
                0x08001098                ILI9341_SPI_Send
 .text.ILI9341_Write_Command
                0x080010bc       0x44 ./Drivers/ILI9341/ILI9341_STM32_Driver.o
                0x080010bc                ILI9341_Write_Command
 .text.ILI9341_Write_Data
                0x08001100       0x44 ./Drivers/ILI9341/ILI9341_STM32_Driver.o
                0x08001100                ILI9341_Write_Data
 .text.ILI9341_Set_Address
                0x08001144       0x98 ./Drivers/ILI9341/ILI9341_STM32_Driver.o
                0x08001144                ILI9341_Set_Address
 .text.ILI9341_Reset
                0x080011dc       0x3c ./Drivers/ILI9341/ILI9341_STM32_Driver.o
                0x080011dc                ILI9341_Reset
 .text.ILI9341_Set_Rotation
                0x08001218       0xa4 ./Drivers/ILI9341/ILI9341_STM32_Driver.o
                0x08001218                ILI9341_Set_Rotation
 .text.ILI9341_Enable
                0x080012bc       0x18 ./Drivers/ILI9341/ILI9341_STM32_Driver.o
                0x080012bc                ILI9341_Enable
 .text.ILI9341_Init
                0x080012d4      0x21a ./Drivers/ILI9341/ILI9341_STM32_Driver.o
                0x080012d4                ILI9341_Init
 *fill*         0x080014ee        0x2 
 .text.ILI9341_Draw_Colour_Burst
                0x080014f0      0x13c ./Drivers/ILI9341/ILI9341_STM32_Driver.o
                0x080014f0                ILI9341_Draw_Colour_Burst
 .text.ILI9341_Fill_Screen
                0x0800162c       0x4c ./Drivers/ILI9341/ILI9341_STM32_Driver.o
                0x0800162c                ILI9341_Fill_Screen
 .text.HAL_Init
                0x08001678       0x1a ./Drivers/STM32F7xx_HAL_Driver/stm32f7xx_hal.o
                0x08001678                HAL_Init
 *fill*         0x08001692        0x2 
 .text.HAL_InitTick
                0x08001694       0x60 ./Drivers/STM32F7xx_HAL_Driver/stm32f7xx_hal.o
                0x08001694                HAL_InitTick
 .text.HAL_IncTick
                0x080016f4       0x28 ./Drivers/STM32F7xx_HAL_Driver/stm32f7xx_hal.o
                0x080016f4                HAL_IncTick
 .text.HAL_GetTick
                0x0800171c       0x18 ./Drivers/STM32F7xx_HAL_Driver/stm32f7xx_hal.o
                0x0800171c                HAL_GetTick
 .text.HAL_Delay
                0x08001734       0x48 ./Drivers/STM32F7xx_HAL_Driver/stm32f7xx_hal.o
                0x08001734                HAL_Delay
 .text.HAL_ADC_Init
                0x0800177c       0x88 ./Drivers/STM32F7xx_HAL_Driver/stm32f7xx_hal_adc.o
                0x0800177c                HAL_ADC_Init
 .text.HAL_ADC_Start
                0x08001804      0x19c ./Drivers/STM32F7xx_HAL_Driver/stm32f7xx_hal_adc.o
                0x08001804                HAL_ADC_Start
 .text.HAL_ADC_PollForConversion
                0x080019a0      0x116 ./Drivers/STM32F7xx_HAL_Driver/stm32f7xx_hal_adc.o
                0x080019a0                HAL_ADC_PollForConversion
 .text.HAL_ADC_GetValue
                0x08001ab6       0x1a ./Drivers/STM32F7xx_HAL_Driver/stm32f7xx_hal_adc.o
                0x08001ab6                HAL_ADC_GetValue
 .text.HAL_ADC_ConfigChannel
                0x08001ad0      0x2ac ./Drivers/STM32F7xx_HAL_Driver/stm32f7xx_hal_adc.o
                0x08001ad0                HAL_ADC_ConfigChannel
 .text.ADC_Init
                0x08001d7c      0x1f4 ./Drivers/STM32F7xx_HAL_Driver/stm32f7xx_hal_adc.o
 .text.__NVIC_SetPriorityGrouping
                0x08001f70       0x48 ./Drivers/STM32F7xx_HAL_Driver/stm32f7xx_hal_cortex.o
 .text.__NVIC_GetPriorityGrouping
                0x08001fb8       0x1c ./Drivers/STM32F7xx_HAL_Driver/stm32f7xx_hal_cortex.o
 .text.__NVIC_EnableIRQ
                0x08001fd4       0x3c ./Drivers/STM32F7xx_HAL_Driver/stm32f7xx_hal_cortex.o
 .text.__NVIC_SetPriority
                0x08002010       0x54 ./Drivers/STM32F7xx_HAL_Driver/stm32f7xx_hal_cortex.o
 .text.NVIC_EncodePriority
                0x08002064       0x66 ./Drivers/STM32F7xx_HAL_Driver/stm32f7xx_hal_cortex.o
 *fill*         0x080020ca        0x2 
 .text.SysTick_Config
                0x080020cc       0x44 ./Drivers/STM32F7xx_HAL_Driver/stm32f7xx_hal_cortex.o
 .text.HAL_NVIC_SetPriorityGrouping
                0x08002110       0x16 ./Drivers/STM32F7xx_HAL_Driver/stm32f7xx_hal_cortex.o
                0x08002110                HAL_NVIC_SetPriorityGrouping
 .text.HAL_NVIC_SetPriority
                0x08002126       0x38 ./Drivers/STM32F7xx_HAL_Driver/stm32f7xx_hal_cortex.o
                0x08002126                HAL_NVIC_SetPriority
 .text.HAL_NVIC_EnableIRQ
                0x0800215e       0x1c ./Drivers/STM32F7xx_HAL_Driver/stm32f7xx_hal_cortex.o
                0x0800215e                HAL_NVIC_EnableIRQ
 .text.HAL_SYSTICK_Config
                0x0800217a       0x18 ./Drivers/STM32F7xx_HAL_Driver/stm32f7xx_hal_cortex.o
                0x0800217a                HAL_SYSTICK_Config
 *fill*         0x08002192        0x2 
 .text.HAL_MPU_Disable
                0x08002194       0x30 ./Drivers/STM32F7xx_HAL_Driver/stm32f7xx_hal_cortex.o
                0x08002194                HAL_MPU_Disable
 .text.HAL_MPU_Enable
                0x080021c4       0x40 ./Drivers/STM32F7xx_HAL_Driver/stm32f7xx_hal_cortex.o
                0x080021c4                HAL_MPU_Enable
 .text.HAL_MPU_ConfigRegion
                0x08002204       0x80 ./Drivers/STM32F7xx_HAL_Driver/stm32f7xx_hal_cortex.o
                0x08002204                HAL_MPU_ConfigRegion
 .text.HAL_GPIO_Init
                0x08002284      0x358 ./Drivers/STM32F7xx_HAL_Driver/stm32f7xx_hal_gpio.o
                0x08002284                HAL_GPIO_Init
 .text.HAL_GPIO_WritePin
                0x080025dc       0x32 ./Drivers/STM32F7xx_HAL_Driver/stm32f7xx_hal_gpio.o
                0x080025dc                HAL_GPIO_WritePin
 *fill*         0x0800260e        0x2 
 .text.HAL_I2C_Init
                0x08002610      0x138 ./Drivers/STM32F7xx_HAL_Driver/stm32f7xx_hal_i2c.o
                0x08002610                HAL_I2C_Init
 .text.HAL_I2CEx_ConfigAnalogFilter
                0x08002748       0x96 ./Drivers/STM32F7xx_HAL_Driver/stm32f7xx_hal_i2c_ex.o
                0x08002748                HAL_I2CEx_ConfigAnalogFilter
 .text.HAL_I2CEx_ConfigDigitalFilter
                0x080027de       0x98 ./Drivers/STM32F7xx_HAL_Driver/stm32f7xx_hal_i2c_ex.o
                0x080027de                HAL_I2CEx_ConfigDigitalFilter
 *fill*         0x08002876        0x2 
 .text.HAL_PWREx_EnableOverDrive
                0x08002878       0xa0 ./Drivers/STM32F7xx_HAL_Driver/stm32f7xx_hal_pwr_ex.o
                0x08002878                HAL_PWREx_EnableOverDrive
 .text.HAL_RCC_OscConfig
                0x08002918      0x55c ./Drivers/STM32F7xx_HAL_Driver/stm32f7xx_hal_rcc.o
                0x08002918                HAL_RCC_OscConfig
 .text.HAL_RCC_ClockConfig
                0x08002e74      0x1d8 ./Drivers/STM32F7xx_HAL_Driver/stm32f7xx_hal_rcc.o
                0x08002e74                HAL_RCC_ClockConfig
 .text.HAL_RCC_GetSysClockFreq
                0x0800304c      0x18c ./Drivers/STM32F7xx_HAL_Driver/stm32f7xx_hal_rcc.o
                0x0800304c                HAL_RCC_GetSysClockFreq
 .text.HAL_RCCEx_PeriphCLKConfig
                0x080031d8      0x850 ./Drivers/STM32F7xx_HAL_Driver/stm32f7xx_hal_rcc_ex.o
                0x080031d8                HAL_RCCEx_PeriphCLKConfig
 .text.HAL_RNG_Init
                0x08003a28       0x54 ./Drivers/STM32F7xx_HAL_Driver/stm32f7xx_hal_rng.o
                0x08003a28                HAL_RNG_Init
 .text.HAL_SPI_Init
                0x08003a7c      0x156 ./Drivers/STM32F7xx_HAL_Driver/stm32f7xx_hal_spi.o
                0x08003a7c                HAL_SPI_Init
 .text.HAL_SPI_Transmit
                0x08003bd2      0x2ea ./Drivers/STM32F7xx_HAL_Driver/stm32f7xx_hal_spi.o
                0x08003bd2                HAL_SPI_Transmit
 .text.SPI_WaitFlagStateUntilTimeout
                0x08003ebc      0x110 ./Drivers/STM32F7xx_HAL_Driver/stm32f7xx_hal_spi.o
 .text.SPI_WaitFifoStateUntilTimeout
                0x08003fcc      0x12c ./Drivers/STM32F7xx_HAL_Driver/stm32f7xx_hal_spi.o
 .text.SPI_EndRxTxTransaction
                0x080040f8       0xd4 ./Drivers/STM32F7xx_HAL_Driver/stm32f7xx_hal_spi.o
 .text.HAL_TIM_Base_Init
                0x080041cc       0xae ./Drivers/STM32F7xx_HAL_Driver/stm32f7xx_hal_tim.o
                0x080041cc                HAL_TIM_Base_Init
 .text.HAL_TIM_PWM_Init
                0x0800427a       0xae ./Drivers/STM32F7xx_HAL_Driver/stm32f7xx_hal_tim.o
                0x0800427a                HAL_TIM_PWM_Init
 .text.HAL_TIM_PWM_MspInit
                0x08004328       0x14 ./Drivers/STM32F7xx_HAL_Driver/stm32f7xx_hal_tim.o
                0x08004328                HAL_TIM_PWM_MspInit
 .text.HAL_TIM_PWM_Start
                0x0800433c      0x1f4 ./Drivers/STM32F7xx_HAL_Driver/stm32f7xx_hal_tim.o
                0x0800433c                HAL_TIM_PWM_Start
 .text.HAL_TIM_IRQHandler
                0x08004530      0x20e ./Drivers/STM32F7xx_HAL_Driver/stm32f7xx_hal_tim.o
                0x08004530                HAL_TIM_IRQHandler
 *fill*         0x0800473e        0x2 
 .text.HAL_TIM_PWM_ConfigChannel
                0x08004740      0x228 ./Drivers/STM32F7xx_HAL_Driver/stm32f7xx_hal_tim.o
                0x08004740                HAL_TIM_PWM_ConfigChannel
 .text.HAL_TIM_ConfigClockSource
                0x08004968      0x194 ./Drivers/STM32F7xx_HAL_Driver/stm32f7xx_hal_tim.o
                0x08004968                HAL_TIM_ConfigClockSource
 .text.HAL_TIM_PeriodElapsedCallback
                0x08004afc       0x14 ./Drivers/STM32F7xx_HAL_Driver/stm32f7xx_hal_tim.o
                0x08004afc                HAL_TIM_PeriodElapsedCallback
 .text.HAL_TIM_OC_DelayElapsedCallback
                0x08004b10       0x14 ./Drivers/STM32F7xx_HAL_Driver/stm32f7xx_hal_tim.o
                0x08004b10                HAL_TIM_OC_DelayElapsedCallback
 .text.HAL_TIM_IC_CaptureCallback
                0x08004b24       0x14 ./Drivers/STM32F7xx_HAL_Driver/stm32f7xx_hal_tim.o
                0x08004b24                HAL_TIM_IC_CaptureCallback
 .text.HAL_TIM_PWM_PulseFinishedCallback
                0x08004b38       0x14 ./Drivers/STM32F7xx_HAL_Driver/stm32f7xx_hal_tim.o
                0x08004b38                HAL_TIM_PWM_PulseFinishedCallback
 .text.HAL_TIM_TriggerCallback
                0x08004b4c       0x14 ./Drivers/STM32F7xx_HAL_Driver/stm32f7xx_hal_tim.o
                0x08004b4c                HAL_TIM_TriggerCallback
 .text.TIM_Base_SetConfig
                0x08004b60      0x158 ./Drivers/STM32F7xx_HAL_Driver/stm32f7xx_hal_tim.o
                0x08004b60                TIM_Base_SetConfig
 .text.TIM_OC1_SetConfig
                0x08004cb8       0xe4 ./Drivers/STM32F7xx_HAL_Driver/stm32f7xx_hal_tim.o
 .text.TIM_OC2_SetConfig
                0x08004d9c       0xf0 ./Drivers/STM32F7xx_HAL_Driver/stm32f7xx_hal_tim.o
                0x08004d9c                TIM_OC2_SetConfig
 .text.TIM_OC3_SetConfig
                0x08004e8c       0xec ./Drivers/STM32F7xx_HAL_Driver/stm32f7xx_hal_tim.o
 .text.TIM_OC4_SetConfig
                0x08004f78       0xb0 ./Drivers/STM32F7xx_HAL_Driver/stm32f7xx_hal_tim.o
 .text.TIM_OC5_SetConfig
                0x08005028       0xa4 ./Drivers/STM32F7xx_HAL_Driver/stm32f7xx_hal_tim.o
 .text.TIM_OC6_SetConfig
                0x080050cc       0xa8 ./Drivers/STM32F7xx_HAL_Driver/stm32f7xx_hal_tim.o
 .text.TIM_TI1_ConfigInputStage
                0x08005174       0x5e ./Drivers/STM32F7xx_HAL_Driver/stm32f7xx_hal_tim.o
 .text.TIM_TI2_ConfigInputStage
                0x080051d2       0x60 ./Drivers/STM32F7xx_HAL_Driver/stm32f7xx_hal_tim.o
 .text.TIM_ITRx_SetConfig
                0x08005232       0x36 ./Drivers/STM32F7xx_HAL_Driver/stm32f7xx_hal_tim.o
 .text.TIM_ETR_SetConfig
                0x08005268       0x40 ./Drivers/STM32F7xx_HAL_Driver/stm32f7xx_hal_tim.o
                0x08005268                TIM_ETR_SetConfig
 .text.TIM_CCxChannelCmd
                0x080052a8       0x4a ./Drivers/STM32F7xx_HAL_Driver/stm32f7xx_hal_tim.o
                0x080052a8                TIM_CCxChannelCmd
 *fill*         0x080052f2        0x2 
 .text.HAL_TIMEx_MasterConfigSynchronization
                0x080052f4      0x11c ./Drivers/STM32F7xx_HAL_Driver/stm32f7xx_hal_tim_ex.o
                0x080052f4                HAL_TIMEx_MasterConfigSynchronization
 .text.HAL_TIMEx_CommutCallback
                0x08005410       0x14 ./Drivers/STM32F7xx_HAL_Driver/stm32f7xx_hal_tim_ex.o
                0x08005410                HAL_TIMEx_CommutCallback
 .text.HAL_TIMEx_BreakCallback
                0x08005424       0x14 ./Drivers/STM32F7xx_HAL_Driver/stm32f7xx_hal_tim_ex.o
                0x08005424                HAL_TIMEx_BreakCallback
 .text.HAL_TIMEx_Break2Callback
                0x08005438       0x14 ./Drivers/STM32F7xx_HAL_Driver/stm32f7xx_hal_tim_ex.o
                0x08005438                HAL_TIMEx_Break2Callback
 .text.memset   0x0800544c       0x10 C:/ST/STM32CubeIDE_1.17.0/STM32CubeIDE/plugins/com.st.stm32cube.ide.mcu.externaltools.gnu-tools-for-stm32.12.3.rel1.win32_1.1.0.202410251130/tools/bin/../lib/gcc/arm-none-eabi/12.3.1/../../../../arm-none-eabi/lib/thumb/v7e-m+dp/hard\libc_nano.a(libc_a-memset.o)
                0x0800544c                memset
 .text.__libc_init_array
                0x0800545c       0x48 C:/ST/STM32CubeIDE_1.17.0/STM32CubeIDE/plugins/com.st.stm32cube.ide.mcu.externaltools.gnu-tools-for-stm32.12.3.rel1.win32_1.1.0.202410251130/tools/bin/../lib/gcc/arm-none-eabi/12.3.1/../../../../arm-none-eabi/lib/thumb/v7e-m+dp/hard\libc_nano.a(libc_a-init.o)
                0x0800545c                __libc_init_array
 *(.glue_7)
 .glue_7        0x080054a4        0x0 linker stubs
 *(.glue_7t)
 .glue_7t       0x080054a4        0x0 linker stubs
 *(.eh_frame)
 .eh_frame      0x080054a4        0x0 C:/ST/STM32CubeIDE_1.17.0/STM32CubeIDE/plugins/com.st.stm32cube.ide.mcu.externaltools.gnu-tools-for-stm32.12.3.rel1.win32_1.1.0.202410251130/tools/bin/../lib/gcc/arm-none-eabi/12.3.1/thumb/v7e-m+dp/hard/crtbegin.o
 *(.init)
 .init          0x080054a4        0x4 C:/ST/STM32CubeIDE_1.17.0/STM32CubeIDE/plugins/com.st.stm32cube.ide.mcu.externaltools.gnu-tools-for-stm32.12.3.rel1.win32_1.1.0.202410251130/tools/bin/../lib/gcc/arm-none-eabi/12.3.1/thumb/v7e-m+dp/hard/crti.o
                0x080054a4                _init
 .init          0x080054a8        0x8 C:/ST/STM32CubeIDE_1.17.0/STM32CubeIDE/plugins/com.st.stm32cube.ide.mcu.externaltools.gnu-tools-for-stm32.12.3.rel1.win32_1.1.0.202410251130/tools/bin/../lib/gcc/arm-none-eabi/12.3.1/thumb/v7e-m+dp/hard/crtn.o
 *(.fini)
 .fini          0x080054b0        0x4 C:/ST/STM32CubeIDE_1.17.0/STM32CubeIDE/plugins/com.st.stm32cube.ide.mcu.externaltools.gnu-tools-for-stm32.12.3.rel1.win32_1.1.0.202410251130/tools/bin/../lib/gcc/arm-none-eabi/12.3.1/thumb/v7e-m+dp/hard/crti.o
                0x080054b0                _fini
 .fini          0x080054b4        0x8 C:/ST/STM32CubeIDE_1.17.0/STM32CubeIDE/plugins/com.st.stm32cube.ide.mcu.externaltools.gnu-tools-for-stm32.12.3.rel1.win32_1.1.0.202410251130/tools/bin/../lib/gcc/arm-none-eabi/12.3.1/thumb/v7e-m+dp/hard/crtn.o
                0x080054bc                        . = ALIGN (0x4)
                0x080054bc                        _etext = .

.vfp11_veneer   0x080054bc        0x0
 .vfp11_veneer  0x080054bc        0x0 linker stubs

.v4_bx          0x080054bc        0x0
 .v4_bx         0x080054bc        0x0 linker stubs

.iplt           0x080054bc        0x0
 .iplt          0x080054bc        0x0 C:/ST/STM32CubeIDE_1.17.0/STM32CubeIDE/plugins/com.st.stm32cube.ide.mcu.externaltools.gnu-tools-for-stm32.12.3.rel1.win32_1.1.0.202410251130/tools/bin/../lib/gcc/arm-none-eabi/12.3.1/thumb/v7e-m+dp/hard/crtbegin.o

.rodata         0x080054bc       0x10
                0x080054bc                        . = ALIGN (0x4)
 *(.rodata)
 *(.rodata*)
 .rodata.AHBPrescTable
                0x080054bc       0x10 ./Core/Src/system_stm32f7xx.o
                0x080054bc                AHBPrescTable
                0x080054cc                        . = ALIGN (0x4)

.ARM.extab      0x080054cc        0x0
                0x080054cc                        . = ALIGN (0x4)
 *(.ARM.extab* .gnu.linkonce.armextab.*)
                0x080054cc                        . = ALIGN (0x4)

.ARM            0x080054cc        0x8
                0x080054cc                        . = ALIGN (0x4)
                0x080054cc                        __exidx_start = .
 *(.ARM.exidx*)
 .ARM.exidx     0x080054cc        0x8 C:/ST/STM32CubeIDE_1.17.0/STM32CubeIDE/plugins/com.st.stm32cube.ide.mcu.externaltools.gnu-tools-for-stm32.12.3.rel1.win32_1.1.0.202410251130/tools/bin/../lib/gcc/arm-none-eabi/12.3.1/thumb/v7e-m+dp/hard\libgcc.a(_udivmoddi4.o)
                0x080054d4                        __exidx_end = .
                0x080054d4                        . = ALIGN (0x4)

.preinit_array  0x080054d4        0x0
                0x080054d4                        . = ALIGN (0x4)
                0x080054d4                        PROVIDE (__preinit_array_start = .)
 *(.preinit_array*)
                0x080054d4                        PROVIDE (__preinit_array_end = .)
                0x080054d4                        . = ALIGN (0x4)

.init_array     0x080054d4        0x4
                0x080054d4                        . = ALIGN (0x4)
                0x080054d4                        PROVIDE (__init_array_start = .)
 *(SORT_BY_NAME(.init_array.*))
 *(.init_array*)
 .init_array    0x080054d4        0x4 C:/ST/STM32CubeIDE_1.17.0/STM32CubeIDE/plugins/com.st.stm32cube.ide.mcu.externaltools.gnu-tools-for-stm32.12.3.rel1.win32_1.1.0.202410251130/tools/bin/../lib/gcc/arm-none-eabi/12.3.1/thumb/v7e-m+dp/hard/crtbegin.o
                0x080054d8                        PROVIDE (__init_array_end = .)
                0x080054d8                        . = ALIGN (0x4)

.fini_array     0x080054d8        0x4
                0x080054d8                        . = ALIGN (0x4)
                [!provide]                        PROVIDE (__fini_array_start = .)
 *(SORT_BY_NAME(.fini_array.*))
 *(.fini_array*)
 .fini_array    0x080054d8        0x4 C:/ST/STM32CubeIDE_1.17.0/STM32CubeIDE/plugins/com.st.stm32cube.ide.mcu.externaltools.gnu-tools-for-stm32.12.3.rel1.win32_1.1.0.202410251130/tools/bin/../lib/gcc/arm-none-eabi/12.3.1/thumb/v7e-m+dp/hard/crtbegin.o
                [!provide]                        PROVIDE (__fini_array_end = .)
                0x080054dc                        . = ALIGN (0x4)
                0x080054dc                        _sidata = LOADADDR (.data)

.rel.dyn        0x080054dc        0x0
 .rel.iplt      0x080054dc        0x0 C:/ST/STM32CubeIDE_1.17.0/STM32CubeIDE/plugins/com.st.stm32cube.ide.mcu.externaltools.gnu-tools-for-stm32.12.3.rel1.win32_1.1.0.202410251130/tools/bin/../lib/gcc/arm-none-eabi/12.3.1/thumb/v7e-m+dp/hard/crtbegin.o

.data           0x20000000       0x14 load address 0x080054dc
                0x20000000                        . = ALIGN (0x4)
                0x20000000                        _sdata = .
 *(.data)
 *(.data*)
 .data.DutyCycle
                0x20000000        0x4 ./Core/Src/main.o
                0x20000000                DutyCycle
 .data.SystemCoreClock
                0x20000004        0x4 ./Core/Src/system_stm32f7xx.o
                0x20000004                SystemCoreClock
 .data.LCD_HEIGHT
                0x20000008        0x2 ./Drivers/ILI9341/ILI9341_STM32_Driver.o
                0x20000008                LCD_HEIGHT
 .data.LCD_WIDTH
                0x2000000a        0x2 ./Drivers/ILI9341/ILI9341_STM32_Driver.o
                0x2000000a                LCD_WIDTH
 .data.uwTickPrio
                0x2000000c        0x4 ./Drivers/STM32F7xx_HAL_Driver/stm32f7xx_hal.o
                0x2000000c                uwTickPrio
 .data.uwTickFreq
                0x20000010        0x1 ./Drivers/STM32F7xx_HAL_Driver/stm32f7xx_hal.o
                0x20000010                uwTickFreq
 *(.RamFunc)
 *(.RamFunc*)
                0x20000014                        . = ALIGN (0x4)
 *fill*         0x20000011        0x3 
                0x20000014                        _edata = .

.igot.plt       0x20000014        0x0 load address 0x080054f0
 .igot.plt      0x20000014        0x0 C:/ST/STM32CubeIDE_1.17.0/STM32CubeIDE/plugins/com.st.stm32cube.ide.mcu.externaltools.gnu-tools-for-stm32.12.3.rel1.win32_1.1.0.202410251130/tools/bin/../lib/gcc/arm-none-eabi/12.3.1/thumb/v7e-m+dp/hard/crtbegin.o
                0x20000014                        . = ALIGN (0x4)

.bss            0x20000014      0x1c8 load address 0x080054f0
                0x20000014                        _sbss = .
                0x20000014                        __bss_start__ = _sbss
 *(.bss)
 .bss           0x20000014       0x1c C:/ST/STM32CubeIDE_1.17.0/STM32CubeIDE/plugins/com.st.stm32cube.ide.mcu.externaltools.gnu-tools-for-stm32.12.3.rel1.win32_1.1.0.202410251130/tools/bin/../lib/gcc/arm-none-eabi/12.3.1/thumb/v7e-m+dp/hard/crtbegin.o
 *(.bss*)
 .bss.hadc1     0x20000030       0x48 ./Core/Src/main.o
                0x20000030                hadc1
 .bss.hi2c1     0x20000078       0x54 ./Core/Src/main.o
                0x20000078                hi2c1
 .bss.hrng      0x200000cc       0x10 ./Core/Src/main.o
                0x200000cc                hrng
 .bss.hspi5     0x200000dc       0x64 ./Core/Src/main.o
                0x200000dc                hspi5
 .bss.htim1     0x20000140       0x4c ./Core/Src/main.o
                0x20000140                htim1
 .bss.htim2     0x2000018c       0x4c ./Core/Src/main.o
                0x2000018c                htim2
 .bss.uwTick    0x200001d8        0x4 ./Drivers/STM32F7xx_HAL_Driver/stm32f7xx_hal.o
                0x200001d8                uwTick
 *(COMMON)
                0x200001dc                        . = ALIGN (0x4)
                0x200001dc                        _ebss = .
                0x200001dc                        __bss_end__ = _ebss

._user_heap_stack
                0x200001dc      0x604 load address 0x080054f0
                0x200001e0                        . = ALIGN (0x8)
 *fill*         0x200001dc        0x4 
                [!provide]                        PROVIDE (end = .)
                0x200001e0                        PROVIDE (_end = .)
                0x200003e0                        . = (. + _Min_Heap_Size)
 *fill*         0x200001e0      0x200 
                0x200007e0                        . = (. + _Min_Stack_Size)
 *fill*         0x200003e0      0x400 
                0x200007e0                        . = ALIGN (0x8)

/DISCARD/
 libc.a(*)
 libm.a(*)
 libgcc.a(*)

.ARM.attributes
                0x00000000       0x2e
 *(.ARM.attributes)
 .ARM.attributes
                0x00000000       0x20 C:/ST/STM32CubeIDE_1.17.0/STM32CubeIDE/plugins/com.st.stm32cube.ide.mcu.externaltools.gnu-tools-for-stm32.12.3.rel1.win32_1.1.0.202410251130/tools/bin/../lib/gcc/arm-none-eabi/12.3.1/thumb/v7e-m+dp/hard/crti.o
 .ARM.attributes
                0x00000020       0x32 C:/ST/STM32CubeIDE_1.17.0/STM32CubeIDE/plugins/com.st.stm32cube.ide.mcu.externaltools.gnu-tools-for-stm32.12.3.rel1.win32_1.1.0.202410251130/tools/bin/../lib/gcc/arm-none-eabi/12.3.1/thumb/v7e-m+dp/hard/crtbegin.o
 .ARM.attributes
                0x00000052       0x32 ./Core/Src/main.o
 .ARM.attributes
                0x00000084       0x32 ./Core/Src/stm32f7xx_hal_msp.o
 .ARM.attributes
                0x000000b6       0x32 ./Core/Src/stm32f7xx_it.o
 .ARM.attributes
                0x000000e8       0x32 ./Core/Src/system_stm32f7xx.o
 .ARM.attributes
                0x0000011a       0x21 ./Core/Startup/startup_stm32f767zitx.o
 .ARM.attributes
                0x0000013b       0x32 ./Drivers/ILI9341/ILI9341_STM32_Driver.o
 .ARM.attributes
                0x0000016d       0x32 ./Drivers/STM32F7xx_HAL_Driver/stm32f7xx_hal.o
 .ARM.attributes
                0x0000019f       0x32 ./Drivers/STM32F7xx_HAL_Driver/stm32f7xx_hal_adc.o
 .ARM.attributes
                0x000001d1       0x32 ./Drivers/STM32F7xx_HAL_Driver/stm32f7xx_hal_cortex.o
 .ARM.attributes
                0x00000203       0x32 ./Drivers/STM32F7xx_HAL_Driver/stm32f7xx_hal_gpio.o
 .ARM.attributes
                0x00000235       0x32 ./Drivers/STM32F7xx_HAL_Driver/stm32f7xx_hal_i2c.o
 .ARM.attributes
                0x00000267       0x32 ./Drivers/STM32F7xx_HAL_Driver/stm32f7xx_hal_i2c_ex.o
 .ARM.attributes
                0x00000299       0x32 ./Drivers/STM32F7xx_HAL_Driver/stm32f7xx_hal_pwr_ex.o
 .ARM.attributes
                0x000002cb       0x32 ./Drivers/STM32F7xx_HAL_Driver/stm32f7xx_hal_rcc.o
 .ARM.attributes
                0x000002fd       0x32 ./Drivers/STM32F7xx_HAL_Driver/stm32f7xx_hal_rcc_ex.o
 .ARM.attributes
                0x0000032f       0x32 ./Drivers/STM32F7xx_HAL_Driver/stm32f7xx_hal_rng.o
 .ARM.attributes
                0x00000361       0x32 ./Drivers/STM32F7xx_HAL_Driver/stm32f7xx_hal_spi.o
 .ARM.attributes
                0x00000393       0x32 ./Drivers/STM32F7xx_HAL_Driver/stm32f7xx_hal_tim.o
 .ARM.attributes
                0x000003c5       0x32 ./Drivers/STM32F7xx_HAL_Driver/stm32f7xx_hal_tim_ex.o
 .ARM.attributes
                0x000003f7       0x32 C:/ST/STM32CubeIDE_1.17.0/STM32CubeIDE/plugins/com.st.stm32cube.ide.mcu.externaltools.gnu-tools-for-stm32.12.3.rel1.win32_1.1.0.202410251130/tools/bin/../lib/gcc/arm-none-eabi/12.3.1/../../../../arm-none-eabi/lib/thumb/v7e-m+dp/hard\libc_nano.a(libc_a-memset.o)
 .ARM.attributes
                0x00000429       0x32 C:/ST/STM32CubeIDE_1.17.0/STM32CubeIDE/plugins/com.st.stm32cube.ide.mcu.externaltools.gnu-tools-for-stm32.12.3.rel1.win32_1.1.0.202410251130/tools/bin/../lib/gcc/arm-none-eabi/12.3.1/../../../../arm-none-eabi/lib/thumb/v7e-m+dp/hard\libc_nano.a(libc_a-init.o)
 .ARM.attributes
                0x0000045b       0x20 C:/ST/STM32CubeIDE_1.17.0/STM32CubeIDE/plugins/com.st.stm32cube.ide.mcu.externaltools.gnu-tools-for-stm32.12.3.rel1.win32_1.1.0.202410251130/tools/bin/../lib/gcc/arm-none-eabi/12.3.1/thumb/v7e-m+dp/hard\libgcc.a(_aeabi_uldivmod.o)
 .ARM.attributes
                0x0000047b       0x32 C:/ST/STM32CubeIDE_1.17.0/STM32CubeIDE/plugins/com.st.stm32cube.ide.mcu.externaltools.gnu-tools-for-stm32.12.3.rel1.win32_1.1.0.202410251130/tools/bin/../lib/gcc/arm-none-eabi/12.3.1/thumb/v7e-m+dp/hard\libgcc.a(_udivmoddi4.o)
 .ARM.attributes
                0x000004ad       0x20 C:/ST/STM32CubeIDE_1.17.0/STM32CubeIDE/plugins/com.st.stm32cube.ide.mcu.externaltools.gnu-tools-for-stm32.12.3.rel1.win32_1.1.0.202410251130/tools/bin/../lib/gcc/arm-none-eabi/12.3.1/thumb/v7e-m+dp/hard\libgcc.a(_dvmd_tls.o)
 .ARM.attributes
                0x000004cd       0x20 C:/ST/STM32CubeIDE_1.17.0/STM32CubeIDE/plugins/com.st.stm32cube.ide.mcu.externaltools.gnu-tools-for-stm32.12.3.rel1.win32_1.1.0.202410251130/tools/bin/../lib/gcc/arm-none-eabi/12.3.1/thumb/v7e-m+dp/hard/crtn.o
OUTPUT(L1.elf elf32-littlearm)
LOAD linker stubs
LOAD C:/ST/STM32CubeIDE_1.17.0/STM32CubeIDE/plugins/com.st.stm32cube.ide.mcu.externaltools.gnu-tools-for-stm32.12.3.rel1.win32_1.1.0.202410251130/tools/bin/../lib/gcc/arm-none-eabi/12.3.1/../../../../arm-none-eabi/lib/thumb/v7e-m+dp/hard\libc.a
LOAD C:/ST/STM32CubeIDE_1.17.0/STM32CubeIDE/plugins/com.st.stm32cube.ide.mcu.externaltools.gnu-tools-for-stm32.12.3.rel1.win32_1.1.0.202410251130/tools/bin/../lib/gcc/arm-none-eabi/12.3.1/../../../../arm-none-eabi/lib/thumb/v7e-m+dp/hard\libm.a
LOAD C:/ST/STM32CubeIDE_1.17.0/STM32CubeIDE/plugins/com.st.stm32cube.ide.mcu.externaltools.gnu-tools-for-stm32.12.3.rel1.win32_1.1.0.202410251130/tools/bin/../lib/gcc/arm-none-eabi/12.3.1/thumb/v7e-m+dp/hard\libgcc.a

.debug_info     0x00000000    0x11edd
 .debug_info    0x00000000     0x1c9a ./Core/Src/main.o
 .debug_info    0x00001c9a     0x1b55 ./Core/Src/stm32f7xx_hal_msp.o
 .debug_info    0x000037ef      0x744 ./Core/Src/stm32f7xx_it.o
 .debug_info    0x00003f33      0x6ed ./Core/Src/system_stm32f7xx.o
 .debug_info    0x00004620       0x30 ./Core/Startup/startup_stm32f767zitx.o
 .debug_info    0x00004650      0xb02 ./Drivers/ILI9341/ILI9341_STM32_Driver.o
 .debug_info    0x00005152      0xa4c ./Drivers/STM32F7xx_HAL_Driver/stm32f7xx_hal.o
 .debug_info    0x00005b9e      0xc83 ./Drivers/STM32F7xx_HAL_Driver/stm32f7xx_hal_adc.o
 .debug_info    0x00006821      0xfc0 ./Drivers/STM32F7xx_HAL_Driver/stm32f7xx_hal_cortex.o
 .debug_info    0x000077e1      0x6f3 ./Drivers/STM32F7xx_HAL_Driver/stm32f7xx_hal_gpio.o
 .debug_info    0x00007ed4     0x2138 ./Drivers/STM32F7xx_HAL_Driver/stm32f7xx_hal_i2c.o
 .debug_info    0x0000a00c      0x92e ./Drivers/STM32F7xx_HAL_Driver/stm32f7xx_hal_i2c_ex.o
 .debug_info    0x0000a93a      0x8cd ./Drivers/STM32F7xx_HAL_Driver/stm32f7xx_hal_pwr_ex.o
 .debug_info    0x0000b207      0x937 ./Drivers/STM32F7xx_HAL_Driver/stm32f7xx_hal_rcc.o
 .debug_info    0x0000bb3e      0x6e1 ./Drivers/STM32F7xx_HAL_Driver/stm32f7xx_hal_rcc_ex.o
 .debug_info    0x0000c21f      0x493 ./Drivers/STM32F7xx_HAL_Driver/stm32f7xx_hal_rng.o
 .debug_info    0x0000c6b2     0x169b ./Drivers/STM32F7xx_HAL_Driver/stm32f7xx_hal_spi.o
 .debug_info    0x0000dd4d     0x2ad5 ./Drivers/STM32F7xx_HAL_Driver/stm32f7xx_hal_tim.o
 .debug_info    0x00010822     0x16bb ./Drivers/STM32F7xx_HAL_Driver/stm32f7xx_hal_tim_ex.o

.debug_abbrev   0x00000000     0x2819
 .debug_abbrev  0x00000000      0x363 ./Core/Src/main.o
 .debug_abbrev  0x00000363      0x268 ./Core/Src/stm32f7xx_hal_msp.o
 .debug_abbrev  0x000005cb      0x192 ./Core/Src/stm32f7xx_it.o
 .debug_abbrev  0x0000075d      0x13b ./Core/Src/system_stm32f7xx.o
 .debug_abbrev  0x00000898       0x24 ./Core/Startup/startup_stm32f767zitx.o
 .debug_abbrev  0x000008bc      0x266 ./Drivers/ILI9341/ILI9341_STM32_Driver.o
 .debug_abbrev  0x00000b22      0x213 ./Drivers/STM32F7xx_HAL_Driver/stm32f7xx_hal.o
 .debug_abbrev  0x00000d35      0x252 ./Drivers/STM32F7xx_HAL_Driver/stm32f7xx_hal_adc.o
 .debug_abbrev  0x00000f87      0x31e ./Drivers/STM32F7xx_HAL_Driver/stm32f7xx_hal_cortex.o
 .debug_abbrev  0x000012a5      0x1d4 ./Drivers/STM32F7xx_HAL_Driver/stm32f7xx_hal_gpio.o
 .debug_abbrev  0x00001479      0x260 ./Drivers/STM32F7xx_HAL_Driver/stm32f7xx_hal_i2c.o
 .debug_abbrev  0x000016d9      0x19c ./Drivers/STM32F7xx_HAL_Driver/stm32f7xx_hal_i2c_ex.o
 .debug_abbrev  0x00001875      0x1d5 ./Drivers/STM32F7xx_HAL_Driver/stm32f7xx_hal_pwr_ex.o
 .debug_abbrev  0x00001a4a      0x2de ./Drivers/STM32F7xx_HAL_Driver/stm32f7xx_hal_rcc.o
 .debug_abbrev  0x00001d28      0x1c9 ./Drivers/STM32F7xx_HAL_Driver/stm32f7xx_hal_rcc_ex.o
 .debug_abbrev  0x00001ef1      0x1c4 ./Drivers/STM32F7xx_HAL_Driver/stm32f7xx_hal_rng.o
 .debug_abbrev  0x000020b5      0x269 ./Drivers/STM32F7xx_HAL_Driver/stm32f7xx_hal_spi.o
 .debug_abbrev  0x0000231e      0x278 ./Drivers/STM32F7xx_HAL_Driver/stm32f7xx_hal_tim.o
 .debug_abbrev  0x00002596      0x283 ./Drivers/STM32F7xx_HAL_Driver/stm32f7xx_hal_tim_ex.o

.debug_aranges  0x00000000     0x11b0
 .debug_aranges
                0x00000000       0x80 ./Core/Src/main.o
 .debug_aranges
                0x00000080       0x78 ./Core/Src/stm32f7xx_hal_msp.o
 .debug_aranges
                0x000000f8       0x68 ./Core/Src/stm32f7xx_it.o
 .debug_aranges
                0x00000160       0x28 ./Core/Src/system_stm32f7xx.o
 .debug_aranges
                0x00000188       0x28 ./Core/Startup/startup_stm32f767zitx.o
 .debug_aranges
                0x000001b0       0x98 ./Drivers/ILI9341/ILI9341_STM32_Driver.o
 .debug_aranges
                0x00000248      0x110 ./Drivers/STM32F7xx_HAL_Driver/stm32f7xx_hal.o
 .debug_aranges
                0x00000358       0xe8 ./Drivers/STM32F7xx_HAL_Driver/stm32f7xx_hal_adc.o
 .debug_aranges
                0x00000440      0x128 ./Drivers/STM32F7xx_HAL_Driver/stm32f7xx_hal_cortex.o
 .debug_aranges
                0x00000568       0x58 ./Drivers/STM32F7xx_HAL_Driver/stm32f7xx_hal_gpio.o
 .debug_aranges
                0x000005c0      0x2a0 ./Drivers/STM32F7xx_HAL_Driver/stm32f7xx_hal_i2c.o
 .debug_aranges
                0x00000860       0x38 ./Drivers/STM32F7xx_HAL_Driver/stm32f7xx_hal_i2c_ex.o
 .debug_aranges
                0x00000898       0x80 ./Drivers/STM32F7xx_HAL_Driver/stm32f7xx_hal_pwr_ex.o
 .debug_aranges
                0x00000918       0x88 ./Drivers/STM32F7xx_HAL_Driver/stm32f7xx_hal_rcc.o
 .debug_aranges
                0x000009a0       0x50 ./Drivers/STM32F7xx_HAL_Driver/stm32f7xx_hal_rcc_ex.o
 .debug_aranges
                0x000009f0       0x88 ./Drivers/STM32F7xx_HAL_Driver/stm32f7xx_hal_rng.o
 .debug_aranges
                0x00000a78      0x1d8 ./Drivers/STM32F7xx_HAL_Driver/stm32f7xx_hal_spi.o
 .debug_aranges
                0x00000c50      0x3e0 ./Drivers/STM32F7xx_HAL_Driver/stm32f7xx_hal_tim.o
 .debug_aranges
                0x00001030      0x180 ./Drivers/STM32F7xx_HAL_Driver/stm32f7xx_hal_tim_ex.o

.debug_rnglists
                0x00000000      0xdcc
 .debug_rnglists
                0x00000000       0x62 ./Core/Src/main.o
 .debug_rnglists
                0x00000062       0x58 ./Core/Src/stm32f7xx_hal_msp.o
 .debug_rnglists
                0x000000ba       0x49 ./Core/Src/stm32f7xx_it.o
 .debug_rnglists
                0x00000103       0x1a ./Core/Src/system_stm32f7xx.o
 .debug_rnglists
                0x0000011d       0x19 ./Core/Startup/startup_stm32f767zitx.o
 .debug_rnglists
                0x00000136       0x75 ./Drivers/ILI9341/ILI9341_STM32_Driver.o
 .debug_rnglists
                0x000001ab       0xc7 ./Drivers/STM32F7xx_HAL_Driver/stm32f7xx_hal.o
 .debug_rnglists
                0x00000272       0xb5 ./Drivers/STM32F7xx_HAL_Driver/stm32f7xx_hal_adc.o
 .debug_rnglists
                0x00000327       0xda ./Drivers/STM32F7xx_HAL_Driver/stm32f7xx_hal_cortex.o
 .debug_rnglists
                0x00000401       0x3f ./Drivers/STM32F7xx_HAL_Driver/stm32f7xx_hal_gpio.o
 .debug_rnglists
                0x00000440      0x228 ./Drivers/STM32F7xx_HAL_Driver/stm32f7xx_hal_i2c.o
 .debug_rnglists
                0x00000668       0x27 ./Drivers/STM32F7xx_HAL_Driver/stm32f7xx_hal_i2c_ex.o
 .debug_rnglists
                0x0000068f       0x5f ./Drivers/STM32F7xx_HAL_Driver/stm32f7xx_hal_pwr_ex.o
 .debug_rnglists
                0x000006ee       0x67 ./Drivers/STM32F7xx_HAL_Driver/stm32f7xx_hal_rcc.o
 .debug_rnglists
                0x00000755       0x3c ./Drivers/STM32F7xx_HAL_Driver/stm32f7xx_hal_rcc_ex.o
 .debug_rnglists
                0x00000791       0x63 ./Drivers/STM32F7xx_HAL_Driver/stm32f7xx_hal_rng.o
 .debug_rnglists
                0x000007f4      0x178 ./Drivers/STM32F7xx_HAL_Driver/stm32f7xx_hal_spi.o
 .debug_rnglists
                0x0000096c      0x328 ./Drivers/STM32F7xx_HAL_Driver/stm32f7xx_hal_tim.o
 .debug_rnglists
                0x00000c94      0x138 ./Drivers/STM32F7xx_HAL_Driver/stm32f7xx_hal_tim_ex.o

.debug_macro    0x00000000    0x28be0
 .debug_macro   0x00000000      0x339 ./Core/Src/main.o
 .debug_macro   0x00000339      0xacc ./Core/Src/main.o
 .debug_macro   0x00000e05      0x29f ./Core/Src/main.o
 .debug_macro   0x000010a4       0x2e ./Core/Src/main.o
 .debug_macro   0x000010d2       0x3b ./Core/Src/main.o
 .debug_macro   0x0000110d       0x22 ./Core/Src/main.o
 .debug_macro   0x0000112f       0x8e ./Core/Src/main.o
 .debug_macro   0x000011bd       0x51 ./Core/Src/main.o
 .debug_macro   0x0000120e      0x103 ./Core/Src/main.o
 .debug_macro   0x00001311       0x6a ./Core/Src/main.o
 .debug_macro   0x0000137b      0x1df ./Core/Src/main.o
 .debug_macro   0x0000155a       0x1c ./Core/Src/main.o
 .debug_macro   0x00001576       0x22 ./Core/Src/main.o
 .debug_macro   0x00001598       0xd9 ./Core/Src/main.o
 .debug_macro   0x00001671     0x12cd ./Core/Src/main.o
 .debug_macro   0x0000293e      0x11f ./Core/Src/main.o
 .debug_macro   0x00002a5d       0x19 ./Core/Src/main.o
 .debug_macro   0x00002a76    0x1aa23 ./Core/Src/main.o
 .debug_macro   0x0001d499       0x6d ./Core/Src/main.o
 .debug_macro   0x0001d506     0x3765 ./Core/Src/main.o
 .debug_macro   0x00020c6b      0x189 ./Core/Src/main.o
 .debug_macro   0x00020df4       0x63 ./Core/Src/main.o
 .debug_macro   0x00020e57     0x1add ./Core/Src/main.o
 .debug_macro   0x00022934      0x6c4 ./Core/Src/main.o
 .debug_macro   0x00022ff8      0x18b ./Core/Src/main.o
 .debug_macro   0x00023183      0x115 ./Core/Src/main.o
 .debug_macro   0x00023298      0x26e ./Core/Src/main.o
 .debug_macro   0x00023506       0xa5 ./Core/Src/main.o
 .debug_macro   0x000235ab      0x24f ./Core/Src/main.o
 .debug_macro   0x000237fa       0x71 ./Core/Src/main.o
 .debug_macro   0x0002386b       0x58 ./Core/Src/main.o
 .debug_macro   0x000238c3      0x236 ./Core/Src/main.o
 .debug_macro   0x00023af9      0x416 ./Core/Src/main.o
 .debug_macro   0x00023f0f      0x153 ./Core/Src/main.o
 .debug_macro   0x00024062      0x107 ./Core/Src/main.o
 .debug_macro   0x00024169      0x14e ./Core/Src/main.o
 .debug_macro   0x000242b7      0x3db ./Core/Src/main.o
 .debug_macro   0x00024692       0x12 ./Core/Src/main.o
 .debug_macro   0x000246a4      0x22c ./Core/Src/main.o
 .debug_macro   0x000248d0       0x61 ./Core/Src/main.o
 .debug_macro   0x00024931       0xa5 ./Core/Src/main.o
 .debug_macro   0x000249d6      0x12e ./Core/Src/main.o
 .debug_macro   0x00024b04      0x108 ./Core/Src/main.o
 .debug_macro   0x00024c0c       0x35 ./Core/Src/main.o
 .debug_macro   0x00024c41       0xa4 ./Core/Src/main.o
 .debug_macro   0x00024ce5      0x2fe ./Core/Src/main.o
 .debug_macro   0x00024fe3      0xa91 ./Core/Src/main.o
 .debug_macro   0x00025a74       0xa9 ./Core/Src/main.o
 .debug_macro   0x00025b1d      0x15b ./Core/Src/main.o
 .debug_macro   0x00025c78       0x64 ./Core/Src/main.o
 .debug_macro   0x00025cdc       0x95 ./Core/Src/main.o
 .debug_macro   0x00025d71       0xd6 ./Core/Src/main.o
 .debug_macro   0x00025e47       0x16 ./Core/Src/main.o
 .debug_macro   0x00025e5d       0x61 ./Core/Src/main.o
 .debug_macro   0x00025ebe       0x29 ./Core/Src/main.o
 .debug_macro   0x00025ee7       0x43 ./Core/Src/main.o
 .debug_macro   0x00025f2a       0x34 ./Core/Src/main.o
 .debug_macro   0x00025f5e       0x16 ./Core/Src/main.o
 .debug_macro   0x00025f74       0x35 ./Core/Src/main.o
 .debug_macro   0x00025fa9      0x369 ./Core/Src/main.o
 .debug_macro   0x00026312       0x10 ./Core/Src/main.o
 .debug_macro   0x00026322       0x16 ./Core/Src/main.o
 .debug_macro   0x00026338       0x43 ./Core/Src/main.o
 .debug_macro   0x0002637b       0x34 ./Core/Src/main.o
 .debug_macro   0x000263af       0x10 ./Core/Src/main.o
 .debug_macro   0x000263bf       0x58 ./Core/Src/main.o
 .debug_macro   0x00026417       0x8e ./Core/Src/main.o
 .debug_macro   0x000264a5       0x1c ./Core/Src/main.o
 .debug_macro   0x000264c1      0x177 ./Core/Src/main.o
 .debug_macro   0x00026638       0x16 ./Core/Src/main.o
 .debug_macro   0x0002664e       0x16 ./Core/Src/main.o
 .debug_macro   0x00026664      0x146 ./Core/Src/main.o
 .debug_macro   0x000267aa       0x16 ./Core/Src/main.o
 .debug_macro   0x000267c0       0x20 ./Core/Src/main.o
 .debug_macro   0x000267e0      0x216 ./Core/Src/stm32f7xx_hal_msp.o
 .debug_macro   0x000269f6      0x220 ./Core/Src/stm32f7xx_it.o
 .debug_macro   0x00026c16      0x207 ./Core/Src/system_stm32f7xx.o
 .debug_macro   0x00026e1d      0x21f ./Drivers/ILI9341/ILI9341_STM32_Driver.o
 .debug_macro   0x0002703c      0x22b ./Drivers/STM32F7xx_HAL_Driver/stm32f7xx_hal.o
 .debug_macro   0x00027267      0x208 ./Drivers/STM32F7xx_HAL_Driver/stm32f7xx_hal_adc.o
 .debug_macro   0x0002746f      0x207 ./Drivers/STM32F7xx_HAL_Driver/stm32f7xx_hal_cortex.o
 .debug_macro   0x00027676      0x20d ./Drivers/STM32F7xx_HAL_Driver/stm32f7xx_hal_gpio.o
 .debug_macro   0x00027883      0x2d3 ./Drivers/STM32F7xx_HAL_Driver/stm32f7xx_hal_i2c.o
 .debug_macro   0x00027b56      0x207 ./Drivers/STM32F7xx_HAL_Driver/stm32f7xx_hal_i2c_ex.o
 .debug_macro   0x00027d5d      0x21f ./Drivers/STM32F7xx_HAL_Driver/stm32f7xx_hal_pwr_ex.o
 .debug_macro   0x00027f7c      0x22b ./Drivers/STM32F7xx_HAL_Driver/stm32f7xx_hal_rcc.o
 .debug_macro   0x000281a7      0x207 ./Drivers/STM32F7xx_HAL_Driver/stm32f7xx_hal_rcc_ex.o
 .debug_macro   0x000283ae      0x20d ./Drivers/STM32F7xx_HAL_Driver/stm32f7xx_hal_rng.o
 .debug_macro   0x000285bb      0x216 ./Drivers/STM32F7xx_HAL_Driver/stm32f7xx_hal_spi.o
 .debug_macro   0x000287d1      0x208 ./Drivers/STM32F7xx_HAL_Driver/stm32f7xx_hal_tim.o
 .debug_macro   0x000289d9      0x207 ./Drivers/STM32F7xx_HAL_Driver/stm32f7xx_hal_tim_ex.o

.debug_line     0x00000000    0x16ff0
 .debug_line    0x00000000      0xe4b ./Core/Src/main.o
 .debug_line    0x00000e4b      0xa69 ./Core/Src/stm32f7xx_hal_msp.o
 .debug_line    0x000018b4      0x976 ./Core/Src/stm32f7xx_it.o
 .debug_line    0x0000222a      0x91e ./Core/Src/system_stm32f7xx.o
 .debug_line    0x00002b48       0x7a ./Core/Startup/startup_stm32f767zitx.o
 .debug_line    0x00002bc2      0xc0a ./Drivers/ILI9341/ILI9341_STM32_Driver.o
 .debug_line    0x000037cc      0xc27 ./Drivers/STM32F7xx_HAL_Driver/stm32f7xx_hal.o
 .debug_line    0x000043f3     0x142f ./Drivers/STM32F7xx_HAL_Driver/stm32f7xx_hal_adc.o
 .debug_line    0x00005822      0xe99 ./Drivers/STM32F7xx_HAL_Driver/stm32f7xx_hal_cortex.o
 .debug_line    0x000066bb      0xd7d ./Drivers/STM32F7xx_HAL_Driver/stm32f7xx_hal_gpio.o
 .debug_line    0x00007438     0x3c2b ./Drivers/STM32F7xx_HAL_Driver/stm32f7xx_hal_i2c.o
 .debug_line    0x0000b063      0xa10 ./Drivers/STM32F7xx_HAL_Driver/stm32f7xx_hal_i2c_ex.o
 .debug_line    0x0000ba73      0xb7b ./Drivers/STM32F7xx_HAL_Driver/stm32f7xx_hal_pwr_ex.o
 .debug_line    0x0000c5ee     0x1055 ./Drivers/STM32F7xx_HAL_Driver/stm32f7xx_hal_rcc.o
 .debug_line    0x0000d643     0x102e ./Drivers/STM32F7xx_HAL_Driver/stm32f7xx_hal_rcc_ex.o
 .debug_line    0x0000e671      0xb51 ./Drivers/STM32F7xx_HAL_Driver/stm32f7xx_hal_rng.o
 .debug_line    0x0000f1c2     0x21c1 ./Drivers/STM32F7xx_HAL_Driver/stm32f7xx_hal_spi.o
 .debug_line    0x00011383     0x3eb1 ./Drivers/STM32F7xx_HAL_Driver/stm32f7xx_hal_tim.o
 .debug_line    0x00015234     0x1dbc ./Drivers/STM32F7xx_HAL_Driver/stm32f7xx_hal_tim_ex.o

.debug_str      0x00000000    0xff6f4
 .debug_str     0x00000000    0xface9 ./Core/Src/main.o
                              0xfb5ed (size before relaxing)
 .debug_str     0x000face9      0xa29 ./Core/Src/stm32f7xx_hal_msp.o
                              0xf7e1c (size before relaxing)
 .debug_str     0x000fb712       0xec ./Core/Src/stm32f7xx_it.o
                              0xf6bd2 (size before relaxing)
 .debug_str     0x000fb7fe      0x1a4 ./Core/Src/system_stm32f7xx.o
                              0xf66f7 (size before relaxing)
 .debug_str     0x000fb9a2       0x44 ./Core/Startup/startup_stm32f767zitx.o
                                 0x64 (size before relaxing)
 .debug_str     0x000fb9e6      0x211 ./Drivers/ILI9341/ILI9341_STM32_Driver.o
                              0xf6f52 (size before relaxing)
 .debug_str     0x000fbbf7      0x459 ./Drivers/STM32F7xx_HAL_Driver/stm32f7xx_hal.o
                              0xf7170 (size before relaxing)
 .debug_str     0x000fc050      0x2bd ./Drivers/STM32F7xx_HAL_Driver/stm32f7xx_hal_adc.o
                              0xf6c29 (size before relaxing)
 .debug_str     0x000fc30d      0x2e2 ./Drivers/STM32F7xx_HAL_Driver/stm32f7xx_hal_cortex.o
                              0xf7152 (size before relaxing)
 .debug_str     0x000fc5ef      0x143 ./Drivers/STM32F7xx_HAL_Driver/stm32f7xx_hal_gpio.o
                              0xf67ee (size before relaxing)
 .debug_str     0x000fc732      0xe37 ./Drivers/STM32F7xx_HAL_Driver/stm32f7xx_hal_i2c.o
                              0xf7943 (size before relaxing)
 .debug_str     0x000fd569       0xc2 ./Drivers/STM32F7xx_HAL_Driver/stm32f7xx_hal_i2c_ex.o
                              0xf6bc2 (size before relaxing)
 .debug_str     0x000fd62b      0x20a ./Drivers/STM32F7xx_HAL_Driver/stm32f7xx_hal_pwr_ex.o
                              0xf699f (size before relaxing)
 .debug_str     0x000fd835      0x28e ./Drivers/STM32F7xx_HAL_Driver/stm32f7xx_hal_rcc.o
                              0xf6aab (size before relaxing)
 .debug_str     0x000fdac3      0x180 ./Drivers/STM32F7xx_HAL_Driver/stm32f7xx_hal_rcc_ex.o
                              0xf6a0e (size before relaxing)
 .debug_str     0x000fdc43      0x1a1 ./Drivers/STM32F7xx_HAL_Driver/stm32f7xx_hal_rng.o
                              0xf674a (size before relaxing)
 .debug_str     0x000fdde4      0x5ab ./Drivers/STM32F7xx_HAL_Driver/stm32f7xx_hal_spi.o
                              0xf6f70 (size before relaxing)
 .debug_str     0x000fe38f      0xdb2 ./Drivers/STM32F7xx_HAL_Driver/stm32f7xx_hal_tim.o
                              0xf7a53 (size before relaxing)
 .debug_str     0x000ff141      0x5b3 ./Drivers/STM32F7xx_HAL_Driver/stm32f7xx_hal_tim_ex.o
                              0xf7359 (size before relaxing)

.comment        0x00000000       0x43
 .comment       0x00000000       0x43 ./Core/Src/main.o
                                 0x44 (size before relaxing)
 .comment       0x00000043       0x44 ./Core/Src/stm32f7xx_hal_msp.o
 .comment       0x00000043       0x44 ./Core/Src/stm32f7xx_it.o
 .comment       0x00000043       0x44 ./Core/Src/system_stm32f7xx.o
 .comment       0x00000043       0x44 ./Drivers/ILI9341/ILI9341_STM32_Driver.o
 .comment       0x00000043       0x44 ./Drivers/STM32F7xx_HAL_Driver/stm32f7xx_hal.o
 .comment       0x00000043       0x44 ./Drivers/STM32F7xx_HAL_Driver/stm32f7xx_hal_adc.o
 .comment       0x00000043       0x44 ./Drivers/STM32F7xx_HAL_Driver/stm32f7xx_hal_cortex.o
 .comment       0x00000043       0x44 ./Drivers/STM32F7xx_HAL_Driver/stm32f7xx_hal_gpio.o
 .comment       0x00000043       0x44 ./Drivers/STM32F7xx_HAL_Driver/stm32f7xx_hal_i2c.o
 .comment       0x00000043       0x44 ./Drivers/STM32F7xx_HAL_Driver/stm32f7xx_hal_i2c_ex.o
 .comment       0x00000043       0x44 ./Drivers/STM32F7xx_HAL_Driver/stm32f7xx_hal_pwr_ex.o
 .comment       0x00000043       0x44 ./Drivers/STM32F7xx_HAL_Driver/stm32f7xx_hal_rcc.o
 .comment       0x00000043       0x44 ./Drivers/STM32F7xx_HAL_Driver/stm32f7xx_hal_rcc_ex.o
 .comment       0x00000043       0x44 ./Drivers/STM32F7xx_HAL_Driver/stm32f7xx_hal_rng.o
 .comment       0x00000043       0x44 ./Drivers/STM32F7xx_HAL_Driver/stm32f7xx_hal_spi.o
 .comment       0x00000043       0x44 ./Drivers/STM32F7xx_HAL_Driver/stm32f7xx_hal_tim.o
 .comment       0x00000043       0x44 ./Drivers/STM32F7xx_HAL_Driver/stm32f7xx_hal_tim_ex.o

.debug_frame    0x00000000     0x4b38
 .debug_frame   0x00000000      0x1c4 ./Core/Src/main.o
 .debug_frame   0x000001c4      0x1c8 ./Core/Src/stm32f7xx_hal_msp.o
 .debug_frame   0x0000038c      0x120 ./Core/Src/stm32f7xx_it.o
 .debug_frame   0x000004ac       0x58 ./Core/Src/system_stm32f7xx.o
 .debug_frame   0x00000504      0x24c ./Drivers/ILI9341/ILI9341_STM32_Driver.o
 .debug_frame   0x00000750      0x3f4 ./Drivers/STM32F7xx_HAL_Driver/stm32f7xx_hal.o
 .debug_frame   0x00000b44      0x3fc ./Drivers/STM32F7xx_HAL_Driver/stm32f7xx_hal_adc.o
 .debug_frame   0x00000f40      0x4e8 ./Drivers/STM32F7xx_HAL_Driver/stm32f7xx_hal_cortex.o
 .debug_frame   0x00001428      0x14c ./Drivers/STM32F7xx_HAL_Driver/stm32f7xx_hal_gpio.o
 .debug_frame   0x00001574      0xc38 ./Drivers/STM32F7xx_HAL_Driver/stm32f7xx_hal_i2c.o
 .debug_frame   0x000021ac       0xb0 ./Drivers/STM32F7xx_HAL_Driver/stm32f7xx_hal_i2c_ex.o
 .debug_frame   0x0000225c      0x1c8 ./Drivers/STM32F7xx_HAL_Driver/stm32f7xx_hal_pwr_ex.o
 .debug_frame   0x00002424      0x1f8 ./Drivers/STM32F7xx_HAL_Driver/stm32f7xx_hal_rcc.o
 .debug_frame   0x0000261c      0x118 ./Drivers/STM32F7xx_HAL_Driver/stm32f7xx_hal_rcc_ex.o
 .debug_frame   0x00002734      0x22c ./Drivers/STM32F7xx_HAL_Driver/stm32f7xx_hal_rng.o
 .debug_frame   0x00002960      0x860 ./Drivers/STM32F7xx_HAL_Driver/stm32f7xx_hal_spi.o
 .debug_frame   0x000031c0     0x121c ./Drivers/STM32F7xx_HAL_Driver/stm32f7xx_hal_tim.o
 .debug_frame   0x000043dc      0x6b0 ./Drivers/STM32F7xx_HAL_Driver/stm32f7xx_hal_tim_ex.o
 .debug_frame   0x00004a8c       0x20 C:/ST/STM32CubeIDE_1.17.0/STM32CubeIDE/plugins/com.st.stm32cube.ide.mcu.externaltools.gnu-tools-for-stm32.12.3.rel1.win32_1.1.0.202410251130/tools/bin/../lib/gcc/arm-none-eabi/12.3.1/../../../../arm-none-eabi/lib/thumb/v7e-m+dp/hard\libc_nano.a(libc_a-memset.o)
 .debug_frame   0x00004aac       0x2c C:/ST/STM32CubeIDE_1.17.0/STM32CubeIDE/plugins/com.st.stm32cube.ide.mcu.externaltools.gnu-tools-for-stm32.12.3.rel1.win32_1.1.0.202410251130/tools/bin/../lib/gcc/arm-none-eabi/12.3.1/../../../../arm-none-eabi/lib/thumb/v7e-m+dp/hard\libc_nano.a(libc_a-init.o)
 .debug_frame   0x00004ad8       0x2c C:/ST/STM32CubeIDE_1.17.0/STM32CubeIDE/plugins/com.st.stm32cube.ide.mcu.externaltools.gnu-tools-for-stm32.12.3.rel1.win32_1.1.0.202410251130/tools/bin/../lib/gcc/arm-none-eabi/12.3.1/thumb/v7e-m+dp/hard\libgcc.a(_aeabi_uldivmod.o)
 .debug_frame   0x00004b04       0x34 C:/ST/STM32CubeIDE_1.17.0/STM32CubeIDE/plugins/com.st.stm32cube.ide.mcu.externaltools.gnu-tools-for-stm32.12.3.rel1.win32_1.1.0.202410251130/tools/bin/../lib/gcc/arm-none-eabi/12.3.1/thumb/v7e-m+dp/hard\libgcc.a(_udivmoddi4.o)

.debug_line_str
                0x00000000       0x48
 .debug_line_str
                0x00000000       0x48 ./Core/Startup/startup_stm32f767zitx.o
