Archive member included to satisfy reference by file (symbol)

C:/ST/STM32CubeIDE_1.17.0/STM32CubeIDE/plugins/com.st.stm32cube.ide.mcu.externaltools.gnu-tools-for-stm32.12.3.rel1.win32_1.1.0.202410251130/tools/bin/../lib/gcc/arm-none-eabi/12.3.1/../../../../arm-none-eabi/lib/thumb/v7e-m+dp/hard\libc_nano.a(libc_a-exit.o)
                              C:/ST/STM32CubeIDE_1.17.0/STM32CubeIDE/plugins/com.st.stm32cube.ide.mcu.externaltools.gnu-tools-for-stm32.12.3.rel1.win32_1.1.0.202410251130/tools/bin/../lib/gcc/arm-none-eabi/12.3.1/../../../../arm-none-eabi/lib/thumb/v7e-m+dp/hard/crt0.o (exit)
C:/ST/STM32CubeIDE_1.17.0/STM32CubeIDE/plugins/com.st.stm32cube.ide.mcu.externaltools.gnu-tools-for-stm32.12.3.rel1.win32_1.1.0.202410251130/tools/bin/../lib/gcc/arm-none-eabi/12.3.1/../../../../arm-none-eabi/lib/thumb/v7e-m+dp/hard\libc_nano.a(libc_a-findfp.o)
                              C:/ST/STM32CubeIDE_1.17.0/STM32CubeIDE/plugins/com.st.stm32cube.ide.mcu.externaltools.gnu-tools-for-stm32.12.3.rel1.win32_1.1.0.202410251130/tools/bin/../lib/gcc/arm-none-eabi/12.3.1/../../../../arm-none-eabi/lib/thumb/v7e-m+dp/hard\libc_nano.a(libc_a-exit.o) (__stdio_exit_handler)
C:/ST/STM32CubeIDE_1.17.0/STM32CubeIDE/plugins/com.st.stm32cube.ide.mcu.externaltools.gnu-tools-for-stm32.12.3.rel1.win32_1.1.0.202410251130/tools/bin/../lib/gcc/arm-none-eabi/12.3.1/../../../../arm-none-eabi/lib/thumb/v7e-m+dp/hard\libc_nano.a(libc_a-fwalk.o)
                              C:/ST/STM32CubeIDE_1.17.0/STM32CubeIDE/plugins/com.st.stm32cube.ide.mcu.externaltools.gnu-tools-for-stm32.12.3.rel1.win32_1.1.0.202410251130/tools/bin/../lib/gcc/arm-none-eabi/12.3.1/../../../../arm-none-eabi/lib/thumb/v7e-m+dp/hard\libc_nano.a(libc_a-findfp.o) (_fwalk_sglue)
C:/ST/STM32CubeIDE_1.17.0/STM32CubeIDE/plugins/com.st.stm32cube.ide.mcu.externaltools.gnu-tools-for-stm32.12.3.rel1.win32_1.1.0.202410251130/tools/bin/../lib/gcc/arm-none-eabi/12.3.1/../../../../arm-none-eabi/lib/thumb/v7e-m+dp/hard\libc_nano.a(libc_a-stdio.o)
                              C:/ST/STM32CubeIDE_1.17.0/STM32CubeIDE/plugins/com.st.stm32cube.ide.mcu.externaltools.gnu-tools-for-stm32.12.3.rel1.win32_1.1.0.202410251130/tools/bin/../lib/gcc/arm-none-eabi/12.3.1/../../../../arm-none-eabi/lib/thumb/v7e-m+dp/hard\libc_nano.a(libc_a-findfp.o) (__sread)
C:/ST/STM32CubeIDE_1.17.0/STM32CubeIDE/plugins/com.st.stm32cube.ide.mcu.externaltools.gnu-tools-for-stm32.12.3.rel1.win32_1.1.0.202410251130/tools/bin/../lib/gcc/arm-none-eabi/12.3.1/../../../../arm-none-eabi/lib/thumb/v7e-m+dp/hard\libc_nano.a(libc_a-memset.o)
                              C:/ST/STM32CubeIDE_1.17.0/STM32CubeIDE/plugins/com.st.stm32cube.ide.mcu.externaltools.gnu-tools-for-stm32.12.3.rel1.win32_1.1.0.202410251130/tools/bin/../lib/gcc/arm-none-eabi/12.3.1/../../../../arm-none-eabi/lib/thumb/v7e-m+dp/hard/crt0.o (memset)
C:/ST/STM32CubeIDE_1.17.0/STM32CubeIDE/plugins/com.st.stm32cube.ide.mcu.externaltools.gnu-tools-for-stm32.12.3.rel1.win32_1.1.0.202410251130/tools/bin/../lib/gcc/arm-none-eabi/12.3.1/../../../../arm-none-eabi/lib/thumb/v7e-m+dp/hard\libc_nano.a(libc_a-closer.o)
                              C:/ST/STM32CubeIDE_1.17.0/STM32CubeIDE/plugins/com.st.stm32cube.ide.mcu.externaltools.gnu-tools-for-stm32.12.3.rel1.win32_1.1.0.202410251130/tools/bin/../lib/gcc/arm-none-eabi/12.3.1/../../../../arm-none-eabi/lib/thumb/v7e-m+dp/hard\libc_nano.a(libc_a-stdio.o) (_close_r)
C:/ST/STM32CubeIDE_1.17.0/STM32CubeIDE/plugins/com.st.stm32cube.ide.mcu.externaltools.gnu-tools-for-stm32.12.3.rel1.win32_1.1.0.202410251130/tools/bin/../lib/gcc/arm-none-eabi/12.3.1/../../../../arm-none-eabi/lib/thumb/v7e-m+dp/hard\libc_nano.a(libc_a-reent.o)
                              C:/ST/STM32CubeIDE_1.17.0/STM32CubeIDE/plugins/com.st.stm32cube.ide.mcu.externaltools.gnu-tools-for-stm32.12.3.rel1.win32_1.1.0.202410251130/tools/bin/../lib/gcc/arm-none-eabi/12.3.1/../../../../arm-none-eabi/lib/thumb/v7e-m+dp/hard\libc_nano.a(libc_a-closer.o) (errno)
C:/ST/STM32CubeIDE_1.17.0/STM32CubeIDE/plugins/com.st.stm32cube.ide.mcu.externaltools.gnu-tools-for-stm32.12.3.rel1.win32_1.1.0.202410251130/tools/bin/../lib/gcc/arm-none-eabi/12.3.1/../../../../arm-none-eabi/lib/thumb/v7e-m+dp/hard\libc_nano.a(libc_a-impure.o)
                              C:/ST/STM32CubeIDE_1.17.0/STM32CubeIDE/plugins/com.st.stm32cube.ide.mcu.externaltools.gnu-tools-for-stm32.12.3.rel1.win32_1.1.0.202410251130/tools/bin/../lib/gcc/arm-none-eabi/12.3.1/../../../../arm-none-eabi/lib/thumb/v7e-m+dp/hard\libc_nano.a(libc_a-reent.o) (_impure_ptr)
C:/ST/STM32CubeIDE_1.17.0/STM32CubeIDE/plugins/com.st.stm32cube.ide.mcu.externaltools.gnu-tools-for-stm32.12.3.rel1.win32_1.1.0.202410251130/tools/bin/../lib/gcc/arm-none-eabi/12.3.1/../../../../arm-none-eabi/lib/thumb/v7e-m+dp/hard\libc_nano.a(libc_a-lseekr.o)
[...]
Memory Configuration

Name             Origin             Length             Attributes
RAM              0x20000000         0x00080000         xrw
FLASH            0x08000000         0x00200000         xr
*default*        0x00000000         0xffffffff

Linker script and memory map

LOAD C:/ST/STM32CubeIDE_1.17.0/STM32CubeIDE/plugins/com.st.stm32cube.ide.mcu.externaltools.gnu-tools-for-stm32.12.3.rel1.win32_1.1.0.202410251130/tools/bin/../lib/gcc/arm-none-eabi/12.3.1/thumb/v7e-m+dp/hard/crti.o
LOAD C:/ST/STM32CubeIDE_1.17.0/STM32CubeIDE/plugins/com.st.stm32cube.ide.mcu.externaltools.gnu-tools-for-stm32.12.3.rel1.win32_1.1.0.202410251130/tools/bin/../lib/gcc/arm-none-eabi/12.3.1/thumb/v7e-m+dp/hard/crtbegin.o
LOAD C:/ST/STM32CubeIDE_1.17.0/STM32CubeIDE/plugins/com.st.stm32cube.ide.mcu.externaltools.gnu-tools-for-stm32.12.3.rel1.win32_1.1.0.202410251130/tools/bin/../lib/gcc/arm-none-eabi/12.3.1/../../../../arm-none-eabi/lib/thumb/v7e-m+dp/hard/crt0.o
LOAD ./Core/Src/led.o
LOAD ./Core/Src/main.o
LOAD ./Core/Src/stm32f7xx_hal_msp.o
LOAD ./Core/Src/stm32f7xx_it.o
LOAD ./Core/Src/syscalls.o
LOAD ./Core/Src/sysmem.o
LOAD ./Core/Src/system_stm32f7xx.o
LOAD ./Core/Startup/startup_stm32f767zitx.o
LOAD ./Drivers/STM32F7xx_HAL_Driver/stm32f7xx_hal.o
LOAD ./Drivers/STM32F7xx_HAL_Driver/stm32f7xx_hal_cortex.o
LOAD ./Drivers/STM32F7xx_HAL_Driver/stm32f7xx_hal_dma.o
LOAD ./Drivers/STM32F7xx_HAL_Driver/stm32f7xx_hal_dma_ex.o
LOAD ./Drivers/STM32F7xx_HAL_Driver/stm32f7xx_hal_exti.o
LOAD ./Drivers/STM32F7xx_HAL_Driver/stm32f7xx_hal_flash.o
LOAD ./Drivers/STM32F7xx_HAL_Driver/stm32f7xx_hal_flash_ex.o
LOAD ./Drivers/STM32F7xx_HAL_Driver/stm32f7xx_hal_gpio.o
LOAD ./Drivers/STM32F7xx_HAL_Driver/stm32f7xx_hal_i2c.o
LOAD ./Drivers/STM32F7xx_HAL_Driver/stm32f7xx_hal_i2c_ex.o
LOAD ./Drivers/STM32F7xx_HAL_Driver/stm32f7xx_hal_pwr.o
LOAD ./Drivers/STM32F7xx_HAL_Driver/stm32f7xx_hal_pwr_ex.o
LOAD ./Drivers/STM32F7xx_HAL_Driver/stm32f7xx_hal_rcc.o
LOAD ./Drivers/STM32F7xx_HAL_Driver/stm32f7xx_hal_rcc_ex.o
START GROUP
LOAD C:/ST/STM32CubeIDE_1.17.0/STM32CubeIDE/plugins/com.st.stm32cube.ide.mcu.externaltools.gnu-tools-for-stm32.12.3.rel1.win32_1.1.0.202410251130/tools/bin/../lib/gcc/arm-none-eabi/12.3.1/../../../../arm-none-eabi/lib/thumb/v7e-m+dp/hard\libc_nano.a
LOAD C:/ST/STM32CubeIDE_1.17.0/STM32CubeIDE/plugins/com.st.stm32cube.ide.mcu.externaltools.gnu-tools-for-stm32.12.3.rel1.win32_1.1.0.202410251130/tools/bin/../lib/gcc/arm-none-eabi/12.3.1/../../../../arm-none-eabi/lib/thumb/v7e-m+dp/hard\libm.a
END GROUP
START GROUP
LOAD C:/ST/STM32CubeIDE_1.17.0/STM32CubeIDE/plugins/com.st.stm32cube.ide.mcu.externaltools.gnu-tools-for-stm32.12.3.rel1.win32_1.1.0.202410251130/tools/bin/../lib/gcc/arm-none-eabi/12.3.1/thumb/v7e-m+dp/hard\libgcc.a
LOAD C:/ST/STM32CubeIDE_1.17.0/STM32CubeIDE/plugins/com.st.stm32cube.ide.mcu.externaltools.gnu-tools-for-stm32.12.3.rel1.win32_1.1.0.202410251130/tools/bin/../lib/gcc/arm-none-eabi/12.3.1/../../../../arm-none-eabi/lib/thumb/v7e-m+dp/hard\libc_nano.a
END GROUP
START GROUP
LOAD C:/ST/STM32CubeIDE_1.17.0/STM32CubeIDE/plugins/com.st.stm32cube.ide.mcu.externaltools.gnu-tools-for-stm32.12.3.rel1.win32_1.1.0.202410251130/tools/bin/../lib/gcc/arm-none-eabi/12.3.1/thumb/v7e-m+dp/hard\libgcc.a
LOAD C:/ST/STM32CubeIDE_1.17.0/STM32CubeIDE/plugins/com.st.stm32cube.ide.mcu.externaltools.gnu-tools-for-stm32.12.3.rel1.win32_1.1.0.202410251130/tools/bin/../lib/gcc/arm-none-eabi/12.3.1/../../../../arm-none-eabi/lib/thumb/v7e-m+dp/hard\libc_nano.a
LOAD C:/ST/STM32CubeIDE_1.17.0/STM32CubeIDE/plugins/com.st.stm32cube.ide.mcu.externaltools.gnu-tools-for-stm32.12.3.rel1.win32_1.1.0.202410251130/tools/bin/../lib/gcc/arm-none-eabi/12.3.1/../../../../arm-none-eabi/lib/thumb/v7e-m+dp/hard\libnosys.a
END GROUP
START GROUP
LOAD C:/ST/STM32CubeIDE_1.17.0/STM32CubeIDE/plugins/com.st.stm32cube.ide.mcu.externaltools.gnu-tools-for-stm32.12.3.rel1.win32_1.1.0.202410251130/tools/bin/../lib/gcc/arm-none-eabi/12.3.1/thumb/v7e-m+dp/hard\libgcc.a
LOAD C:/ST/STM32CubeIDE_1.17.0/STM32CubeIDE/plugins/com.st.stm32cube.ide.mcu.externaltools.gnu-tools-for-stm32.12.3.rel1.win32_1.1.0.202410251130/tools/bin/../lib/gcc/arm-none-eabi/12.3.1/../../../../arm-none-eabi/lib/thumb/v7e-m+dp/hard\libc_nano.a
LOAD C:/ST/STM32CubeIDE_1.17.0/STM32CubeIDE/plugins/com.st.stm32cube.ide.mcu.externaltools.gnu-tools-for-stm32.12.3.rel1.win32_1.1.0.202410251130/tools/bin/../lib/gcc/arm-none-eabi/12.3.1/../../../../arm-none-eabi/lib/thumb/v7e-m+dp/hard\libnosys.a
END GROUP
LOAD C:/ST/STM32CubeIDE_1.17.0/STM32CubeIDE/plugins/com.st.stm32cube.ide.mcu.externaltools.gnu-tools-for-stm32.12.3.rel1.win32_1.1.0.202410251130/tools/bin/../lib/gcc/arm-none-eabi/12.3.1/thumb/v7e-m+dp/hard/crtend.o
LOAD C:/ST/STM32CubeIDE_1.17.0/STM32CubeIDE/plugins/com.st.stm32cube.ide.mcu.externaltools.gnu-tools-for-stm32.12.3.rel1.win32_1.1.0.202410251130/tools/bin/../lib/gcc/arm-none-eabi/12.3.1/thumb/v7e-m+dp/hard/crtn.o
                0x20080000                        _estack = (ORIGIN (RAM) + LENGTH (RAM))
                0x00000200                        _Min_Heap_Size = 0x200
                0x00000400                        _Min_Stack_Size = 0x400

.isr_vector     0x08000000      0x1f8
                0x08000000                        . = ALIGN (0x4)
 *(.isr_vector)
 .isr_vector    0x08000000      0x1f8 ./Core/Startup/startup_stm32f767zitx.o
                0x08000000                g_pfnVectors
                0x080001f8                        . = ALIGN (0x4)

.text           0x080001f8     0x1728
                0x080001f8                        . = ALIGN (0x4)
 *(.text)
 .text          0x080001f8       0x40 C:/ST/STM32CubeIDE_1.17.0/STM32CubeIDE/plugins/com.st.stm32cube.ide.mcu.externaltools.gnu-tools-for-stm32.12.3.rel1.win32_1.1.0.202410251130/tools/bin/../lib/gcc/arm-none-eabi/12.3.1/thumb/v7e-m+dp/hard/crtbegin.o
 .text          0x08000238       0x30 C:/ST/STM32CubeIDE_1.17.0/STM32CubeIDE/plugins/com.st.stm32cube.ide.mcu.externaltools.gnu-tools-for-stm32.12.3.rel1.win32_1.1.0.202410251130/tools/bin/../lib/gcc/arm-none-eabi/12.3.1/thumb/v7e-m+dp/hard\libgcc.a(_aeabi_uldivmod.o)
                0x08000238                __aeabi_uldivmod
 .text          0x08000268      0x2bc C:/ST/STM32CubeIDE_1.17.0/STM32CubeIDE/plugins/com.st.stm32cube.ide.mcu.externaltools.gnu-tools-for-stm32.12.3.rel1.win32_1.1.0.202410251130/tools/bin/../lib/gcc/arm-none-eabi/12.3.1/thumb/v7e-m+dp/hard\libgcc.a(_udivmoddi4.o)
                0x08000268                __udivmoddi4
 .text          0x08000524        0x4 C:/ST/STM32CubeIDE_1.17.0/STM32CubeIDE/plugins/com.st.stm32cube.ide.mcu.externaltools.gnu-tools-for-stm32.12.3.rel1.win32_1.1.0.202410251130/tools/bin/../lib/gcc/arm-none-eabi/12.3.1/thumb/v7e-m+dp/hard\libgcc.a(_dvmd_tls.o)
                0x08000524                __aeabi_idiv0
                0x08000524                __aeabi_ldiv0
 *(.text*)
 .text.ToggleLED
                0x08000528       0x3a ./Core/Src/led.o
                0x08000528                ToggleLED
 *fill*         0x08000562        0x2 
 .text.main     0x08000564       0x68 ./Core/Src/main.o
                0x08000564                main
 .text.SystemClock_Config
                0x080005cc       0xb8 ./Core/Src/main.o
                0x080005cc                SystemClock_Config
 .text.MX_GPIO_Init
                0x08000684       0xa0 ./Core/Src/main.o
 .text.MPU_Config
                0x08000724       0x58 ./Core/Src/main.o
 .text.Error_Handler
                0x0800077c        0xc ./Core/Src/main.o
                0x0800077c                Error_Handler
 .text.HAL_MspInit
                0x08000788       0x48 ./Core/Src/stm32f7xx_hal_msp.o
                0x08000788                HAL_MspInit
 .text.NMI_Handler
                0x080007d0        0x8 ./Core/Src/stm32f7xx_it.o
                0x080007d0                NMI_Handler
 .text.HardFault_Handler
                0x080007d8        0x8 ./Core/Src/stm32f7xx_it.o
                0x080007d8                HardFault_Handler
 .text.MemManage_Handler
                0x080007e0        0x8 ./Core/Src/stm32f7xx_it.o
                0x080007e0                MemManage_Handler
 .text.BusFault_Handler
                0x080007e8        0x8 ./Core/Src/stm32f7xx_it.o
                0x080007e8                BusFault_Handler
 .text.UsageFault_Handler
                0x080007f0        0x8 ./Core/Src/stm32f7xx_it.o
                0x080007f0                UsageFault_Handler
 .text.SVC_Handler
                0x080007f8        0xe ./Core/Src/stm32f7xx_it.o
                0x080007f8                SVC_Handler
 .text.DebugMon_Handler
                0x08000806        0xe ./Core/Src/stm32f7xx_it.o
                0x08000806                DebugMon_Handler
 .text.PendSV_Handler
                0x08000814        0xe ./Core/Src/stm32f7xx_it.o
                0x08000814                PendSV_Handler
 .text.SysTick_Handler
                0x08000822        0xc ./Core/Src/stm32f7xx_it.o
                0x08000822                SysTick_Handler
 *fill*         0x0800082e        0x2 
 .text.SystemInit
                0x08000830       0x24 ./Core/Src/system_stm32f7xx.o
                0x08000830                SystemInit
 .text.Reset_Handler
                0x08000854       0x50 ./Core/Startup/startup_stm32f767zitx.o
                0x08000854                Reset_Handler
 .text.Default_Handler
                0x080008a4        0x2 ./Core/Startup/startup_stm32f767zitx.o
                0x080008a4                RTC_Alarm_IRQHandler
                0x080008a4                EXTI2_IRQHandler
                0x080008a4                TIM8_CC_IRQHandler
                0x080008a4                UART8_IRQHandler
                0x080008a4                SPI4_IRQHandler
                0x080008a4                TIM1_CC_IRQHandler
                0x080008a4                DMA2_Stream5_IRQHandler
                0x080008a4                JPEG_IRQHandler
                0x080008a4                DMA1_Stream5_IRQHandler
                0x080008a4                CAN3_RX1_IRQHandler
                0x080008a4                PVD_IRQHandler
                0x080008a4                TAMP_STAMP_IRQHandler
                0x080008a4                CAN2_RX1_IRQHandler
                0x080008a4                EXTI3_IRQHandler
                0x080008a4                TIM8_TRG_COM_TIM14_IRQHandler
                0x080008a4                DFSDM1_FLT1_IRQHandler
                0x080008a4                TIM1_UP_TIM10_IRQHandler
                0x080008a4                TIM8_UP_TIM13_IRQHandler
                0x080008a4                I2C3_ER_IRQHandler
                0x080008a4                DFSDM1_FLT2_IRQHandler
                0x080008a4                EXTI0_IRQHandler
                0x080008a4                I2C2_EV_IRQHandler
                0x080008a4                DMA1_Stream2_IRQHandler
                0x080008a4                CAN1_RX0_IRQHandler
                0x080008a4                FPU_IRQHandler
                0x080008a4                OTG_HS_WKUP_IRQHandler
                0x080008a4                CAN3_SCE_IRQHandler
                0x080008a4                LTDC_ER_IRQHandler
                0x080008a4                CAN2_SCE_IRQHandler
                0x080008a4                DMA2_Stream2_IRQHandler
                0x080008a4                SPI1_IRQHandler
                0x080008a4                TIM6_DAC_IRQHandler
                0x080008a4                TIM1_BRK_TIM9_IRQHandler
                0x080008a4                DCMI_IRQHandler
                0x080008a4                CAN2_RX0_IRQHandler
                0x080008a4                DMA2_Stream3_IRQHandler
                0x080008a4                SAI2_IRQHandler
                0x080008a4                DFSDM1_FLT3_IRQHandler
                0x080008a4                USART6_IRQHandler
                0x080008a4                CAN3_RX0_IRQHandler
                0x080008a4                USART3_IRQHandler
                0x080008a4                CAN1_RX1_IRQHandler
                0x080008a4                UART5_IRQHandler
                0x080008a4                DMA2_Stream0_IRQHandler
                0x080008a4                TIM4_IRQHandler
                0x080008a4                QUADSPI_IRQHandler
                0x080008a4                I2C1_EV_IRQHandler
                0x080008a4                DMA1_Stream6_IRQHandler
                0x080008a4                DMA1_Stream1_IRQHandler
                0x080008a4                UART4_IRQHandler
                0x080008a4                TIM3_IRQHandler
                0x080008a4                RCC_IRQHandler
                0x080008a4                TIM8_BRK_TIM12_IRQHandler
                0x080008a4                Default_Handler
                0x080008a4                CEC_IRQHandler
                0x080008a4                EXTI15_10_IRQHandler
                0x080008a4                ADC_IRQHandler
                0x080008a4                DMA1_Stream7_IRQHandler
                0x080008a4                SPI5_IRQHandler
                0x080008a4                TIM7_IRQHandler
                0x080008a4                SDMMC1_IRQHandler
                0x080008a4                CAN2_TX_IRQHandler
                0x080008a4                TIM5_IRQHandler
                0x080008a4                DMA2_Stream7_IRQHandler
                0x080008a4                I2C3_EV_IRQHandler
                0x080008a4                EXTI9_5_IRQHandler
                0x080008a4                RTC_WKUP_IRQHandler
                0x080008a4                LTDC_IRQHandler
                0x080008a4                ETH_WKUP_IRQHandler
                0x080008a4                SPDIF_RX_IRQHandler
                0x080008a4                SPI2_IRQHandler
                0x080008a4                OTG_HS_EP1_IN_IRQHandler
                0x080008a4                DMA1_Stream0_IRQHandler
                0x080008a4                CAN1_TX_IRQHandler
                0x080008a4                EXTI4_IRQHandler
                0x080008a4                RNG_IRQHandler
                0x080008a4                ETH_IRQHandler
                0x080008a4                OTG_HS_EP1_OUT_IRQHandler
                0x080008a4                WWDG_IRQHandler
                0x080008a4                SPI6_IRQHandler
                0x080008a4                MDIOS_IRQHandler
                0x080008a4                I2C4_EV_IRQHandler
                0x080008a4                CAN3_TX_IRQHandler
                0x080008a4                TIM2_IRQHandler
                0x080008a4                OTG_FS_WKUP_IRQHandler
                0x080008a4                TIM1_TRG_COM_TIM11_IRQHandler
                0x080008a4                OTG_HS_IRQHandler
                0x080008a4                DMA2D_IRQHandler
                0x080008a4                EXTI1_IRQHandler
                0x080008a4                SDMMC2_IRQHandler
                0x080008a4                UART7_IRQHandler
                0x080008a4                USART2_IRQHandler
                0x080008a4                DFSDM1_FLT0_IRQHandler
                0x080008a4                I2C2_ER_IRQHandler
                0x080008a4                DMA2_Stream1_IRQHandler
                0x080008a4                CAN1_SCE_IRQHandler
                0x080008a4                FLASH_IRQHandler
                0x080008a4                DMA2_Stream4_IRQHandler
                0x080008a4                USART1_IRQHandler
                0x080008a4                OTG_FS_IRQHandler
                0x080008a4                SPI3_IRQHandler
                0x080008a4                DMA1_Stream4_IRQHandler
                0x080008a4                I2C1_ER_IRQHandler
                0x080008a4                FMC_IRQHandler
                0x080008a4                LPTIM1_IRQHandler
                0x080008a4                I2C4_ER_IRQHandler
                0x080008a4                DMA2_Stream6_IRQHandler
                0x080008a4                SAI1_IRQHandler
                0x080008a4                DMA1_Stream3_IRQHandler
 .text.HAL_Init
                0x080008a6       0x1a ./Drivers/STM32F7xx_HAL_Driver/stm32f7xx_hal.o
                0x080008a6                HAL_Init
 .text.HAL_InitTick
                0x080008c0       0x60 ./Drivers/STM32F7xx_HAL_Driver/stm32f7xx_hal.o
                0x080008c0                HAL_InitTick
 .text.HAL_IncTick
                0x08000920       0x28 ./Drivers/STM32F7xx_HAL_Driver/stm32f7xx_hal.o
                0x08000920                HAL_IncTick
 .text.HAL_GetTick
                0x08000948       0x18 ./Drivers/STM32F7xx_HAL_Driver/stm32f7xx_hal.o
                0x08000948                HAL_GetTick
 .text.HAL_Delay
                0x08000960       0x48 ./Drivers/STM32F7xx_HAL_Driver/stm32f7xx_hal.o
                0x08000960                HAL_Delay
 .text.__NVIC_SetPriorityGrouping
                0x080009a8       0x48 ./Drivers/STM32F7xx_HAL_Driver/stm32f7xx_hal_cortex.o
 .text.__NVIC_GetPriorityGrouping
                0x080009f0       0x1c ./Drivers/STM32F7xx_HAL_Driver/stm32f7xx_hal_cortex.o
 .text.__NVIC_SetPriority
                0x08000a0c       0x54 ./Drivers/STM32F7xx_HAL_Driver/stm32f7xx_hal_cortex.o
 .text.NVIC_EncodePriority
                0x08000a60       0x66 ./Drivers/STM32F7xx_HAL_Driver/stm32f7xx_hal_cortex.o
 *fill*         0x08000ac6        0x2 
 .text.SysTick_Config
                0x08000ac8       0x44 ./Drivers/STM32F7xx_HAL_Driver/stm32f7xx_hal_cortex.o
 .text.HAL_NVIC_SetPriorityGrouping
                0x08000b0c       0x16 ./Drivers/STM32F7xx_HAL_Driver/stm32f7xx_hal_cortex.o
                0x08000b0c                HAL_NVIC_SetPriorityGrouping
 .text.HAL_NVIC_SetPriority
                0x08000b22       0x38 ./Drivers/STM32F7xx_HAL_Driver/stm32f7xx_hal_cortex.o
                0x08000b22                HAL_NVIC_SetPriority
 .text.HAL_SYSTICK_Config
                0x08000b5a       0x18 ./Drivers/STM32F7xx_HAL_Driver/stm32f7xx_hal_cortex.o
                0x08000b5a                HAL_SYSTICK_Config
 *fill*         0x08000b72        0x2 
 .text.HAL_MPU_Disable
                0x08000b74       0x30 ./Drivers/STM32F7xx_HAL_Driver/stm32f7xx_hal_cortex.o
                0x08000b74                HAL_MPU_Disable
 .text.HAL_MPU_Enable
                0x08000ba4       0x40 ./Drivers/STM32F7xx_HAL_Driver/stm32f7xx_hal_cortex.o
                0x08000ba4                HAL_MPU_Enable
 .text.HAL_MPU_ConfigRegion
                0x08000be4       0x80 ./Drivers/STM32F7xx_HAL_Driver/stm32f7xx_hal_cortex.o
                0x08000be4                HAL_MPU_ConfigRegion
 .text.HAL_GPIO_Init
                0x08000c64      0x358 ./Drivers/STM32F7xx_HAL_Driver/stm32f7xx_hal_gpio.o
                0x08000c64                HAL_GPIO_Init
 .text.HAL_GPIO_WritePin
                0x08000fbc       0x32 ./Drivers/STM32F7xx_HAL_Driver/stm32f7xx_hal_gpio.o
                0x08000fbc                HAL_GPIO_WritePin
 *fill*         0x08000fee        0x2 
 .text.HAL_RCC_OscConfig
                0x08000ff0      0x55c ./Drivers/STM32F7xx_HAL_Driver/stm32f7xx_hal_rcc.o
                0x08000ff0                HAL_RCC_OscConfig
 .text.HAL_RCC_ClockConfig
                0x0800154c      0x1d8 ./Drivers/STM32F7xx_HAL_Driver/stm32f7xx_hal_rcc.o
                0x0800154c                HAL_RCC_ClockConfig
 .text.HAL_RCC_GetSysClockFreq
                0x08001724      0x18c ./Drivers/STM32F7xx_HAL_Driver/stm32f7xx_hal_rcc.o
                0x08001724                HAL_RCC_GetSysClockFreq
 .text.memset   0x080018b0       0x10 C:/ST/STM32CubeIDE_1.17.0/STM32CubeIDE/plugins/com.st.stm32cube.ide.mcu.externaltools.gnu-tools-for-stm32.12.3.rel1.win32_1.1.0.202410251130/tools/bin/../lib/gcc/arm-none-eabi/12.3.1/../../../../arm-none-eabi/lib/thumb/v7e-m+dp/hard\libc_nano.a(libc_a-memset.o)
                0x080018b0                memset
 .text.__libc_init_array
                0x080018c0       0x48 C:/ST/STM32CubeIDE_1.17.0/STM32CubeIDE/plugins/com.st.stm32cube.ide.mcu.externaltools.gnu-tools-for-stm32.12.3.rel1.win32_1.1.0.202410251130/tools/bin/../lib/gcc/arm-none-eabi/12.3.1/../../../../arm-none-eabi/lib/thumb/v7e-m+dp/hard\libc_nano.a(libc_a-init.o)
                0x080018c0                __libc_init_array
 *(.glue_7)
 .glue_7        0x08001908        0x0 linker stubs
 *(.glue_7t)
 .glue_7t       0x08001908        0x0 linker stubs
 *(.eh_frame)
 .eh_frame      0x08001908        0x0 C:/ST/STM32CubeIDE_1.17.0/STM32CubeIDE/plugins/com.st.stm32cube.ide.mcu.externaltools.gnu-tools-for-stm32.12.3.rel1.win32_1.1.0.202410251130/tools/bin/../lib/gcc/arm-none-eabi/12.3.1/thumb/v7e-m+dp/hard/crtbegin.o
 *(.init)
 .init          0x08001908        0x4 C:/ST/STM32CubeIDE_1.17.0/STM32CubeIDE/plugins/com.st.stm32cube.ide.mcu.externaltools.gnu-tools-for-stm32.12.3.rel1.win32_1.1.0.202410251130/tools/bin/../lib/gcc/arm-none-eabi/12.3.1/thumb/v7e-m+dp/hard/crti.o
                0x08001908                _init
 .init          0x0800190c        0x8 C:/ST/STM32CubeIDE_1.17.0/STM32CubeIDE/plugins/com.st.stm32cube.ide.mcu.externaltools.gnu-tools-for-stm32.12.3.rel1.win32_1.1.0.202410251130/tools/bin/../lib/gcc/arm-none-eabi/12.3.1/thumb/v7e-m+dp/hard/crtn.o
 *(.fini)
 .fini          0x08001914        0x4 C:/ST/STM32CubeIDE_1.17.0/STM32CubeIDE/plugins/com.st.stm32cube.ide.mcu.externaltools.gnu-tools-for-stm32.12.3.rel1.win32_1.1.0.202410251130/tools/bin/../lib/gcc/arm-none-eabi/12.3.1/thumb/v7e-m+dp/hard/crti.o
                0x08001914                _fini
 .fini          0x08001918        0x8 C:/ST/STM32CubeIDE_1.17.0/STM32CubeIDE/plugins/com.st.stm32cube.ide.mcu.externaltools.gnu-tools-for-stm32.12.3.rel1.win32_1.1.0.202410251130/tools/bin/../lib/gcc/arm-none-eabi/12.3.1/thumb/v7e-m+dp/hard/crtn.o
                0x08001920                        . = ALIGN (0x4)
                0x08001920                        _etext = .

.vfp11_veneer   0x08001920        0x0
 .vfp11_veneer  0x08001920        0x0 linker stubs

.v4_bx          0x08001920        0x0
 .v4_bx         0x08001920        0x0 linker stubs

.iplt           0x08001920        0x0
 .iplt          0x08001920        0x0 C:/ST/STM32CubeIDE_1.17.0/STM32CubeIDE/plugins/com.st.stm32cube.ide.mcu.externaltools.gnu-tools-for-stm32.12.3.rel1.win32_1.1.0.202410251130/tools/bin/../lib/gcc/arm-none-eabi/12.3.1/thumb/v7e-m+dp/hard/crtbegin.o

.rodata         0x08001920       0x10
                0x08001920                        . = ALIGN (0x4)
 *(.rodata)
 *(.rodata*)
 .rodata.AHBPrescTable
                0x08001920       0x10 ./Core/Src/system_stm32f7xx.o
                0x08001920                AHBPrescTable
                0x08001930                        . = ALIGN (0x4)

.ARM.extab      0x08001930        0x0
                0x08001930                        . = ALIGN (0x4)
 *(.ARM.extab* .gnu.linkonce.armextab.*)
                0x08001930                        . = ALIGN (0x4)

.ARM            0x08001930        0x8
                0x08001930                        . = ALIGN (0x4)
                0x08001930                        __exidx_start = .
 *(.ARM.exidx*)
 .ARM.exidx     0x08001930        0x8 C:/ST/STM32CubeIDE_1.17.0/STM32CubeIDE/plugins/com.st.stm32cube.ide.mcu.externaltools.gnu-tools-for-stm32.12.3.rel1.win32_1.1.0.202410251130/tools/bin/../lib/gcc/arm-none-eabi/12.3.1/thumb/v7e-m+dp/hard\libgcc.a(_udivmoddi4.o)
                0x08001938                        __exidx_end = .
                0x08001938                        . = ALIGN (0x4)

.preinit_array  0x08001938        0x0
                0x08001938                        . = ALIGN (0x4)
                0x08001938                        PROVIDE (__preinit_array_start = .)
 *(.preinit_array*)
                0x08001938                        PROVIDE (__preinit_array_end = .)
                0x08001938                        . = ALIGN (0x4)

.init_array     0x08001938        0x4
                0x08001938                        . = ALIGN (0x4)
                0x08001938                        PROVIDE (__init_array_start = .)
 *(SORT_BY_NAME(.init_array.*))
 *(.init_array*)
 .init_array    0x08001938        0x4 C:/ST/STM32CubeIDE_1.17.0/STM32CubeIDE/plugins/com.st.stm32cube.ide.mcu.externaltools.gnu-tools-for-stm32.12.3.rel1.win32_1.1.0.202410251130/tools/bin/../lib/gcc/arm-none-eabi/12.3.1/thumb/v7e-m+dp/hard/crtbegin.o
                0x0800193c                        PROVIDE (__init_array_end = .)
                0x0800193c                        . = ALIGN (0x4)

.fini_array     0x0800193c        0x4
                0x0800193c                        . = ALIGN (0x4)
                [!provide]                        PROVIDE (__fini_array_start = .)
 *(SORT_BY_NAME(.fini_array.*))
 *(.fini_array*)
 .fini_array    0x0800193c        0x4 C:/ST/STM32CubeIDE_1.17.0/STM32CubeIDE/plugins/com.st.stm32cube.ide.mcu.externaltools.gnu-tools-for-stm32.12.3.rel1.win32_1.1.0.202410251130/tools/bin/../lib/gcc/arm-none-eabi/12.3.1/thumb/v7e-m+dp/hard/crtbegin.o
                [!provide]                        PROVIDE (__fini_array_end = .)
                0x08001940                        . = ALIGN (0x4)
                0x08001940                        _sidata = LOADADDR (.data)

.rel.dyn        0x08001940        0x0
 .rel.iplt      0x08001940        0x0 C:/ST/STM32CubeIDE_1.17.0/STM32CubeIDE/plugins/com.st.stm32cube.ide.mcu.externaltools.gnu-tools-for-stm32.12.3.rel1.win32_1.1.0.202410251130/tools/bin/../lib/gcc/arm-none-eabi/12.3.1/thumb/v7e-m+dp/hard/crtbegin.o

.data           0x20000000        0xc load address 0x08001940
                0x20000000                        . = ALIGN (0x4)
                0x20000000                        _sdata = .
 *(.data)
 *(.data*)
 .data.SystemCoreClock
                0x20000000        0x4 ./Core/Src/system_stm32f7xx.o
                0x20000000                SystemCoreClock
 .data.uwTickPrio
                0x20000004        0x4 ./Drivers/STM32F7xx_HAL_Driver/stm32f7xx_hal.o
                0x20000004                uwTickPrio
 .data.uwTickFreq
                0x20000008        0x1 ./Drivers/STM32F7xx_HAL_Driver/stm32f7xx_hal.o
                0x20000008                uwTickFreq
 *(.RamFunc)
 *(.RamFunc*)
                0x2000000c                        . = ALIGN (0x4)
 *fill*         0x20000009        0x3 
                0x2000000c                        _edata = .

.igot.plt       0x2000000c        0x0 load address 0x0800194c
 .igot.plt      0x2000000c        0x0 C:/ST/STM32CubeIDE_1.17.0/STM32CubeIDE/plugins/com.st.stm32cube.ide.mcu.externaltools.gnu-tools-for-stm32.12.3.rel1.win32_1.1.0.202410251130/tools/bin/../lib/gcc/arm-none-eabi/12.3.1/thumb/v7e-m+dp/hard/crtbegin.o
                0x2000000c                        . = ALIGN (0x4)

.bss            0x2000000c       0x20 load address 0x0800194c
                0x2000000c                        _sbss = .
                0x2000000c                        __bss_start__ = _sbss
 *(.bss)
 .bss           0x2000000c       0x1c C:/ST/STM32CubeIDE_1.17.0/STM32CubeIDE/plugins/com.st.stm32cube.ide.mcu.externaltools.gnu-tools-for-stm32.12.3.rel1.win32_1.1.0.202410251130/tools/bin/../lib/gcc/arm-none-eabi/12.3.1/thumb/v7e-m+dp/hard/crtbegin.o
 *(.bss*)
 .bss.uwTick    0x20000028        0x4 ./Drivers/STM32F7xx_HAL_Driver/stm32f7xx_hal.o
                0x20000028                uwTick
 *(COMMON)
                0x2000002c                        . = ALIGN (0x4)
                0x2000002c                        _ebss = .
                0x2000002c                        __bss_end__ = _ebss

._user_heap_stack
                0x2000002c      0x604 load address 0x0800194c
                0x20000030                        . = ALIGN (0x8)
 *fill*         0x2000002c        0x4 
                [!provide]                        PROVIDE (end = .)
                0x20000030                        PROVIDE (_end = .)
                0x20000230                        . = (. + _Min_Heap_Size)
 *fill*         0x20000030      0x200 
                0x20000630                        . = (. + _Min_Stack_Size)
 *fill*         0x20000230      0x400 
                0x20000630                        . = ALIGN (0x8)

/DISCARD/
 libc.a(*)
 libm.a(*)
 libgcc.a(*)

.ARM.attributes
                0x00000000       0x2e
 *(.ARM.attributes)
 .ARM.attributes
                0x00000000       0x20 C:/ST/STM32CubeIDE_1.17.0/STM32CubeIDE/plugins/com.st.stm32cube.ide.mcu.externaltools.gnu-tools-for-stm32.12.3.rel1.win32_1.1.0.202410251130/tools/bin/../lib/gcc/arm-none-eabi/12.3.1/thumb/v7e-m+dp/hard/crti.o
 .ARM.attributes
                0x00000020       0x32 C:/ST/STM32CubeIDE_1.17.0/STM32CubeIDE/plugins/com.st.stm32cube.ide.mcu.externaltools.gnu-tools-for-stm32.12.3.rel1.win32_1.1.0.202410251130/tools/bin/../lib/gcc/arm-none-eabi/12.3.1/thumb/v7e-m+dp/hard/crtbegin.o
 .ARM.attributes
                0x00000052       0x32 ./Core/Src/led.o
 .ARM.attributes
                0x00000084       0x32 ./Core/Src/main.o
 .ARM.attributes
                0x000000b6       0x32 ./Core/Src/stm32f7xx_hal_msp.o
 .ARM.attributes
                0x000000e8       0x32 ./Core/Src/stm32f7xx_it.o
 .ARM.attributes
                0x0000011a       0x32 ./Core/Src/system_stm32f7xx.o
 .ARM.attributes
                0x0000014c       0x21 ./Core/Startup/startup_stm32f767zitx.o
 .ARM.attributes
                0x0000016d       0x32 ./Drivers/STM32F7xx_HAL_Driver/stm32f7xx_hal.o
 .ARM.attributes
                0x0000019f       0x32 ./Drivers/STM32F7xx_HAL_Driver/stm32f7xx_hal_cortex.o
 .ARM.attributes
                0x000001d1       0x32 ./Drivers/STM32F7xx_HAL_Driver/stm32f7xx_hal_gpio.o
 .ARM.attributes
                0x00000203       0x32 ./Drivers/STM32F7xx_HAL_Driver/stm32f7xx_hal_rcc.o
 .ARM.attributes
                0x00000235       0x32 C:/ST/STM32CubeIDE_1.17.0/STM32CubeIDE/plugins/com.st.stm32cube.ide.mcu.externaltools.gnu-tools-for-stm32.12.3.rel1.win32_1.1.0.202410251130/tools/bin/../lib/gcc/arm-none-eabi/12.3.1/../../../../arm-none-eabi/lib/thumb/v7e-m+dp/hard\libc_nano.a(libc_a-memset.o)
 .ARM.attributes
                0x00000267       0x32 C:/ST/STM32CubeIDE_1.17.0/STM32CubeIDE/plugins/com.st.stm32cube.ide.mcu.externaltools.gnu-tools-for-stm32.12.3.rel1.win32_1.1.0.202410251130/tools/bin/../lib/gcc/arm-none-eabi/12.3.1/../../../../arm-none-eabi/lib/thumb/v7e-m+dp/hard\libc_nano.a(libc_a-init.o)
 .ARM.attributes
                0x00000299       0x20 C:/ST/STM32CubeIDE_1.17.0/STM32CubeIDE/plugins/com.st.stm32cube.ide.mcu.externaltools.gnu-tools-for-stm32.12.3.rel1.win32_1.1.0.202410251130/tools/bin/../lib/gcc/arm-none-eabi/12.3.1/thumb/v7e-m+dp/hard\libgcc.a(_aeabi_uldivmod.o)
 .ARM.attributes
                0x000002b9       0x32 C:/ST/STM32CubeIDE_1.17.0/STM32CubeIDE/plugins/com.st.stm32cube.ide.mcu.externaltools.gnu-tools-for-stm32.12.3.rel1.win32_1.1.0.202410251130/tools/bin/../lib/gcc/arm-none-eabi/12.3.1/thumb/v7e-m+dp/hard\libgcc.a(_udivmoddi4.o)
 .ARM.attributes
                0x000002eb       0x20 C:/ST/STM32CubeIDE_1.17.0/STM32CubeIDE/plugins/com.st.stm32cube.ide.mcu.externaltools.gnu-tools-for-stm32.12.3.rel1.win32_1.1.0.202410251130/tools/bin/../lib/gcc/arm-none-eabi/12.3.1/thumb/v7e-m+dp/hard\libgcc.a(_dvmd_tls.o)
 .ARM.attributes
                0x0000030b       0x20 C:/ST/STM32CubeIDE_1.17.0/STM32CubeIDE/plugins/com.st.stm32cube.ide.mcu.externaltools.gnu-tools-for-stm32.12.3.rel1.win32_1.1.0.202410251130/tools/bin/../lib/gcc/arm-none-eabi/12.3.1/thumb/v7e-m+dp/hard/crtn.o
OUTPUT(led_1.elf elf32-littlearm)
LOAD linker stubs
LOAD C:/ST/STM32CubeIDE_1.17.0/STM32CubeIDE/plugins/com.st.stm32cube.ide.mcu.externaltools.gnu-tools-for-stm32.12.3.rel1.win32_1.1.0.202410251130/tools/bin/../lib/gcc/arm-none-eabi/12.3.1/../../../../arm-none-eabi/lib/thumb/v7e-m+dp/hard\libc.a
LOAD C:/ST/STM32CubeIDE_1.17.0/STM32CubeIDE/plugins/com.st.stm32cube.ide.mcu.externaltools.gnu-tools-for-stm32.12.3.rel1.win32_1.1.0.202410251130/tools/bin/../lib/gcc/arm-none-eabi/12.3.1/../../../../arm-none-eabi/lib/thumb/v7e-m+dp/hard\libm.a
LOAD C:/ST/STM32CubeIDE_1.17.0/STM32CubeIDE/plugins/com.st.stm32cube.ide.mcu.externaltools.gnu-tools-for-stm32.12.3.rel1.win32_1.1.0.202410251130/tools/bin/../lib/gcc/arm-none-eabi/12.3.1/thumb/v7e-m+dp/hard\libgcc.a

.debug_info     0x00000000     0x3e96
 .debug_info    0x00000000      0x1db ./Core/Src/led.o
 .debug_info    0x000001db      0x7c9 ./Core/Src/main.o
 .debug_info    0x000009a4      0x28d ./Core/Src/stm32f7xx_hal_msp.o
 .debug_info    0x00000c31      0x112 ./Core/Src/stm32f7xx_it.o
 .debug_info    0x00000d43      0x6ed ./Core/Src/system_stm32f7xx.o
 .debug_info    0x00001430       0x30 ./Core/Startup/startup_stm32f767zitx.o
 .debug_info    0x00001460      0xa4c ./Drivers/STM32F7xx_HAL_Driver/stm32f7xx_hal.o
 .debug_info    0x00001eac      0xfc0 ./Drivers/STM32F7xx_HAL_Driver/stm32f7xx_hal_cortex.o
 .debug_info    0x00002e6c      0x6f3 ./Drivers/STM32F7xx_HAL_Driver/stm32f7xx_hal_gpio.o
 .debug_info    0x0000355f      0x937 ./Drivers/STM32F7xx_HAL_Driver/stm32f7xx_hal_rcc.o

.debug_abbrev   0x00000000      0xfc3
 .debug_abbrev  0x00000000      0x117 ./Core/Src/led.o
 .debug_abbrev  0x00000117      0x21f ./Core/Src/main.o
 .debug_abbrev  0x00000336       0xd8 ./Core/Src/stm32f7xx_hal_msp.o
 .debug_abbrev  0x0000040e       0x73 ./Core/Src/stm32f7xx_it.o
 .debug_abbrev  0x00000481      0x13b ./Core/Src/system_stm32f7xx.o
 .debug_abbrev  0x000005bc       0x24 ./Core/Startup/startup_stm32f767zitx.o
 .debug_abbrev  0x000005e0      0x213 ./Drivers/STM32F7xx_HAL_Driver/stm32f7xx_hal.o
 .debug_abbrev  0x000007f3      0x31e ./Drivers/STM32F7xx_HAL_Driver/stm32f7xx_hal_cortex.o
 .debug_abbrev  0x00000b11      0x1d4 ./Drivers/STM32F7xx_HAL_Driver/stm32f7xx_hal_gpio.o
 .debug_abbrev  0x00000ce5      0x2de ./Drivers/STM32F7xx_HAL_Driver/stm32f7xx_hal_rcc.o

.debug_aranges  0x00000000      0x448
 .debug_aranges
                0x00000000       0x20 ./Core/Src/led.o
 .debug_aranges
                0x00000020       0x40 ./Core/Src/main.o
 .debug_aranges
                0x00000060       0x20 ./Core/Src/stm32f7xx_hal_msp.o
 .debug_aranges
                0x00000080       0x60 ./Core/Src/stm32f7xx_it.o
 .debug_aranges
                0x000000e0       0x28 ./Core/Src/system_stm32f7xx.o
 .debug_aranges
                0x00000108       0x28 ./Core/Startup/startup_stm32f767zitx.o
 .debug_aranges
                0x00000130      0x110 ./Drivers/STM32F7xx_HAL_Driver/stm32f7xx_hal.o
 .debug_aranges
                0x00000240      0x128 ./Drivers/STM32F7xx_HAL_Driver/stm32f7xx_hal_cortex.o
 .debug_aranges
                0x00000368       0x58 ./Drivers/STM32F7xx_HAL_Driver/stm32f7xx_hal_gpio.o
 .debug_aranges
                0x000003c0       0x88 ./Drivers/STM32F7xx_HAL_Driver/stm32f7xx_hal_rcc.o

.debug_rnglists
                0x00000000      0x310
 .debug_rnglists
                0x00000000       0x13 ./Core/Src/led.o
 .debug_rnglists
                0x00000013       0x2d ./Core/Src/main.o
 .debug_rnglists
                0x00000040       0x13 ./Core/Src/stm32f7xx_hal_msp.o
 .debug_rnglists
                0x00000053       0x43 ./Core/Src/stm32f7xx_it.o
 .debug_rnglists
                0x00000096       0x1a ./Core/Src/system_stm32f7xx.o
 .debug_rnglists
                0x000000b0       0x19 ./Core/Startup/startup_stm32f767zitx.o
 .debug_rnglists
                0x000000c9       0xc7 ./Drivers/STM32F7xx_HAL_Driver/stm32f7xx_hal.o
 .debug_rnglists
                0x00000190       0xda ./Drivers/STM32F7xx_HAL_Driver/stm32f7xx_hal_cortex.o
 .debug_rnglists
                0x0000026a       0x3f ./Drivers/STM32F7xx_HAL_Driver/stm32f7xx_hal_gpio.o
 .debug_rnglists
                0x000002a9       0x67 ./Drivers/STM32F7xx_HAL_Driver/stm32f7xx_hal_rcc.o

.debug_macro    0x00000000    0x25406
 .debug_macro   0x00000000      0x1cf ./Core/Src/led.o
 .debug_macro   0x000001cf      0xacc ./Core/Src/led.o
 .debug_macro   0x00000c9b      0x287 ./Core/Src/led.o
 .debug_macro   0x00000f22       0x2e ./Core/Src/led.o
 .debug_macro   0x00000f50       0x3b ./Core/Src/led.o
 .debug_macro   0x00000f8b       0x22 ./Core/Src/led.o
 .debug_macro   0x00000fad       0x8e ./Core/Src/led.o
 .debug_macro   0x0000103b       0x51 ./Core/Src/led.o
 .debug_macro   0x0000108c      0x103 ./Core/Src/led.o
 .debug_macro   0x0000118f       0x6a ./Core/Src/led.o
 .debug_macro   0x000011f9      0x1df ./Core/Src/led.o
 .debug_macro   0x000013d8       0x1c ./Core/Src/led.o
 .debug_macro   0x000013f4       0x22 ./Core/Src/led.o
 .debug_macro   0x00001416       0xd9 ./Core/Src/led.o
 .debug_macro   0x000014ef     0x12cd ./Core/Src/led.o
 .debug_macro   0x000027bc      0x11f ./Core/Src/led.o
 .debug_macro   0x000028db       0x19 ./Core/Src/led.o
 .debug_macro   0x000028f4    0x1aa23 ./Core/Src/led.o
 .debug_macro   0x0001d317       0x6d ./Core/Src/led.o
 .debug_macro   0x0001d384     0x3765 ./Core/Src/led.o
 .debug_macro   0x00020ae9      0x189 ./Core/Src/led.o
 .debug_macro   0x00020c72       0x63 ./Core/Src/led.o
 .debug_macro   0x00020cd5     0x1add ./Core/Src/led.o
 .debug_macro   0x000227b2      0x6c4 ./Core/Src/led.o
 .debug_macro   0x00022e76      0x18b ./Core/Src/led.o
 .debug_macro   0x00023001      0x115 ./Core/Src/led.o
 .debug_macro   0x00023116      0x26e ./Core/Src/led.o
 .debug_macro   0x00023384       0xa5 ./Core/Src/led.o
 .debug_macro   0x00023429      0x24f ./Core/Src/led.o
 .debug_macro   0x00023678       0x71 ./Core/Src/led.o
 .debug_macro   0x000236e9       0x58 ./Core/Src/led.o
 .debug_macro   0x00023741      0x236 ./Core/Src/led.o
 .debug_macro   0x00023977      0x14e ./Core/Src/led.o
 .debug_macro   0x00023ac5      0x3db ./Core/Src/led.o
 .debug_macro   0x00023ea0       0x12 ./Core/Src/led.o
 .debug_macro   0x00023eb2      0x22c ./Core/Src/led.o
 .debug_macro   0x000240de       0x61 ./Core/Src/led.o
 .debug_macro   0x0002413f       0xa5 ./Core/Src/led.o
 .debug_macro   0x000241e4      0x12e ./Core/Src/led.o
 .debug_macro   0x00024312      0x108 ./Core/Src/led.o
 .debug_macro   0x0002441a       0x35 ./Core/Src/led.o
 .debug_macro   0x0002444f      0x15b ./Core/Src/led.o
 .debug_macro   0x000245aa      0x1d3 ./Core/Src/main.o
 .debug_macro   0x0002477d      0x1c5 ./Core/Src/stm32f7xx_hal_msp.o
 .debug_macro   0x00024942      0x1cf ./Core/Src/stm32f7xx_it.o
 .debug_macro   0x00024b11      0x1bb ./Core/Src/system_stm32f7xx.o
 .debug_macro   0x00024ccc      0x1df ./Drivers/STM32F7xx_HAL_Driver/stm32f7xx_hal.o
 .debug_macro   0x00024eab      0x1bb ./Drivers/STM32F7xx_HAL_Driver/stm32f7xx_hal_cortex.o
 .debug_macro   0x00025066      0x1c1 ./Drivers/STM32F7xx_HAL_Driver/stm32f7xx_hal_gpio.o
 .debug_macro   0x00025227      0x1df ./Drivers/STM32F7xx_HAL_Driver/stm32f7xx_hal_rcc.o

.debug_line     0x00000000     0x605e
 .debug_line    0x00000000      0x7ee ./Core/Src/led.o
 .debug_line    0x000007ee      0x8f3 ./Core/Src/main.o
 .debug_line    0x000010e1      0x7f1 ./Core/Src/stm32f7xx_hal_msp.o
 .debug_line    0x000018d2      0x8b4 ./Core/Src/stm32f7xx_it.o
 .debug_line    0x00002186      0x874 ./Core/Src/system_stm32f7xx.o
 .debug_line    0x000029fa       0x7a ./Core/Startup/startup_stm32f767zitx.o
 .debug_line    0x00002a74      0xb7d ./Drivers/STM32F7xx_HAL_Driver/stm32f7xx_hal.o
 .debug_line    0x000035f1      0xdef ./Drivers/STM32F7xx_HAL_Driver/stm32f7xx_hal_cortex.o
 .debug_line    0x000043e0      0xcd3 ./Drivers/STM32F7xx_HAL_Driver/stm32f7xx_hal_gpio.o
 .debug_line    0x000050b3      0xfab ./Drivers/STM32F7xx_HAL_Driver/stm32f7xx_hal_rcc.o

.debug_str      0x00000000    0xe78c7
 .debug_str     0x00000000    0xe600e ./Core/Src/led.o
                              0xe66c2 (size before relaxing)
 .debug_str     0x000e600e      0x41e ./Core/Src/main.o
                              0xe6adb (size before relaxing)
 .debug_str     0x000e642c       0x2c ./Core/Src/stm32f7xx_hal_msp.o
                              0xe674c (size before relaxing)
 .debug_str     0x000e6458       0xc9 ./Core/Src/stm32f7xx_it.o
                              0xe66b5 (size before relaxing)
 .debug_str     0x000e6521      0x1a4 ./Core/Src/system_stm32f7xx.o
                              0xe68c5 (size before relaxing)
 .debug_str     0x000e66c5       0x44 ./Core/Startup/startup_stm32f767zitx.o
                                 0x69 (size before relaxing)
 .debug_str     0x000e6709      0xac9 ./Drivers/STM32F7xx_HAL_Driver/stm32f7xx_hal.o
                              0xe733e (size before relaxing)
 .debug_str     0x000e71d2      0x309 ./Drivers/STM32F7xx_HAL_Driver/stm32f7xx_hal_cortex.o
                              0xe7320 (size before relaxing)
 .debug_str     0x000e74db      0x153 ./Drivers/STM32F7xx_HAL_Driver/stm32f7xx_hal_gpio.o
                              0xe69bc (size before relaxing)
 .debug_str     0x000e762e      0x299 ./Drivers/STM32F7xx_HAL_Driver/stm32f7xx_hal_rcc.o
                              0xe6c79 (size before relaxing)

.comment        0x00000000       0x43
 .comment       0x00000000       0x43 ./Core/Src/led.o
                                 0x44 (size before relaxing)
 .comment       0x00000043       0x44 ./Core/Src/main.o
 .comment       0x00000043       0x44 ./Core/Src/stm32f7xx_hal_msp.o
 .comment       0x00000043       0x44 ./Core/Src/stm32f7xx_it.o
 .comment       0x00000043       0x44 ./Core/Src/system_stm32f7xx.o
 .comment       0x00000043       0x44 ./Drivers/STM32F7xx_HAL_Driver/stm32f7xx_hal.o
 .comment       0x00000043       0x44 ./Drivers/STM32F7xx_HAL_Driver/stm32f7xx_hal_cortex.o
 .comment       0x00000043       0x44 ./Drivers/STM32F7xx_HAL_Driver/stm32f7xx_hal_gpio.o
 .comment       0x00000043       0x44 ./Drivers/STM32F7xx_HAL_Driver/stm32f7xx_hal_rcc.o

.debug_frame    0x00000000      0xf44
 .debug_frame   0x00000000       0x34 ./Core/Src/led.o
 .debug_frame   0x00000034       0xb0 ./Core/Src/main.o
 .debug_frame   0x000000e4       0x38 ./Core/Src/stm32f7xx_hal_msp.o
 .debug_frame   0x0000011c      0x104 ./Core/Src/stm32f7xx_it.o
 .debug_frame   0x00000220       0x58 ./Core/Src/system_stm32f7xx.o
 .debug_frame   0x00000278      0x3f4 ./Drivers/STM32F7xx_HAL_Driver/stm32f7xx_hal.o
 .debug_frame   0x0000066c      0x4e8 ./Drivers/STM32F7xx_HAL_Driver/stm32f7xx_hal_cortex.o
 .debug_frame   0x00000b54      0x14c ./Drivers/STM32F7xx_HAL_Driver/stm32f7xx_hal_gpio.o
 .debug_frame   0x00000ca0      0x1f8 ./Drivers/STM32F7xx_HAL_Driver/stm32f7xx_hal_rcc.o
 .debug_frame   0x00000e98       0x20 C:/ST/STM32CubeIDE_1.17.0/STM32CubeIDE/plugins/com.st.stm32cube.ide.mcu.externaltools.gnu-tools-for-stm32.12.3.rel1.win32_1.1.0.202410251130/tools/bin/../lib/gcc/arm-none-eabi/12.3.1/../../../../arm-none-eabi/lib/thumb/v7e-m+dp/hard\libc_nano.a(libc_a-memset.o)
 .debug_frame   0x00000eb8       0x2c C:/ST/STM32CubeIDE_1.17.0/STM32CubeIDE/plugins/com.st.stm32cube.ide.mcu.externaltools.gnu-tools-for-stm32.12.3.rel1.win32_1.1.0.202410251130/tools/bin/../lib/gcc/arm-none-eabi/12.3.1/../../../../arm-none-eabi/lib/thumb/v7e-m+dp/hard\libc_nano.a(libc_a-init.o)
 .debug_frame   0x00000ee4       0x2c C:/ST/STM32CubeIDE_1.17.0/STM32CubeIDE/plugins/com.st.stm32cube.ide.mcu.externaltools.gnu-tools-for-stm32.12.3.rel1.win32_1.1.0.202410251130/tools/bin/../lib/gcc/arm-none-eabi/12.3.1/thumb/v7e-m+dp/hard\libgcc.a(_aeabi_uldivmod.o)
 .debug_frame   0x00000f10       0x34 C:/ST/STM32CubeIDE_1.17.0/STM32CubeIDE/plugins/com.st.stm32cube.ide.mcu.externaltools.gnu-tools-for-stm32.12.3.rel1.win32_1.1.0.202410251130/tools/bin/../lib/gcc/arm-none-eabi/12.3.1/thumb/v7e-m+dp/hard\libgcc.a(_udivmoddi4.o)

.debug_line_str
                0x00000000       0x4d
 .debug_line_str
                0x00000000       0x4d ./Core/Startup/startup_stm32f767zitx.o
