13:16:29 **** Build of configuration Debug for project L1 ****
make -j12 all 
arm-none-eabi-gcc "C:/Users/Admin/STM32Cube/Repository/STM32Cube_FW_F7_V1.17.2/Drivers/STM32F7xx_HAL_Driver/Src/stm32f7xx_hal.c" -mcpu=cortex-m7 -std=gnu11 -g3 -DDEBUG -DUSE_HAL_DRIVER -DSTM32F767xx -c -I../Core/Inc -IC:/Users/Admin/STM32Cube/Repository/STM32Cube_FW_F7_V1.17.2/Drivers/STM32F7xx_HAL_Driver/Inc -IC:/Users/Admin/STM32Cube/Repository/STM32Cube_FW_F7_V1.17.2/Drivers/STM32F7xx_HAL_Driver/Inc/Legacy -IC:/Users/Admin/STM32Cube/Repository/STM32Cube_FW_F7_V1.17.2/Drivers/CMSIS/Device/ST/STM32F7xx/Include -IC:/Users/Admin/STM32Cube/Repository/STM32Cube_FW_F7_V1.17.2/Drivers/CMSIS/Include -O0 -ffunction-sections -fdata-sections -Wall -fstack-usage -fcyclomatic-complexity -MMD -MP -MF"Drivers/STM32F7xx_HAL_Driver/stm32f7xx_hal.d" -MT"Drivers/STM32F7xx_HAL_Driver/stm32f7xx_hal.o" --specs=nano.specs -mfpu=fpv5-d16 -mfloat-abi=hard -mthumb -o "Drivers/STM32F7xx_HAL_Driver/stm32f7xx_hal.o"
arm-none-eabi-gcc "C:/Users/Admin/STM32Cube/Repository/STM32Cube_FW_F7_V1.17.2/Drivers/STM32F7xx_HAL_Driver/Src/stm32f7xx_hal_cortex.c" -mcpu=cortex-m7 -std=gnu11 -g3 -DDEBUG -DUSE_HAL_DRIVER -DSTM32F767xx -c -I../Core/Inc -IC:/Users/Admin/STM32Cube/Repository/STM32Cube_FW_F7_V1.17.2/Drivers/STM32F7xx_HAL_Driver/Inc -IC:/Users/Admin/STM32Cube/Repository/STM32Cube_FW_F7_V1.17.2/Drivers/STM32F7xx_HAL_Driver/Inc/Legacy -IC:/Users/Admin/STM32Cube/Repository/STM32Cube_FW_F7_V1.17.2/Drivers/CMSIS/Device/ST/STM32F7xx/Include -IC:/Users/Admin/STM32Cube/Repository/STM32Cube_FW_F7_V1.17.2/Drivers/CMSIS/Include -O0 -ffunction-sections -fdata-sections -Wall -fstack-usage -fcyclomatic-complexity -MMD -MP -MF"Drivers/STM32F7xx_HAL_Driver/stm32f7xx_hal_cortex.d" -MT"Drivers/STM32F7xx_HAL_Driver/stm32f7xx_hal_cortex.o" --specs=nano.specs -mfpu=fpv5-d16 -mfloat-abi=hard -mthumb -o "Drivers/STM32F7xx_HAL_Driver/stm32f7xx_hal_cortex.o"
arm-none-eabi-gcc "C:/Users/Admin/STM32Cube/Repository/STM32Cube_FW_F7_V1.17.2/Drivers/STM32F7xx_HAL_Driver/Src/stm32f7xx_hal_dma.c" -mcpu=cortex-m7 -std=gnu11 -g3 -DDEBUG -DUSE_HAL_DRIVER -DSTM32F767xx -c -I../Core/Inc -IC:/Users/Admin/STM32Cube/Repository/STM32Cube_FW_F7_V1.17.2/Drivers/STM32F7xx_HAL_Driver/Inc -IC:/Users/Admin/STM32Cube/Repository/STM32Cube_FW_F7_V1.17.2/Drivers/STM32F7xx_HAL_Driver/Inc/Legacy -IC:/Users/Admin/STM32Cube/Repository/STM32Cube_FW_F7_V1.17.2/Drivers/CMSIS/Device/ST/STM32F7xx/Include -IC:/Users/Admin/STM32Cube/Repository/STM32Cube_FW_F7_V1.17.2/Drivers/CMSIS/Include -O0 -ffunction-sections -fdata-sections -Wall -fstack-usage -fcyclomatic-complexity -MMD -MP -MF"Drivers/STM32F7xx_HAL_Driver/stm32f7xx_hal_dma.d" -MT"Drivers/STM32F7xx_HAL_Driver/stm32f7xx_hal_dma.o" --specs=nano.specs -mfpu=fpv5-d16 -mfloat-abi=hard -mthumb -o "Drivers/STM32F7xx_HAL_Driver/stm32f7xx_hal_dma.o"
arm-none-eabi-gcc "C:/Users/Admin/STM32Cube/Repository/STM32Cube_FW_F7_V1.17.2/Drivers/STM32F7xx_HAL_Driver/Src/stm32f7xx_hal_dma_ex.c" -mcpu=cortex-m7 -std=gnu11 -g3 -DDEBUG -DUSE_HAL_DRIVER -DSTM32F767xx -c -I../Core/Inc -IC:/Users/Admin/STM32Cube/Repository/STM32Cube_FW_F7_V1.17.2/Drivers/STM32F7xx_HAL_Driver/Inc -IC:/Users/Admin/STM32Cube/Repository/STM32Cube_FW_F7_V1.17.2/Drivers/STM32F7xx_HAL_Driver/Inc/Legacy -IC:/Users/Admin/STM32Cube/Repository/STM32Cube_FW_F7_V1.17.2/Drivers/CMSIS/Device/ST/STM32F7xx/Include -IC:/Users/Admin/STM32Cube/Repository/STM32Cube_FW_F7_V1.17.2/Drivers/CMSIS/Include -O0 -ffunction-sections -fdata-sections -Wall -fstack-usage -fcyclomatic-complexity -MMD -MP -MF"Drivers/STM32F7xx_HAL_Driver/stm32f7xx_hal_dma_ex.d" -MT"Drivers/STM32F7xx_HAL_Driver/stm32f7xx_hal_dma_ex.o" --specs=nano.specs -mfpu=fpv5-d16 -mfloat-abi=hard -mthumb -o "Drivers/STM32F7xx_HAL_Driver/stm32f7xx_hal_dma_ex.o"
arm-none-eabi-gcc "C:/Users/Admin/STM32Cube/Repository/STM32Cube_FW_F7_V1.17.2/Drivers/STM32F7xx_HAL_Driver/Src/stm32f7xx_hal_exti.c" -mcpu=cortex-m7 -std=gnu11 -g3 -DDEBUG -DUSE_HAL_DRIVER -DSTM32F767xx -c -I../Core/Inc -IC:/Users/Admin/STM32Cube/Repository/STM32Cube_FW_F7_V1.17.2/Drivers/STM32F7xx_HAL_Driver/Inc -IC:/Users/Admin/STM32Cube/Repository/STM32Cube_FW_F7_V1.17.2/Drivers/STM32F7xx_HAL_Driver/Inc/Legacy -IC:/Users/Admin/STM32Cube/Repository/STM32Cube_FW_F7_V1.17.2/Drivers/CMSIS/Device/ST/STM32F7xx/Include -IC:/Users/Admin/STM32Cube/Repository/STM32Cube_FW_F7_V1.17.2/Drivers/CMSIS/Include -O0 -ffunction-sections -fdata-sections -Wall -fstack-usage -fcyclomatic-complexity -MMD -MP -MF"Drivers/STM32F7xx_HAL_Driver/stm32f7xx_hal_exti.d" -MT"Drivers/STM32F7xx_HAL_Driver/stm32f7xx_hal_exti.o" --specs=nano.specs -mfpu=fpv5-d16 -mfloat-abi=hard -mthumb -o "Drivers/STM32F7xx_HAL_Driver/stm32f7xx_hal_exti.o"
arm-none-eabi-gcc "C:/Users/Admin/STM32Cube/Repository/STM32Cube_FW_F7_V1.17.2/Drivers/STM32F7xx_HAL_Driver/Src/stm32f7xx_hal_flash.c" -mcpu=cortex-m7 -std=gnu11 -g3 -DDEBUG -DUSE_HAL_DRIVER -DSTM32F767xx -c -I../Core/Inc -IC:/Users/Admin/STM32Cube/Repository/STM32Cube_FW_F7_V1.17.2/Drivers/STM32F7xx_HAL_Driver/Inc -IC:/Users/Admin/STM32Cube/Repository/STM32Cube_FW_F7_V1.17.2/Drivers/STM32F7xx_HAL_Driver/Inc/Legacy -IC:/Users/Admin/STM32Cube/Repository/STM32Cube_FW_F7_V1.17.2/Drivers/CMSIS/Device/ST/STM32F7xx/Include -IC:/Users/Admin/STM32Cube/Repository/STM32Cube_FW_F7_V1.17.2/Drivers/CMSIS/Include -O0 -ffunction-sections -fdata-sections -Wall -fstack-usage -fcyclomatic-complexity -MMD -MP -MF"Drivers/STM32F7xx_HAL_Driver/stm32f7xx_hal_flash.d" -MT"Drivers/STM32F7xx_HAL_Driver/stm32f7xx_hal_flash.o" --specs=nano.specs -mfpu=fpv5-d16 -mfloat-abi=hard -mthumb -o "Drivers/STM32F7xx_HAL_Driver/stm32f7xx_hal_flash.o"
arm-none-eabi-gcc "C:/Users/Admin/STM32Cube/Repository/STM32Cube_FW_F7_V1.17.2/Drivers/STM32F7xx_HAL_Driver/Src/stm32f7xx_hal_flash_ex.c" -mcpu=cortex-m7 -std=gnu11 -g3 -DDEBUG -DUSE_HAL_DRIVER -DSTM32F767xx -c -I../Core/Inc -IC:/Users/Admin/STM32Cube/Repository/STM32Cube_FW_F7_V1.17.2/Drivers/STM32F7xx_HAL_Driver/Inc -IC:/Users/Admin/STM32Cube/Repository/STM32Cube_FW_F7_V1.17.2/Drivers/STM32F7xx_HAL_Driver/Inc/Legacy -IC:/Users/Admin/STM32Cube/Repository/STM32Cube_FW_F7_V1.17.2/Drivers/CMSIS/Device/ST/STM32F7xx/Include -IC:/Users/Admin/STM32Cube/Repository/STM32Cube_FW_F7_V1.17.2/Drivers/CMSIS/Include -O0 -ffunction-sections -fdata-sections -Wall -fstack-usage -fcyclomatic-complexity -MMD -MP -MF"Drivers/STM32F7xx_HAL_Driver/stm32f7xx_hal_flash_ex.d" -MT"Drivers/STM32F7xx_HAL_Driver/stm32f7xx_hal_flash_ex.o" --specs=nano.specs -mfpu=fpv5-d16 -mfloat-abi=hard -mthumb -o "Drivers/STM32F7xx_HAL_Driver/stm32f7xx_hal_flash_ex.o"
arm-none-eabi-gcc "C:/Users/Admin/STM32Cube/Repository/STM32Cube_FW_F7_V1.17.2/Drivers/STM32F7xx_HAL_Driver/Src/stm32f7xx_hal_gpio.c" -mcpu=cortex-m7 -std=gnu11 -g3 -DDEBUG -DUSE_HAL_DRIVER -DSTM32F767xx -c -I../Core/Inc -IC:/Users/Admin/STM32Cube/Repository/STM32Cube_FW_F7_V1.17.2/Drivers/STM32F7xx_HAL_Driver/Inc -IC:/Users/Admin/STM32Cube/Repository/STM32Cube_FW_F7_V1.17.2/Drivers/STM32F7xx_HAL_Driver/Inc/Legacy -IC:/Users/Admin/STM32Cube/Repository/STM32Cube_FW_F7_V1.17.2/Drivers/CMSIS/Device/ST/STM32F7xx/Include -IC:/Users/Admin/STM32Cube/Repository/STM32Cube_FW_F7_V1.17.2/Drivers/CMSIS/Include -O0 -ffunction-sections -fdata-sections -Wall -fstack-usage -fcyclomatic-complexity -MMD -MP -MF"Drivers/STM32F7xx_HAL_Driver/stm32f7xx_hal_gpio.d" -MT"Drivers/STM32F7xx_HAL_Driver/stm32f7xx_hal_gpio.o" --specs=nano.specs -mfpu=fpv5-d16 -mfloat-abi=hard -mthumb -o "Drivers/STM32F7xx_HAL_Driver/stm32f7xx_hal_gpio.o"
arm-none-eabi-gcc "C:/Users/Admin/STM32Cube/Repository/STM32Cube_FW_F7_V1.17.2/Drivers/STM32F7xx_HAL_Driver/Src/stm32f7xx_hal_i2c.c" -mcpu=cortex-m7 -std=gnu11 -g3 -DDEBUG -DUSE_HAL_DRIVER -DSTM32F767xx -c -I../Core/Inc -IC:/Users/Admin/STM32Cube/Repository/STM32Cube_FW_F7_V1.17.2/Drivers/STM32F7xx_HAL_Driver/Inc -IC:/Users/Admin/STM32Cube/Repository/STM32Cube_FW_F7_V1.17.2/Drivers/STM32F7xx_HAL_Driver/Inc/Legacy -IC:/Users/Admin/STM32Cube/Repository/STM32Cube_FW_F7_V1.17.2/Drivers/CMSIS/Device/ST/STM32F7xx/Include -IC:/Users/Admin/STM32Cube/Repository/STM32Cube_FW_F7_V1.17.2/Drivers/CMSIS/Include -O0 -ffunction-sections -fdata-sections -Wall -fstack-usage -fcyclomatic-complexity -MMD -MP -MF"Drivers/STM32F7xx_HAL_Driver/stm32f7xx_hal_i2c.d" -MT"Drivers/STM32F7xx_HAL_Driver/stm32f7xx_hal_i2c.o" --specs=nano.specs -mfpu=fpv5-d16 -mfloat-abi=hard -mthumb -o "Drivers/STM32F7xx_HAL_Driver/stm32f7xx_hal_i2c.o"
arm-none-eabi-gcc "C:/Users/Admin/STM32Cube/Repository/STM32Cube_FW_F7_V1.17.2/Drivers/STM32F7xx_HAL_Driver/Src/stm32f7xx_hal_i2c_ex.c" -mcpu=cortex-m7 -std=gnu11 -g3 -DDEBUG -DUSE_HAL_DRIVER -DSTM32F767xx -c -I../Core/Inc -IC:/Users/Admin/STM32Cube/Repository/STM32Cube_FW_F7_V1.17.2/Drivers/STM32F7xx_HAL_Driver/Inc -IC:/Users/Admin/STM32Cube/Repository/STM32Cube_FW_F7_V1.17.2/Drivers/STM32F7xx_HAL_Driver/Inc/Legacy -IC:/Users/Admin/STM32Cube/Repository/STM32Cube_FW_F7_V1.17.2/Drivers/CMSIS/Device/ST/STM32F7xx/Include -IC:/Users/Admin/STM32Cube/Repository/STM32Cube_FW_F7_V1.17.2/Drivers/CMSIS/Include -O0 -ffunction-sections -fdata-sections -Wall -fstack-usage -fcyclomatic-complexity -MMD -MP -MF"Drivers/STM32F7xx_HAL_Driver/stm32f7xx_hal_i2c_ex.d" -MT"Drivers/STM32F7xx_HAL_Driver/stm32f7xx_hal_i2c_ex.o" --specs=nano.specs -mfpu=fpv5-d16 -mfloat-abi=hard -mthumb -o "Drivers/STM32F7xx_HAL_Driver/stm32f7xx_hal_i2c_ex.o"
arm-none-eabi-gcc "C:/Users/Admin/STM32Cube/Repository/STM32Cube_FW_F7_V1.17.2/Drivers/STM32F7xx_HAL_Driver/Src/stm32f7xx_hal_pwr.c" -mcpu=cortex-m7 -std=gnu11 -g3 -DDEBUG -DUSE_HAL_DRIVER -DSTM32F767xx -c -I../Core/Inc -IC:/Users/Admin/STM32Cube/Repository/STM32Cube_FW_F7_V1.17.2/Drivers/STM32F7xx_HAL_Driver/Inc -IC:/Users/Admin/STM32Cube/Repository/STM32Cube_FW_F7_V1.17.2/Drivers/STM32F7xx_HAL_Driver/Inc/Legacy -IC:/Users/Admin/STM32Cube/Repository/STM32Cube_FW_F7_V1.17.2/Drivers/CMSIS/Device/ST/STM32F7xx/Include -IC:/Users/Admin/STM32Cube/Repository/STM32Cube_FW_F7_V1.17.2/Drivers/CMSIS/Include -O0 -ffunction-sections -fdata-sections -Wall -fstack-usage -fcyclomatic-complexity -MMD -MP -MF"Drivers/STM32F7xx_HAL_Driver/stm32f7xx_hal_pwr.d" -MT"Drivers/STM32F7xx_HAL_Driver/stm32f7xx_hal_pwr.o" --specs=nano.specs -mfpu=fpv5-d16 -mfloat-abi=hard -mthumb -o "Drivers/STM32F7xx_HAL_Driver/stm32f7xx_hal_pwr.o"
arm-none-eabi-gcc "C:/Users/Admin/STM32Cube/Repository/STM32Cube_FW_F7_V1.17.2/Drivers/STM32F7xx_HAL_Driver/Src/stm32f7xx_hal_pwr_ex.c" -mcpu=cortex-m7 -std=gnu11 -g3 -DDEBUG -DUSE_HAL_DRIVER -DSTM32F767xx -c -I../Core/Inc -IC:/Users/Admin/STM32Cube/Repository/STM32Cube_FW_F7_V1.17.2/Drivers/STM32F7xx_HAL_Driver/Inc -IC:/Users/Admin/STM32Cube/Repository/STM32Cube_FW_F7_V1.17.2/Drivers/STM32F7xx_HAL_Driver/Inc/Legacy -IC:/Users/Admin/STM32Cube/Repository/STM32Cube_FW_F7_V1.17.2/Drivers/CMSIS/Device/ST/STM32F7xx/Include -IC:/Users/Admin/STM32Cube/Repository/STM32Cube_FW_F7_V1.17.2/Drivers/CMSIS/Include -O0 -ffunction-sections -fdata-sections -Wall -fstack-usage -fcyclomatic-complexity -MMD -MP -MF"Drivers/STM32F7xx_HAL_Driver/stm32f7xx_hal_pwr_ex.d" -MT"Drivers/STM32F7xx_HAL_Driver/stm32f7xx_hal_pwr_ex.o" --specs=nano.specs -mfpu=fpv5-d16 -mfloat-abi=hard -mthumb -o "Drivers/STM32F7xx_HAL_Driver/stm32f7xx_hal_pwr_ex.o"
arm-none-eabi-gcc "C:/Users/Admin/STM32Cube/Repository/STM32Cube_FW_F7_V1.17.2/Drivers/STM32F7xx_HAL_Driver/Src/stm32f7xx_hal_rcc.c" -mcpu=cortex-m7 -std=gnu11 -g3 -DDEBUG -DUSE_HAL_DRIVER -DSTM32F767xx -c -I../Core/Inc -IC:/Users/Admin/STM32Cube/Repository/STM32Cube_FW_F7_V1.17.2/Drivers/STM32F7xx_HAL_Driver/Inc -IC:/Users/Admin/STM32Cube/Repository/STM32Cube_FW_F7_V1.17.2/Drivers/STM32F7xx_HAL_Driver/Inc/Legacy -IC:/Users/Admin/STM32Cube/Repository/STM32Cube_FW_F7_V1.17.2/Drivers/CMSIS/Device/ST/STM32F7xx/Include -IC:/Users/Admin/STM32Cube/Repository/STM32Cube_FW_F7_V1.17.2/Drivers/CMSIS/Include -O0 -ffunction-sections -fdata-sections -Wall -fstack-usage -fcyclomatic-complexity -MMD -MP -MF"Drivers/STM32F7xx_HAL_Driver/stm32f7xx_hal_rcc.d" -MT"Drivers/STM32F7xx_HAL_Driver/stm32f7xx_hal_rcc.o" --specs=nano.specs -mfpu=fpv5-d16 -mfloat-abi=hard -mthumb -o "Drivers/STM32F7xx_HAL_Driver/stm32f7xx_hal_rcc.o"
arm-none-eabi-gcc "C:/Users/Admin/STM32Cube/Repository/STM32Cube_FW_F7_V1.17.2/Drivers/STM32F7xx_HAL_Driver/Src/stm32f7xx_hal_rcc_ex.c" -mcpu=cortex-m7 -std=gnu11 -g3 -DDEBUG -DUSE_HAL_DRIVER -DSTM32F767xx -c -I../Core/Inc -IC:/Users/Admin/STM32Cube/Repository/STM32Cube_FW_F7_V1.17.2/Drivers/STM32F7xx_HAL_Driver/Inc -IC:/Users/Admin/STM32Cube/Repository/STM32Cube_FW_F7_V1.17.2/Drivers/STM32F7xx_HAL_Driver/Inc/Legacy -IC:/Users/Admin/STM32Cube/Repository/STM32Cube_FW_F7_V1.17.2/Drivers/CMSIS/Device/ST/STM32F7xx/Include -IC:/Users/Admin/STM32Cube/Repository/STM32Cube_FW_F7_V1.17.2/Drivers/CMSIS/Include -O0 -ffunction-sections -fdata-sections -Wall -fstack-usage -fcyclomatic-complexity -MMD -MP -MF"Drivers/STM32F7xx_HAL_Driver/stm32f7xx_hal_rcc_ex.d" -MT"Drivers/STM32F7xx_HAL_Driver/stm32f7xx_hal_rcc_ex.o" --specs=nano.specs -mfpu=fpv5-d16 -mfloat-abi=hard -mthumb -o "Drivers/STM32F7xx_HAL_Driver/stm32f7xx_hal_rcc_ex.o"
arm-none-eabi-gcc "C:/Users/Admin/STM32Cube/Repository/STM32Cube_FW_F7_V1.17.2/Drivers/STM32F7xx_HAL_Driver/Src/stm32f7xx_hal_rng.c" -mcpu=cortex-m7 -std=gnu11 -g3 -DDEBUG -DUSE_HAL_DRIVER -DSTM32F767xx -c -I../Core/Inc -IC:/Users/Admin/STM32Cube/Repository/STM32Cube_FW_F7_V1.17.2/Drivers/STM32F7xx_HAL_Driver/Inc -IC:/Users/Admin/STM32Cube/Repository/STM32Cube_FW_F7_V1.17.2/Drivers/STM32F7xx_HAL_Driver/Inc/Legacy -IC:/Users/Admin/STM32Cube/Repository/STM32Cube_FW_F7_V1.17.2/Drivers/CMSIS/Device/ST/STM32F7xx/Include -IC:/Users/Admin/STM32Cube/Repository/STM32Cube_FW_F7_V1.17.2/Drivers/CMSIS/Include -O0 -ffunction-sections -fdata-sections -Wall -fstack-usage -fcyclomatic-complexity -MMD -MP -MF"Drivers/STM32F7xx_HAL_Driver/stm32f7xx_hal_rng.d" -MT"Drivers/STM32F7xx_HAL_Driver/stm32f7xx_hal_rng.o" --specs=nano.specs -mfpu=fpv5-d16 -mfloat-abi=hard -mthumb -o "Drivers/STM32F7xx_HAL_Driver/stm32f7xx_hal_rng.o"
arm-none-eabi-gcc "C:/Users/Admin/STM32Cube/Repository/STM32Cube_FW_F7_V1.17.2/Drivers/STM32F7xx_HAL_Driver/Src/stm32f7xx_hal_spi.c" -mcpu=cortex-m7 -std=gnu11 -g3 -DDEBUG -DUSE_HAL_DRIVER -DSTM32F767xx -c -I../Core/Inc -IC:/Users/Admin/STM32Cube/Repository/STM32Cube_FW_F7_V1.17.2/Drivers/STM32F7xx_HAL_Driver/Inc -IC:/Users/Admin/STM32Cube/Repository/STM32Cube_FW_F7_V1.17.2/Drivers/STM32F7xx_HAL_Driver/Inc/Legacy -IC:/Users/Admin/STM32Cube/Repository/STM32Cube_FW_F7_V1.17.2/Drivers/CMSIS/Device/ST/STM32F7xx/Include -IC:/Users/Admin/STM32Cube/Repository/STM32Cube_FW_F7_V1.17.2/Drivers/CMSIS/Include -O0 -ffunction-sections -fdata-sections -Wall -fstack-usage -fcyclomatic-complexity -MMD -MP -MF"Drivers/STM32F7xx_HAL_Driver/stm32f7xx_hal_spi.d" -MT"Drivers/STM32F7xx_HAL_Driver/stm32f7xx_hal_spi.o" --specs=nano.specs -mfpu=fpv5-d16 -mfloat-abi=hard -mthumb -o "Drivers/STM32F7xx_HAL_Driver/stm32f7xx_hal_spi.o"
arm-none-eabi-gcc "C:/Users/Admin/STM32Cube/Repository/STM32Cube_FW_F7_V1.17.2/Drivers/STM32F7xx_HAL_Driver/Src/stm32f7xx_hal_spi_ex.c" -mcpu=cortex-m7 -std=gnu11 -g3 -DDEBUG -DUSE_HAL_DRIVER -DSTM32F767xx -c -I../Core/Inc -IC:/Users/Admin/STM32Cube/Repository/STM32Cube_FW_F7_V1.17.2/Drivers/STM32F7xx_HAL_Driver/Inc -IC:/Users/Admin/STM32Cube/Repository/STM32Cube_FW_F7_V1.17.2/Drivers/STM32F7xx_HAL_Driver/Inc/Legacy -IC:/Users/Admin/STM32Cube/Repository/STM32Cube_FW_F7_V1.17.2/Drivers/CMSIS/Device/ST/STM32F7xx/Include -IC:/Users/Admin/STM32Cube/Repository/STM32Cube_FW_F7_V1.17.2/Drivers/CMSIS/Include -O0 -ffunction-sections -fdata-sections -Wall -fstack-usage -fcyclomatic-complexity -MMD -MP -MF"Drivers/STM32F7xx_HAL_Driver/stm32f7xx_hal_spi_ex.d" -MT"Drivers/STM32F7xx_HAL_Driver/stm32f7xx_hal_spi_ex.o" --specs=nano.specs -mfpu=fpv5-d16 -mfloat-abi=hard -mthumb -o "Drivers/STM32F7xx_HAL_Driver/stm32f7xx_hal_spi_ex.o"
arm-none-eabi-gcc "C:/Users/Admin/STM32Cube/Repository/STM32Cube_FW_F7_V1.17.2/Drivers/STM32F7xx_HAL_Driver/Src/stm32f7xx_hal_tim.c" -mcpu=cortex-m7 -std=gnu11 -g3 -DDEBUG -DUSE_HAL_DRIVER -DSTM32F767xx -c -I../Core/Inc -IC:/Users/Admin/STM32Cube/Repository/STM32Cube_FW_F7_V1.17.2/Drivers/STM32F7xx_HAL_Driver/Inc -IC:/Users/Admin/STM32Cube/Repository/STM32Cube_FW_F7_V1.17.2/Drivers/STM32F7xx_HAL_Driver/Inc/Legacy -IC:/Users/Admin/STM32Cube/Repository/STM32Cube_FW_F7_V1.17.2/Drivers/CMSIS/Device/ST/STM32F7xx/Include -IC:/Users/Admin/STM32Cube/Repository/STM32Cube_FW_F7_V1.17.2/Drivers/CMSIS/Include -O0 -ffunction-sections -fdata-sections -Wall -fstack-usage -fcyclomatic-complexity -MMD -MP -MF"Drivers/STM32F7xx_HAL_Driver/stm32f7xx_hal_tim.d" -MT"Drivers/STM32F7xx_HAL_Driver/stm32f7xx_hal_tim.o" --specs=nano.specs -mfpu=fpv5-d16 -mfloat-abi=hard -mthumb -o "Drivers/STM32F7xx_HAL_Driver/stm32f7xx_hal_tim.o"
arm-none-eabi-gcc "C:/Users/Admin/STM32Cube/Repository/STM32Cube_FW_F7_V1.17.2/Drivers/STM32F7xx_HAL_Driver/Src/stm32f7xx_hal_tim_ex.c" -mcpu=cortex-m7 -std=gnu11 -g3 -DDEBUG -DUSE_HAL_DRIVER -DSTM32F767xx -c -I../Core/Inc -IC:/Users/Admin/STM32Cube/Repository/STM32Cube_FW_F7_V1.17.2/Drivers/STM32F7xx_HAL_Driver/Inc -IC:/Users/Admin/STM32Cube/Repository/STM32Cube_FW_F7_V1.17.2/Drivers/STM32F7xx_HAL_Driver/Inc/Legacy -IC:/Users/Admin/STM32Cube/Repository/STM32Cube_FW_F7_V1.17.2/Drivers/CMSIS/Device/ST/STM32F7xx/Include -IC:/Users/Admin/STM32Cube/Repository/STM32Cube_FW_F7_V1.17.2/Drivers/CMSIS/Include -O0 -ffunction-sections -fdata-sections -Wall -fstack-usage -fcyclomatic-complexity -MMD -MP -MF"Drivers/STM32F7xx_HAL_Driver/stm32f7xx_hal_tim_ex.d" -MT"Drivers/STM32F7xx_HAL_Driver/stm32f7xx_hal_tim_ex.o" --specs=nano.specs -mfpu=fpv5-d16 -mfloat-abi=hard -mthumb -o "Drivers/STM32F7xx_HAL_Driver/stm32f7xx_hal_tim_ex.o"
arm-none-eabi-gcc -mcpu=cortex-m7 -g3 -DDEBUG -c -x assembler-with-cpp -MMD -MP -MF"Core/Startup/startup_stm32f767zitx.d" -MT"Core/Startup/startup_stm32f767zitx.o" --specs=nano.specs -mfpu=fpv5-d16 -mfloat-abi=hard -mthumb -o "Core/Startup/startup_stm32f767zitx.o" "../Core/Startup/startup_stm32f767zitx.s"
arm-none-eabi-gcc "../Core/Src/main.c" -mcpu=cortex-m7 -std=gnu11 -g3 -DDEBUG -DUSE_HAL_DRIVER -DSTM32F767xx -c -I../Core/Inc -IC:/Users/Admin/STM32Cube/Repository/STM32Cube_FW_F7_V1.17.2/Drivers/STM32F7xx_HAL_Driver/Inc -IC:/Users/Admin/STM32Cube/Repository/STM32Cube_FW_F7_V1.17.2/Drivers/STM32F7xx_HAL_Driver/Inc/Legacy -IC:/Users/Admin/STM32Cube/Repository/STM32Cube_FW_F7_V1.17.2/Drivers/CMSIS/Device/ST/STM32F7xx/Include -IC:/Users/Admin/STM32Cube/Repository/STM32Cube_FW_F7_V1.17.2/Drivers/CMSIS/Include -O0 -ffunction-sections -fdata-sections -Wall -fstack-usage -fcyclomatic-complexity -MMD -MP -MF"Core/Src/main.d" -MT"Core/Src/main.o" --specs=nano.specs -mfpu=fpv5-d16 -mfloat-abi=hard -mthumb -o "Core/Src/main.o"
arm-none-eabi-gcc "../Core/Src/stm32f7xx_hal_msp.c" -mcpu=cortex-m7 -std=gnu11 -g3 -DDEBUG -DUSE_HAL_DRIVER -DSTM32F767xx -c -I../Core/Inc -IC:/Users/Admin/STM32Cube/Repository/STM32Cube_FW_F7_V1.17.2/Drivers/STM32F7xx_HAL_Driver/Inc -IC:/Users/Admin/STM32Cube/Repository/STM32Cube_FW_F7_V1.17.2/Drivers/STM32F7xx_HAL_Driver/Inc/Legacy -IC:/Users/Admin/STM32Cube/Repository/STM32Cube_FW_F7_V1.17.2/Drivers/CMSIS/Device/ST/STM32F7xx/Include -IC:/Users/Admin/STM32Cube/Repository/STM32Cube_FW_F7_V1.17.2/Drivers/CMSIS/Include -O0 -ffunction-sections -fdata-sections -Wall -fstack-usage -fcyclomatic-complexity -MMD -MP -MF"Core/Src/stm32f7xx_hal_msp.d" -MT"Core/Src/stm32f7xx_hal_msp.o" --specs=nano.specs -mfpu=fpv5-d16 -mfloat-abi=hard -mthumb -o "Core/Src/stm32f7xx_hal_msp.o"
arm-none-eabi-gcc "../Core/Src/stm32f7xx_it.c" -mcpu=cortex-m7 -std=gnu11 -g3 -DDEBUG -DUSE_HAL_DRIVER -DSTM32F767xx -c -I../Core/Inc -IC:/Users/Admin/STM32Cube/Repository/STM32Cube_FW_F7_V1.17.2/Drivers/STM32F7xx_HAL_Driver/Inc -IC:/Users/Admin/STM32Cube/Repository/STM32Cube_FW_F7_V1.17.2/Drivers/STM32F7xx_HAL_Driver/Inc/Legacy -IC:/Users/Admin/STM32Cube/Repository/STM32Cube_FW_F7_V1.17.2/Drivers/CMSIS/Device/ST/STM32F7xx/Include -IC:/Users/Admin/STM32Cube/Repository/STM32Cube_FW_F7_V1.17.2/Drivers/CMSIS/Include -O0 -ffunction-sections -fdata-sections -Wall -fstack-usage -fcyclomatic-complexity -MMD -MP -MF"Core/Src/stm32f7xx_it.d" -MT"Core/Src/stm32f7xx_it.o" --specs=nano.specs -mfpu=fpv5-d16 -mfloat-abi=hard -mthumb -o "Core/Src/stm32f7xx_it.o"
arm-none-eabi-gcc "../Core/Src/syscalls.c" -mcpu=cortex-m7 -std=gnu11 -g3 -DDEBUG -DUSE_HAL_DRIVER -DSTM32F767xx -c -I../Core/Inc -IC:/Users/Admin/STM32Cube/Repository/STM32Cube_FW_F7_V1.17.2/Drivers/STM32F7xx_HAL_Driver/Inc -IC:/Users/Admin/STM32Cube/Repository/STM32Cube_FW_F7_V1.17.2/Drivers/STM32F7xx_HAL_Driver/Inc/Legacy -IC:/Users/Admin/STM32Cube/Repository/STM32Cube_FW_F7_V1.17.2/Drivers/CMSIS/Device/ST/STM32F7xx/Include -IC:/Users/Admin/STM32Cube/Repository/STM32Cube_FW_F7_V1.17.2/Drivers/CMSIS/Include -O0 -ffunction-sections -fdata-sections -Wall -fstack-usage -fcyclomatic-complexity -MMD -MP -MF"Core/Src/syscalls.d" -MT"Core/Src/syscalls.o" --specs=nano.specs -mfpu=fpv5-d16 -mfloat-abi=hard -mthumb -o "Core/Src/syscalls.o"
arm-none-eabi-gcc "../Core/Src/sysmem.c" -mcpu=cortex-m7 -std=gnu11 -g3 -DDEBUG -DUSE_HAL_DRIVER -DSTM32F767xx -c -I../Core/Inc -IC:/Users/Admin/STM32Cube/Repository/STM32Cube_FW_F7_V1.17.2/Drivers/STM32F7xx_HAL_Driver/Inc -IC:/Users/Admin/STM32Cube/Repository/STM32Cube_FW_F7_V1.17.2/Drivers/STM32F7xx_HAL_Driver/Inc/Legacy -IC:/Users/Admin/STM32Cube/Repository/STM32Cube_FW_F7_V1.17.2/Drivers/CMSIS/Device/ST/STM32F7xx/Include -IC:/Users/Admin/STM32Cube/Repository/STM32Cube_FW_F7_V1.17.2/Drivers/CMSIS/Include -O0 -ffunction-sections -fdata-sections -Wall -fstack-usage -fcyclomatic-complexity -MMD -MP -MF"Core/Src/sysmem.d" -MT"Core/Src/sysmem.o" --specs=nano.specs -mfpu=fpv5-d16 -mfloat-abi=hard -mthumb -o "Core/Src/sysmem.o"
arm-none-eabi-gcc "../Core/Src/system_stm32f7xx.c" -mcpu=cortex-m7 -std=gnu11 -g3 -DDEBUG -DUSE_HAL_DRIVER -DSTM32F767xx -c -I../Core/Inc -IC:/Users/Admin/STM32Cube/Repository/STM32Cube_FW_F7_V1.17.2/Drivers/STM32F7xx_HAL_Driver/Inc -IC:/Users/Admin/STM32Cube/Repository/STM32Cube_FW_F7_V1.17.2/Drivers/STM32F7xx_HAL_Driver/Inc/Legacy -IC:/Users/Admin/STM32Cube/Repository/STM32Cube_FW_F7_V1.17.2/Drivers/CMSIS/Device/ST/STM32F7xx/Include -IC:/Users/Admin/STM32Cube/Repository/STM32Cube_FW_F7_V1.17.2/Drivers/CMSIS/Include -O0 -ffunction-sections -fdata-sections -Wall -fstack-usage -fcyclomatic-complexity -MMD -MP -MF"Core/Src/system_stm32f7xx.d" -MT"Core/Src/system_stm32f7xx.o" --specs=nano.specs -mfpu=fpv5-d16 -mfloat-abi=hard -mthumb -o "Core/Src/system_stm32f7xx.o"
arm-none-eabi-gcc -o "L1.elf" @"objects.list"   -mcpu=cortex-m7 -T"D:\STM32\Get_ready\LCD\L1\STM32F767ZITX_FLASH.ld" --specs=nosys.specs -Wl,-Map="L1.map" -Wl,--gc-sections -static --specs=nano.specs -mfpu=fpv5-d16 -mfloat-abi=hard -mthumb -Wl,--start-group -lc -lm -Wl,--end-group
Finished building target: L1.elf
 
arm-none-eabi-size  L1.elf 
arm-none-eabi-objdump -h -S L1.elf  > "L1.list"
   text	   data	    bss	    dec	    hex	filename
  12104	     12	   1844	  13960	   3688	L1.elf
Finished building: default.size.stdout
 
Finished building: L1.list
 
13:18:05 **** Incremental Build of configuration Debug for project L1 ****
make -j12 all 
arm-none-eabi-gcc "../Drivers/ILI9341/ILI9341_GFX.c" -mcpu=cortex-m7 -std=gnu11 -g3 -DDEBUG -DUSE_HAL_DRIVER -DSTM32F767xx -c -I../Core/Inc -IC:/Users/Admin/STM32Cube/Repository/STM32Cube_FW_F7_V1.17.2/Drivers/STM32F7xx_HAL_Driver/Inc -IC:/Users/Admin/STM32Cube/Repository/STM32Cube_FW_F7_V1.17.2/Drivers/STM32F7xx_HAL_Driver/Inc/Legacy -IC:/Users/Admin/STM32Cube/Repository/STM32Cube_FW_F7_V1.17.2/Drivers/CMSIS/Device/ST/STM32F7xx/Include -IC:/Users/Admin/STM32Cube/Repository/STM32Cube_FW_F7_V1.17.2/Drivers/CMSIS/Include -O0 -ffunction-sections -fdata-sections -Wall -fstack-usage -fcyclomatic-complexity -MMD -MP -MF"Drivers/ILI9341/ILI9341_GFX.d" -MT"Drivers/ILI9341/ILI9341_GFX.o" --specs=nano.specs -mfpu=fpv5-d16 -mfloat-abi=hard -mthumb -o "Drivers/ILI9341/ILI9341_GFX.o"
arm-none-eabi-gcc "../Drivers/ILI9341/ILI9341_STM32_Driver.c" -mcpu=cortex-m7 -std=gnu11 -g3 -DDEBUG -DUSE_HAL_DRIVER -DSTM32F767xx -c -I../Core/Inc -IC:/Users/Admin/STM32Cube/Repository/STM32Cube_FW_F7_V1.17.2/Drivers/STM32F7xx_HAL_Driver/Inc -IC:/Users/Admin/STM32Cube/Repository/STM32Cube_FW_F7_V1.17.2/Drivers/STM32F7xx_HAL_Driver/Inc/Legacy -IC:/Users/Admin/STM32Cube/Repository/STM32Cube_FW_F7_V1.17.2/Drivers/CMSIS/Device/ST/STM32F7xx/Include -IC:/Users/Admin/STM32Cube/Repository/STM32Cube_FW_F7_V1.17.2/Drivers/CMSIS/Include -O0 -ffunction-sections -fdata-sections -Wall -fstack-usage -fcyclomatic-complexity -MMD -MP -MF"Drivers/ILI9341/ILI9341_STM32_Driver.d" -MT"Drivers/ILI9341/ILI9341_STM32_Driver.o" --specs=nano.specs -mfpu=fpv5-d16 -mfloat-abi=hard -mthumb -o "Drivers/ILI9341/ILI9341_STM32_Driver.o"
arm-none-eabi-gcc "../Drivers/ILI9341/ILI9341_Touchscreen.c" -mcpu=cortex-m7 -std=gnu11 -g3 -DDEBUG -DUSE_HAL_DRIVER -DSTM32F767xx -c -I../Core/Inc -IC:/Users/Admin/STM32Cube/Repository/STM32Cube_FW_F7_V1.17.2/Drivers/STM32F7xx_HAL_Driver/Inc -IC:/Users/Admin/STM32Cube/Repository/STM32Cube_FW_F7_V1.17.2/Drivers/STM32F7xx_HAL_Driver/Inc/Legacy -IC:/Users/Admin/STM32Cube/Repository/STM32Cube_FW_F7_V1.17.2/Drivers/CMSIS/Device/ST/STM32F7xx/Include -IC:/Users/Admin/STM32Cube/Repository/STM32Cube_FW_F7_V1.17.2/Drivers/CMSIS/Include -O0 -ffunction-sections -fdata-sections -Wall -fstack-usage -fcyclomatic-complexity -MMD -MP -MF"Drivers/ILI9341/ILI9341_Touchscreen.d" -MT"Drivers/ILI9341/ILI9341_Touchscreen.o" --specs=nano.specs -mfpu=fpv5-d16 -mfloat-abi=hard -mthumb -o "Drivers/ILI9341/ILI9341_Touchscreen.o"
../Drivers/ILI9341/ILI9341_GFX.c:51:10: fatal error: spi.h: No such file or directory
   51 | #include "spi.h"
      |          ^~~~~~~
compilation terminated.
../Drivers/ILI9341/ILI9341_STM32_Driver.c:85:10: fatal error: spi.h: No such file or directory
   85 | #include "spi.h"
      |          ^~~~~~~
compilation terminated.
make: *** [Drivers/ILI9341/subdir.mk:25: Drivers/ILI9341/ILI9341_GFX.o] Error 1
make: *** Waiting for unfinished jobs....
make: *** [Drivers/ILI9341/subdir.mk:25: Drivers/ILI9341/ILI9341_STM32_Driver.o] Error 1
"make -j12 all" terminated with exit code 2. Build might be incomplete.
13:18:25 **** Incremental Build of configuration Debug for project L1 ****
make -j12 all 
arm-none-eabi-gcc "../Drivers/ILI9341/ILI9341_GFX.c" -mcpu=cortex-m7 -std=gnu11 -g3 -DDEBUG -DUSE_HAL_DRIVER -DSTM32F767xx -c -I../Core/Inc -IC:/Users/Admin/STM32Cube/Repository/STM32Cube_FW_F7_V1.17.2/Drivers/STM32F7xx_HAL_Driver/Inc -IC:/Users/Admin/STM32Cube/Repository/STM32Cube_FW_F7_V1.17.2/Drivers/STM32F7xx_HAL_Driver/Inc/Legacy -IC:/Users/Admin/STM32Cube/Repository/STM32Cube_FW_F7_V1.17.2/Drivers/CMSIS/Device/ST/STM32F7xx/Include -IC:/Users/Admin/STM32Cube/Repository/STM32Cube_FW_F7_V1.17.2/Drivers/CMSIS/Include -O0 -ffunction-sections -fdata-sections -Wall -fstack-usage -fcyclomatic-complexity -MMD -MP -MF"Drivers/ILI9341/ILI9341_GFX.d" -MT"Drivers/ILI9341/ILI9341_GFX.o" --specs=nano.specs -mfpu=fpv5-d16 -mfloat-abi=hard -mthumb -o "Drivers/ILI9341/ILI9341_GFX.o"
arm-none-eabi-gcc "../Drivers/ILI9341/ILI9341_STM32_Driver.c" -mcpu=cortex-m7 -std=gnu11 -g3 -DDEBUG -DUSE_HAL_DRIVER -DSTM32F767xx -c -I../Core/Inc -IC:/Users/Admin/STM32Cube/Repository/STM32Cube_FW_F7_V1.17.2/Drivers/STM32F7xx_HAL_Driver/Inc -IC:/Users/Admin/STM32Cube/Repository/STM32Cube_FW_F7_V1.17.2/Drivers/STM32F7xx_HAL_Driver/Inc/Legacy -IC:/Users/Admin/STM32Cube/Repository/STM32Cube_FW_F7_V1.17.2/Drivers/CMSIS/Device/ST/STM32F7xx/Include -IC:/Users/Admin/STM32Cube/Repository/STM32Cube_FW_F7_V1.17.2/Drivers/CMSIS/Include -O0 -ffunction-sections -fdata-sections -Wall -fstack-usage -fcyclomatic-complexity -MMD -MP -MF"Drivers/ILI9341/ILI9341_STM32_Driver.d" -MT"Drivers/ILI9341/ILI9341_STM32_Driver.o" --specs=nano.specs -mfpu=fpv5-d16 -mfloat-abi=hard -mthumb -o "Drivers/ILI9341/ILI9341_STM32_Driver.o"
In file included from ../Drivers/ILI9341/ILI9341_GFX.c:48:
../Drivers/ILI9341/ILI9341_GFX.c: In function 'ILI9341_Draw_Image':
../Drivers/ILI9341/ILI9341_STM32_Driver.h:94:74: error: 'hspi5' undeclared (first use in this function)
   94 | #define HSPI_INSTANCE                                                   &hspi5
      |                                                                          ^~~~~
../Drivers/ILI9341/ILI9341_GFX.c:292:50: note: in expansion of macro 'HSPI_INSTANCE'
  292 |                                 HAL_SPI_Transmit(HSPI_INSTANCE, (unsigned char*)Temp_small_buffer, BURST_MAX_SIZE, 10);
      |                                                  ^~~~~~~~~~~~~
../Drivers/ILI9341/ILI9341_STM32_Driver.c:85:10: fatal error: spi.h: No such file or directory
   85 | #include "spi.h"
      |          ^~~~~~~
../Drivers/ILI9341/ILI9341_STM32_Driver.h:94:74: note: each undeclared identifier is reported only once for each function it appears in
   94 | #define HSPI_INSTANCE                                                   &hspi5
      |                                                                          ^~~~~
../Drivers/ILI9341/ILI9341_GFX.c:292:50: note: in expansion of macro 'HSPI_INSTANCE'
  292 |                                 HAL_SPI_Transmit(HSPI_INSTANCE, (unsigned char*)Temp_small_buffer, BURST_MAX_SIZE, 10);
      |                                                  ^~~~~~~~~~~~~
compilation terminated.
make: *** [Drivers/ILI9341/subdir.mk:25: Drivers/ILI9341/ILI9341_STM32_Driver.o] Error 1
make: *** Waiting for unfinished jobs....
make: *** [Drivers/ILI9341/subdir.mk:25: Drivers/ILI9341/ILI9341_GFX.o] Error 1
"make -j12 all" terminated with exit code 2. Build might be incomplete.
13:18:39 **** Incremental Build of configuration Debug for project L1 ****
make -j12 all 
arm-none-eabi-gcc "../Drivers/ILI9341/ILI9341_GFX.c" -mcpu=cortex-m7 -std=gnu11 -g3 -DDEBUG -DUSE_HAL_DRIVER -DSTM32F767xx -c -I../Core/Inc -IC:/Users/Admin/STM32Cube/Repository/STM32Cube_FW_F7_V1.17.2/Drivers/STM32F7xx_HAL_Driver/Inc -IC:/Users/Admin/STM32Cube/Repository/STM32Cube_FW_F7_V1.17.2/Drivers/STM32F7xx_HAL_Driver/Inc/Legacy -IC:/Users/Admin/STM32Cube/Repository/STM32Cube_FW_F7_V1.17.2/Drivers/CMSIS/Device/ST/STM32F7xx/Include -IC:/Users/Admin/STM32Cube/Repository/STM32Cube_FW_F7_V1.17.2/Drivers/CMSIS/Include -O0 -ffunction-sections -fdata-sections -Wall -fstack-usage -fcyclomatic-complexity -MMD -MP -MF"Drivers/ILI9341/ILI9341_GFX.d" -MT"Drivers/ILI9341/ILI9341_GFX.o" --specs=nano.specs -mfpu=fpv5-d16 -mfloat-abi=hard -mthumb -o "Drivers/ILI9341/ILI9341_GFX.o"
arm-none-eabi-gcc "../Drivers/ILI9341/ILI9341_STM32_Driver.c" -mcpu=cortex-m7 -std=gnu11 -g3 -DDEBUG -DUSE_HAL_DRIVER -DSTM32F767xx -c -I../Core/Inc -IC:/Users/Admin/STM32Cube/Repository/STM32Cube_FW_F7_V1.17.2/Drivers/STM32F7xx_HAL_Driver/Inc -IC:/Users/Admin/STM32Cube/Repository/STM32Cube_FW_F7_V1.17.2/Drivers/STM32F7xx_HAL_Driver/Inc/Legacy -IC:/Users/Admin/STM32Cube/Repository/STM32Cube_FW_F7_V1.17.2/Drivers/CMSIS/Device/ST/STM32F7xx/Include -IC:/Users/Admin/STM32Cube/Repository/STM32Cube_FW_F7_V1.17.2/Drivers/CMSIS/Include -O0 -ffunction-sections -fdata-sections -Wall -fstack-usage -fcyclomatic-complexity -MMD -MP -MF"Drivers/ILI9341/ILI9341_STM32_Driver.d" -MT"Drivers/ILI9341/ILI9341_STM32_Driver.o" --specs=nano.specs -mfpu=fpv5-d16 -mfloat-abi=hard -mthumb -o "Drivers/ILI9341/ILI9341_STM32_Driver.o"
In file included from ../Drivers/ILI9341/ILI9341_GFX.c:48:
../Drivers/ILI9341/ILI9341_GFX.c: In function 'ILI9341_Draw_Image':
../Drivers/ILI9341/ILI9341_STM32_Driver.h:94:74: error: 'hspi5' undeclared (first use in this function)
   94 | #define HSPI_INSTANCE                                                   &hspi5
      |                                                                          ^~~~~
../Drivers/ILI9341/ILI9341_GFX.c:292:50: note: in expansion of macro 'HSPI_INSTANCE'
  292 |                                 HAL_SPI_Transmit(HSPI_INSTANCE, (unsigned char*)Temp_small_buffer, BURST_MAX_SIZE, 10);
      |                                                  ^~~~~~~~~~~~~
../Drivers/ILI9341/ILI9341_STM32_Driver.h:94:74: note: each undeclared identifier is reported only once for each function it appears in
   94 | #define HSPI_INSTANCE                                                   &hspi5
      |                                                                          ^~~~~
../Drivers/ILI9341/ILI9341_GFX.c:292:50: note: in expansion of macro 'HSPI_INSTANCE'
  292 |                                 HAL_SPI_Transmit(HSPI_INSTANCE, (unsigned char*)Temp_small_buffer, BURST_MAX_SIZE, 10);
      |                                                  ^~~~~~~~~~~~~
../Drivers/ILI9341/ILI9341_STM32_Driver.c: In function 'ILI9341_SPI_Init':
../Drivers/ILI9341/ILI9341_STM32_Driver.c:95:1: warning: implicit declaration of function 'MX_SPI5_Init'; did you mean 'HAL_SPI_Init'? [-Wimplicit-function-declaration]
   95 | MX_SPI5_Init();                                                                                                                                                                                 //SPI INIT
      | ^~~~~~~~~~~~
      | HAL_SPI_Init
make: *** [Drivers/ILI9341/subdir.mk:25: Drivers/ILI9341/ILI9341_GFX.o] Error 1
make: *** Waiting for unfinished jobs....
../Drivers/ILI9341/ILI9341_STM32_Driver.c:96:1: warning: implicit declaration of function 'MX_GPIO_Init'; did you mean 'HAL_GPIO_Init'? [-Wimplicit-function-declaration]
   96 | MX_GPIO_Init();                                                                                                                                                                                 //GPIO INIT
      | ^~~~~~~~~~~~
      | HAL_GPIO_Init
In file included from ../Drivers/ILI9341/ILI9341_STM32_Driver.c:84:
../Drivers/ILI9341/ILI9341_STM32_Driver.c: In function 'ILI9341_SPI_Send':
../Drivers/ILI9341/ILI9341_STM32_Driver.h:94:74: error: 'hspi5' undeclared (first use in this function)
   94 | #define HSPI_INSTANCE                                                   &hspi5
      |                                                                          ^~~~~
../Drivers/ILI9341/ILI9341_STM32_Driver.c:103:18: note: in expansion of macro 'HSPI_INSTANCE'
  103 | HAL_SPI_Transmit(HSPI_INSTANCE, &SPI_Data, 1, 1);
      |                  ^~~~~~~~~~~~~
../Drivers/ILI9341/ILI9341_STM32_Driver.h:94:74: note: each undeclared identifier is reported only once for each function it appears in
   94 | #define HSPI_INSTANCE                                                   &hspi5
      |                                                                          ^~~~~
../Drivers/ILI9341/ILI9341_STM32_Driver.c:103:18: note: in expansion of macro 'HSPI_INSTANCE'
  103 | HAL_SPI_Transmit(HSPI_INSTANCE, &SPI_Data, 1, 1);
      |                  ^~~~~~~~~~~~~
../Drivers/ILI9341/ILI9341_STM32_Driver.c: In function 'ILI9341_Draw_Colour':
../Drivers/ILI9341/ILI9341_STM32_Driver.h:94:74: error: 'hspi5' undeclared (first use in this function)
   94 | #define HSPI_INSTANCE                                                   &hspi5
      |                                                                          ^~~~~
../Drivers/ILI9341/ILI9341_STM32_Driver.c:342:18: note: in expansion of macro 'HSPI_INSTANCE'
  342 | HAL_SPI_Transmit(HSPI_INSTANCE, TempBuffer, 2, 1);
      |                  ^~~~~~~~~~~~~
../Drivers/ILI9341/ILI9341_STM32_Driver.c: In function 'ILI9341_Draw_Colour_Burst':
../Drivers/ILI9341/ILI9341_STM32_Driver.h:94:74: error: 'hspi5' undeclared (first use in this function)
   94 | #define HSPI_INSTANCE                                                   &hspi5
      |                                                                          ^~~~~
../Drivers/ILI9341/ILI9341_STM32_Driver.c:380:34: note: in expansion of macro 'HSPI_INSTANCE'
  380 |                 HAL_SPI_Transmit(HSPI_INSTANCE, (unsigned char *)burst_buffer, Buffer_Size, 10);
      |                                  ^~~~~~~~~~~~~
../Drivers/ILI9341/ILI9341_STM32_Driver.c: In function 'ILI9341_Draw_Pixel':
../Drivers/ILI9341/ILI9341_STM32_Driver.h:94:74: error: 'hspi5' undeclared (first use in this function)
   94 | #define HSPI_INSTANCE                                                   &hspi5
      |                                                                          ^~~~~
../Drivers/ILI9341/ILI9341_STM32_Driver.c:418:18: note: in expansion of macro 'HSPI_INSTANCE'
  418 | HAL_SPI_Transmit(HSPI_INSTANCE, Temp_Buffer, 4, 1);
      |                  ^~~~~~~~~~~~~
make: *** [Drivers/ILI9341/subdir.mk:25: Drivers/ILI9341/ILI9341_STM32_Driver.o] Error 1
"make -j12 all" terminated with exit code 2. Build might be incomplete.
13:19:54 **** Incremental Build of configuration Debug for project L1 ****
make -j12 all 
arm-none-eabi-gcc "../Drivers/ILI9341/ILI9341_GFX.c" -mcpu=cortex-m7 -std=gnu11 -g3 -DDEBUG -DUSE_HAL_DRIVER -DSTM32F767xx -c -I../Core/Inc -IC:/Users/Admin/STM32Cube/Repository/STM32Cube_FW_F7_V1.17.2/Drivers/STM32F7xx_HAL_Driver/Inc -IC:/Users/Admin/STM32Cube/Repository/STM32Cube_FW_F7_V1.17.2/Drivers/STM32F7xx_HAL_Driver/Inc/Legacy -IC:/Users/Admin/STM32Cube/Repository/STM32Cube_FW_F7_V1.17.2/Drivers/CMSIS/Device/ST/STM32F7xx/Include -IC:/Users/Admin/STM32Cube/Repository/STM32Cube_FW_F7_V1.17.2/Drivers/CMSIS/Include -O0 -ffunction-sections -fdata-sections -Wall -fstack-usage -fcyclomatic-complexity -MMD -MP -MF"Drivers/ILI9341/ILI9341_GFX.d" -MT"Drivers/ILI9341/ILI9341_GFX.o" --specs=nano.specs -mfpu=fpv5-d16 -mfloat-abi=hard -mthumb -o "Drivers/ILI9341/ILI9341_GFX.o"
arm-none-eabi-gcc "../Drivers/ILI9341/ILI9341_STM32_Driver.c" -mcpu=cortex-m7 -std=gnu11 -g3 -DDEBUG -DUSE_HAL_DRIVER -DSTM32F767xx -c -I../Core/Inc -IC:/Users/Admin/STM32Cube/Repository/STM32Cube_FW_F7_V1.17.2/Drivers/STM32F7xx_HAL_Driver/Inc -IC:/Users/Admin/STM32Cube/Repository/STM32Cube_FW_F7_V1.17.2/Drivers/STM32F7xx_HAL_Driver/Inc/Legacy -IC:/Users/Admin/STM32Cube/Repository/STM32Cube_FW_F7_V1.17.2/Drivers/CMSIS/Device/ST/STM32F7xx/Include -IC:/Users/Admin/STM32Cube/Repository/STM32Cube_FW_F7_V1.17.2/Drivers/CMSIS/Include -O0 -ffunction-sections -fdata-sections -Wall -fstack-usage -fcyclomatic-complexity -MMD -MP -MF"Drivers/ILI9341/ILI9341_STM32_Driver.d" -MT"Drivers/ILI9341/ILI9341_STM32_Driver.o" --specs=nano.specs -mfpu=fpv5-d16 -mfloat-abi=hard -mthumb -o "Drivers/ILI9341/ILI9341_STM32_Driver.o"
In file included from ../Drivers/ILI9341/ILI9341_GFX.c:48:
../Drivers/ILI9341/ILI9341_GFX.c: In function 'ILI9341_Draw_Image':
../Drivers/ILI9341/ILI9341_STM32_Driver.h:94:74: error: 'hspi5' undeclared (first use in this function)
   94 | #define HSPI_INSTANCE                                                   &hspi5
      |                                                                          ^~~~~
../Drivers/ILI9341/ILI9341_GFX.c:292:50: note: in expansion of macro 'HSPI_INSTANCE'
  292 |                                 HAL_SPI_Transmit(HSPI_INSTANCE, (unsigned char*)Temp_small_buffer, BURST_MAX_SIZE, 10);
      |                                                  ^~~~~~~~~~~~~
../Drivers/ILI9341/ILI9341_STM32_Driver.h:94:74: note: each undeclared identifier is reported only once for each function it appears in
   94 | #define HSPI_INSTANCE                                                   &hspi5
      |                                                                          ^~~~~
../Drivers/ILI9341/ILI9341_GFX.c:292:50: note: in expansion of macro 'HSPI_INSTANCE'
  292 |                                 HAL_SPI_Transmit(HSPI_INSTANCE, (unsigned char*)Temp_small_buffer, BURST_MAX_SIZE, 10);
      |                                                  ^~~~~~~~~~~~~
make: *** [Drivers/ILI9341/subdir.mk:25: Drivers/ILI9341/ILI9341_GFX.o] Error 1
make: *** Waiting for unfinished jobs....
../Drivers/ILI9341/ILI9341_STM32_Driver.c: In function 'ILI9341_SPI_Init':
../Drivers/ILI9341/ILI9341_STM32_Driver.c:95:1: warning: implicit declaration of function 'MX_SPI5_Init'; did you mean 'HAL_SPI_Init'? [-Wimplicit-function-declaration]
   95 | MX_SPI5_Init();                                                                                                                                                                                 //SPI INIT
      | ^~~~~~~~~~~~
      | HAL_SPI_Init
../Drivers/ILI9341/ILI9341_STM32_Driver.c:96:1: warning: implicit declaration of function 'MX_GPIO_Init'; did you mean 'HAL_GPIO_Init'? [-Wimplicit-function-declaration]
   96 | MX_GPIO_Init();                                                                                                                                                                                 //GPIO INIT
      | ^~~~~~~~~~~~
      | HAL_GPIO_Init
In file included from ../Drivers/ILI9341/ILI9341_STM32_Driver.c:84:
../Drivers/ILI9341/ILI9341_STM32_Driver.c: In function 'ILI9341_SPI_Send':
../Drivers/ILI9341/ILI9341_STM32_Driver.h:94:74: error: 'hspi5' undeclared (first use in this function)
   94 | #define HSPI_INSTANCE                                                   &hspi5
      |                                                                          ^~~~~
../Drivers/ILI9341/ILI9341_STM32_Driver.c:103:18: note: in expansion of macro 'HSPI_INSTANCE'
  103 | HAL_SPI_Transmit(HSPI_INSTANCE, &SPI_Data, 1, 1);
      |                  ^~~~~~~~~~~~~
../Drivers/ILI9341/ILI9341_STM32_Driver.h:94:74: note: each undeclared identifier is reported only once for each function it appears in
   94 | #define HSPI_INSTANCE                                                   &hspi5
      |                                                                          ^~~~~
../Drivers/ILI9341/ILI9341_STM32_Driver.c:103:18: note: in expansion of macro 'HSPI_INSTANCE'
  103 | HAL_SPI_Transmit(HSPI_INSTANCE, &SPI_Data, 1, 1);
      |                  ^~~~~~~~~~~~~
../Drivers/ILI9341/ILI9341_STM32_Driver.c: In function 'ILI9341_Draw_Colour':
../Drivers/ILI9341/ILI9341_STM32_Driver.h:94:74: error: 'hspi5' undeclared (first use in this function)
   94 | #define HSPI_INSTANCE                                                   &hspi5
      |                                                                          ^~~~~
../Drivers/ILI9341/ILI9341_STM32_Driver.c:342:18: note: in expansion of macro 'HSPI_INSTANCE'
  342 | HAL_SPI_Transmit(HSPI_INSTANCE, TempBuffer, 2, 1);
      |                  ^~~~~~~~~~~~~
../Drivers/ILI9341/ILI9341_STM32_Driver.c: In function 'ILI9341_Draw_Colour_Burst':
../Drivers/ILI9341/ILI9341_STM32_Driver.h:94:74: error: 'hspi5' undeclared (first use in this function)
   94 | #define HSPI_INSTANCE                                                   &hspi5
      |                                                                          ^~~~~
../Drivers/ILI9341/ILI9341_STM32_Driver.c:380:34: note: in expansion of macro 'HSPI_INSTANCE'
  380 |                 HAL_SPI_Transmit(HSPI_INSTANCE, (unsigned char *)burst_buffer, Buffer_Size, 10);
      |                                  ^~~~~~~~~~~~~
../Drivers/ILI9341/ILI9341_STM32_Driver.c: In function 'ILI9341_Draw_Pixel':
../Drivers/ILI9341/ILI9341_STM32_Driver.h:94:74: error: 'hspi5' undeclared (first use in this function)
   94 | #define HSPI_INSTANCE                                                   &hspi5
      |                                                                          ^~~~~
../Drivers/ILI9341/ILI9341_STM32_Driver.c:418:18: note: in expansion of macro 'HSPI_INSTANCE'
  418 | HAL_SPI_Transmit(HSPI_INSTANCE, Temp_Buffer, 4, 1);
      |                  ^~~~~~~~~~~~~
make: *** [Drivers/ILI9341/subdir.mk:25: Drivers/ILI9341/ILI9341_STM32_Driver.o] Error 1
"make -j12 all" terminated with exit code 2. Build might be incomplete.
13:22:22 **** Incremental Build of configuration Debug for project L1 ****
make -j12 all 
arm-none-eabi-gcc "../Drivers/ILI9341/ILI9341_GFX.c" -mcpu=cortex-m7 -std=gnu11 -g3 -DDEBUG -DUSE_HAL_DRIVER -DSTM32F767xx -c -I../Core/Inc -IC:/Users/Admin/STM32Cube/Repository/STM32Cube_FW_F7_V1.17.2/Drivers/STM32F7xx_HAL_Driver/Inc -IC:/Users/Admin/STM32Cube/Repository/STM32Cube_FW_F7_V1.17.2/Drivers/STM32F7xx_HAL_Driver/Inc/Legacy -IC:/Users/Admin/STM32Cube/Repository/STM32Cube_FW_F7_V1.17.2/Drivers/CMSIS/Device/ST/STM32F7xx/Include -IC:/Users/Admin/STM32Cube/Repository/STM32Cube_FW_F7_V1.17.2/Drivers/CMSIS/Include -O0 -ffunction-sections -fdata-sections -Wall -fstack-usage -fcyclomatic-complexity -MMD -MP -MF"Drivers/ILI9341/ILI9341_GFX.d" -MT"Drivers/ILI9341/ILI9341_GFX.o" --specs=nano.specs -mfpu=fpv5-d16 -mfloat-abi=hard -mthumb -o "Drivers/ILI9341/ILI9341_GFX.o"
arm-none-eabi-gcc "../Drivers/ILI9341/ILI9341_STM32_Driver.c" -mcpu=cortex-m7 -std=gnu11 -g3 -DDEBUG -DUSE_HAL_DRIVER -DSTM32F767xx -c -I../Core/Inc -IC:/Users/Admin/STM32Cube/Repository/STM32Cube_FW_F7_V1.17.2/Drivers/STM32F7xx_HAL_Driver/Inc -IC:/Users/Admin/STM32Cube/Repository/STM32Cube_FW_F7_V1.17.2/Drivers/STM32F7xx_HAL_Driver/Inc/Legacy -IC:/Users/Admin/STM32Cube/Repository/STM32Cube_FW_F7_V1.17.2/Drivers/CMSIS/Device/ST/STM32F7xx/Include -IC:/Users/Admin/STM32Cube/Repository/STM32Cube_FW_F7_V1.17.2/Drivers/CMSIS/Include -O0 -ffunction-sections -fdata-sections -Wall -fstack-usage -fcyclomatic-complexity -MMD -MP -MF"Drivers/ILI9341/ILI9341_STM32_Driver.d" -MT"Drivers/ILI9341/ILI9341_STM32_Driver.o" --specs=nano.specs -mfpu=fpv5-d16 -mfloat-abi=hard -mthumb -o "Drivers/ILI9341/ILI9341_STM32_Driver.o"
../Drivers/ILI9341/ILI9341_STM32_Driver.c: In function 'ILI9341_SPI_Init':
../Drivers/ILI9341/ILI9341_STM32_Driver.c:95:1: warning: implicit declaration of function 'MX_SPI5_Init'; did you mean 'HAL_SPI_Init'? [-Wimplicit-function-declaration]
   95 | MX_SPI5_Init();                                                                                                                                                                                 //SPI INIT
      | ^~~~~~~~~~~~
      | HAL_SPI_Init
../Drivers/ILI9341/ILI9341_STM32_Driver.c:96:1: warning: implicit declaration of function 'MX_GPIO_Init'; did you mean 'HAL_GPIO_Init'? [-Wimplicit-function-declaration]
   96 | MX_GPIO_Init();                                                                                                                                                                                 //GPIO INIT
      | ^~~~~~~~~~~~
      | HAL_GPIO_Init
../Drivers/ILI9341/ILI9341_GFX.c: In function 'ILI9341_Draw_Image':
../Drivers/ILI9341/ILI9341_GFX.c:292:50: error: 'HSPI_INSTANCE' undeclared (first use in this function); did you mean 'IS_TIM_INSTANCE'?
  292 |                                 HAL_SPI_Transmit(HSPI_INSTANCE, (unsigned char*)Temp_small_buffer, BURST_MAX_SIZE, 10);
      |                                                  ^~~~~~~~~~~~~
      |                                                  IS_TIM_INSTANCE
../Drivers/ILI9341/ILI9341_GFX.c:292:50: note: each undeclared identifier is reported only once for each function it appears in
make: *** [Drivers/ILI9341/subdir.mk:25: Drivers/ILI9341/ILI9341_GFX.o] Error 1
make: *** Waiting for unfinished jobs....
../Drivers/ILI9341/ILI9341_STM32_Driver.c: In function 'ILI9341_SPI_Send':
../Drivers/ILI9341/ILI9341_STM32_Driver.c:103:18: error: 'HSPI_INSTANCE' undeclared (first use in this function); did you mean 'IS_TIM_INSTANCE'?
  103 | HAL_SPI_Transmit(HSPI_INSTANCE, &SPI_Data, 1, 1);
      |                  ^~~~~~~~~~~~~
      |                  IS_TIM_INSTANCE
../Drivers/ILI9341/ILI9341_STM32_Driver.c:103:18: note: each undeclared identifier is reported only once for each function it appears in
../Drivers/ILI9341/ILI9341_STM32_Driver.c: In function 'ILI9341_Draw_Colour':
../Drivers/ILI9341/ILI9341_STM32_Driver.c:342:18: error: 'HSPI_INSTANCE' undeclared (first use in this function); did you mean 'IS_TIM_INSTANCE'?
  342 | HAL_SPI_Transmit(HSPI_INSTANCE, TempBuffer, 2, 1);
      |                  ^~~~~~~~~~~~~
      |                  IS_TIM_INSTANCE
../Drivers/ILI9341/ILI9341_STM32_Driver.c: In function 'ILI9341_Draw_Colour_Burst':
../Drivers/ILI9341/ILI9341_STM32_Driver.c:380:34: error: 'HSPI_INSTANCE' undeclared (first use in this function); did you mean 'IS_TIM_INSTANCE'?
  380 |                 HAL_SPI_Transmit(HSPI_INSTANCE, (unsigned char *)burst_buffer, Buffer_Size, 10);
      |                                  ^~~~~~~~~~~~~
      |                                  IS_TIM_INSTANCE
../Drivers/ILI9341/ILI9341_STM32_Driver.c: In function 'ILI9341_Draw_Pixel':
../Drivers/ILI9341/ILI9341_STM32_Driver.c:418:18: error: 'HSPI_INSTANCE' undeclared (first use in this function); did you mean 'IS_TIM_INSTANCE'?
  418 | HAL_SPI_Transmit(HSPI_INSTANCE, Temp_Buffer, 4, 1);
      |                  ^~~~~~~~~~~~~
      |                  IS_TIM_INSTANCE
make: *** [Drivers/ILI9341/subdir.mk:25: Drivers/ILI9341/ILI9341_STM32_Driver.o] Error 1
"make -j12 all" terminated with exit code 2. Build might be incomplete.
13:23:45 **** Incremental Build of configuration Debug for project L1 ****
make -j12 all 
arm-none-eabi-gcc "../Drivers/ILI9341/ILI9341_GFX.c" -mcpu=cortex-m7 -std=gnu11 -g3 -DDEBUG -DUSE_HAL_DRIVER -DSTM32F767xx -c -I../Core/Inc -IC:/Users/Admin/STM32Cube/Repository/STM32Cube_FW_F7_V1.17.2/Drivers/STM32F7xx_HAL_Driver/Inc -IC:/Users/Admin/STM32Cube/Repository/STM32Cube_FW_F7_V1.17.2/Drivers/STM32F7xx_HAL_Driver/Inc/Legacy -IC:/Users/Admin/STM32Cube/Repository/STM32Cube_FW_F7_V1.17.2/Drivers/CMSIS/Device/ST/STM32F7xx/Include -IC:/Users/Admin/STM32Cube/Repository/STM32Cube_FW_F7_V1.17.2/Drivers/CMSIS/Include -O0 -ffunction-sections -fdata-sections -Wall -fstack-usage -fcyclomatic-complexity -MMD -MP -MF"Drivers/ILI9341/ILI9341_GFX.d" -MT"Drivers/ILI9341/ILI9341_GFX.o" --specs=nano.specs -mfpu=fpv5-d16 -mfloat-abi=hard -mthumb -o "Drivers/ILI9341/ILI9341_GFX.o"
arm-none-eabi-gcc "../Drivers/ILI9341/ILI9341_STM32_Driver.c" -mcpu=cortex-m7 -std=gnu11 -g3 -DDEBUG -DUSE_HAL_DRIVER -DSTM32F767xx -c -I../Core/Inc -IC:/Users/Admin/STM32Cube/Repository/STM32Cube_FW_F7_V1.17.2/Drivers/STM32F7xx_HAL_Driver/Inc -IC:/Users/Admin/STM32Cube/Repository/STM32Cube_FW_F7_V1.17.2/Drivers/STM32F7xx_HAL_Driver/Inc/Legacy -IC:/Users/Admin/STM32Cube/Repository/STM32Cube_FW_F7_V1.17.2/Drivers/CMSIS/Device/ST/STM32F7xx/Include -IC:/Users/Admin/STM32Cube/Repository/STM32Cube_FW_F7_V1.17.2/Drivers/CMSIS/Include -O0 -ffunction-sections -fdata-sections -Wall -fstack-usage -fcyclomatic-complexity -MMD -MP -MF"Drivers/ILI9341/ILI9341_STM32_Driver.d" -MT"Drivers/ILI9341/ILI9341_STM32_Driver.o" --specs=nano.specs -mfpu=fpv5-d16 -mfloat-abi=hard -mthumb -o "Drivers/ILI9341/ILI9341_STM32_Driver.o"
In file included from ../Drivers/ILI9341/ILI9341_GFX.c:48:
../Drivers/ILI9341/ILI9341_GFX.c: In function 'ILI9341_Draw_Image':
../Drivers/ILI9341/ILI9341_STM32_Driver.h:94:74: error: 'hspi5' undeclared (first use in this function)
   94 | #define HSPI_INSTANCE                                                   &hspi5
      |                                                                          ^~~~~
../Drivers/ILI9341/ILI9341_GFX.c:292:50: note: in expansion of macro 'HSPI_INSTANCE'
  292 |                                 HAL_SPI_Transmit(HSPI_INSTANCE, (unsigned char*)Temp_small_buffer, BURST_MAX_SIZE, 10);
      |                                                  ^~~~~~~~~~~~~
../Drivers/ILI9341/ILI9341_STM32_Driver.h:94:74: note: each undeclared identifier is reported only once for each function it appears in
   94 | #define HSPI_INSTANCE                                                   &hspi5
      |                                                                          ^~~~~
../Drivers/ILI9341/ILI9341_GFX.c:292:50: note: in expansion of macro 'HSPI_INSTANCE'
  292 |                                 HAL_SPI_Transmit(HSPI_INSTANCE, (unsigned char*)Temp_small_buffer, BURST_MAX_SIZE, 10);
      |                                                  ^~~~~~~~~~~~~
../Drivers/ILI9341/ILI9341_STM32_Driver.c: In function 'ILI9341_SPI_Init':
../Drivers/ILI9341/ILI9341_STM32_Driver.c:95:1: warning: implicit declaration of function 'MX_SPI5_Init'; did you mean 'HAL_SPI_Init'? [-Wimplicit-function-declaration]
   95 | MX_SPI5_Init();                                                                                                                                                                                 //SPI INIT
      | ^~~~~~~~~~~~
      | HAL_SPI_Init
make: *** [Drivers/ILI9341/subdir.mk:25: Drivers/ILI9341/ILI9341_GFX.o] Error 1
make: *** Waiting for unfinished jobs....
../Drivers/ILI9341/ILI9341_STM32_Driver.c:96:1: warning: implicit declaration of function 'MX_GPIO_Init'; did you mean 'HAL_GPIO_Init'? [-Wimplicit-function-declaration]
   96 | MX_GPIO_Init();                                                                                                                                                                                 //GPIO INIT
      | ^~~~~~~~~~~~
      | HAL_GPIO_Init
In file included from ../Drivers/ILI9341/ILI9341_STM32_Driver.c:84:
../Drivers/ILI9341/ILI9341_STM32_Driver.c: In function 'ILI9341_SPI_Send':
../Drivers/ILI9341/ILI9341_STM32_Driver.h:94:74: error: 'hspi5' undeclared (first use in this function)
   94 | #define HSPI_INSTANCE                                                   &hspi5
      |                                                                          ^~~~~
../Drivers/ILI9341/ILI9341_STM32_Driver.c:103:18: note: in expansion of macro 'HSPI_INSTANCE'
  103 | HAL_SPI_Transmit(HSPI_INSTANCE, &SPI_Data, 1, 1);
      |                  ^~~~~~~~~~~~~
../Drivers/ILI9341/ILI9341_STM32_Driver.h:94:74: note: each undeclared identifier is reported only once for each function it appears in
   94 | #define HSPI_INSTANCE                                                   &hspi5
      |                                                                          ^~~~~
../Drivers/ILI9341/ILI9341_STM32_Driver.c:103:18: note: in expansion of macro 'HSPI_INSTANCE'
  103 | HAL_SPI_Transmit(HSPI_INSTANCE, &SPI_Data, 1, 1);
      |                  ^~~~~~~~~~~~~
../Drivers/ILI9341/ILI9341_STM32_Driver.c: In function 'ILI9341_Draw_Colour':
../Drivers/ILI9341/ILI9341_STM32_Driver.h:94:74: error: 'hspi5' undeclared (first use in this function)
   94 | #define HSPI_INSTANCE                                                   &hspi5
      |                                                                          ^~~~~
../Drivers/ILI9341/ILI9341_STM32_Driver.c:342:18: note: in expansion of macro 'HSPI_INSTANCE'
  342 | HAL_SPI_Transmit(HSPI_INSTANCE, TempBuffer, 2, 1);
      |                  ^~~~~~~~~~~~~
../Drivers/ILI9341/ILI9341_STM32_Driver.c: In function 'ILI9341_Draw_Colour_Burst':
../Drivers/ILI9341/ILI9341_STM32_Driver.h:94:74: error: 'hspi5' undeclared (first use in this function)
   94 | #define HSPI_INSTANCE                                                   &hspi5
      |                                                                          ^~~~~
../Drivers/ILI9341/ILI9341_STM32_Driver.c:380:34: note: in expansion of macro 'HSPI_INSTANCE'
  380 |                 HAL_SPI_Transmit(HSPI_INSTANCE, (unsigned char *)burst_buffer, Buffer_Size, 10);
      |                                  ^~~~~~~~~~~~~
../Drivers/ILI9341/ILI9341_STM32_Driver.c: In function 'ILI9341_Draw_Pixel':
../Drivers/ILI9341/ILI9341_STM32_Driver.h:94:74: error: 'hspi5' undeclared (first use in this function)
   94 | #define HSPI_INSTANCE                                                   &hspi5
      |                                                                          ^~~~~
../Drivers/ILI9341/ILI9341_STM32_Driver.c:418:18: note: in expansion of macro 'HSPI_INSTANCE'
  418 | HAL_SPI_Transmit(HSPI_INSTANCE, Temp_Buffer, 4, 1);
      |                  ^~~~~~~~~~~~~
make: *** [Drivers/ILI9341/subdir.mk:25: Drivers/ILI9341/ILI9341_STM32_Driver.o] Error 1
"make -j12 all" terminated with exit code 2. Build might be incomplete.
13:24:42 **** Incremental Build of configuration Debug for project L1 ****
make -j12 all 
arm-none-eabi-gcc "../Drivers/ILI9341/ILI9341_GFX.c" -mcpu=cortex-m7 -std=gnu11 -g3 -DDEBUG -DUSE_HAL_DRIVER -DSTM32F767xx -c -I../Core/Inc -IC:/Users/Admin/STM32Cube/Repository/STM32Cube_FW_F7_V1.17.2/Drivers/STM32F7xx_HAL_Driver/Inc -IC:/Users/Admin/STM32Cube/Repository/STM32Cube_FW_F7_V1.17.2/Drivers/STM32F7xx_HAL_Driver/Inc/Legacy -IC:/Users/Admin/STM32Cube/Repository/STM32Cube_FW_F7_V1.17.2/Drivers/CMSIS/Device/ST/STM32F7xx/Include -IC:/Users/Admin/STM32Cube/Repository/STM32Cube_FW_F7_V1.17.2/Drivers/CMSIS/Include -O0 -ffunction-sections -fdata-sections -Wall -fstack-usage -fcyclomatic-complexity -MMD -MP -MF"Drivers/ILI9341/ILI9341_GFX.d" -MT"Drivers/ILI9341/ILI9341_GFX.o" --specs=nano.specs -mfpu=fpv5-d16 -mfloat-abi=hard -mthumb -o "Drivers/ILI9341/ILI9341_GFX.o"
arm-none-eabi-gcc "../Drivers/ILI9341/ILI9341_STM32_Driver.c" -mcpu=cortex-m7 -std=gnu11 -g3 -DDEBUG -DUSE_HAL_DRIVER -DSTM32F767xx -c -I../Core/Inc -IC:/Users/Admin/STM32Cube/Repository/STM32Cube_FW_F7_V1.17.2/Drivers/STM32F7xx_HAL_Driver/Inc -IC:/Users/Admin/STM32Cube/Repository/STM32Cube_FW_F7_V1.17.2/Drivers/STM32F7xx_HAL_Driver/Inc/Legacy -IC:/Users/Admin/STM32Cube/Repository/STM32Cube_FW_F7_V1.17.2/Drivers/CMSIS/Device/ST/STM32F7xx/Include -IC:/Users/Admin/STM32Cube/Repository/STM32Cube_FW_F7_V1.17.2/Drivers/CMSIS/Include -O0 -ffunction-sections -fdata-sections -Wall -fstack-usage -fcyclomatic-complexity -MMD -MP -MF"Drivers/ILI9341/ILI9341_STM32_Driver.d" -MT"Drivers/ILI9341/ILI9341_STM32_Driver.o" --specs=nano.specs -mfpu=fpv5-d16 -mfloat-abi=hard -mthumb -o "Drivers/ILI9341/ILI9341_STM32_Driver.o"
arm-none-eabi-gcc "../Drivers/ILI9341/ILI9341_Touchscreen.c" -mcpu=cortex-m7 -std=gnu11 -g3 -DDEBUG -DUSE_HAL_DRIVER -DSTM32F767xx -c -I../Core/Inc -IC:/Users/Admin/STM32Cube/Repository/STM32Cube_FW_F7_V1.17.2/Drivers/STM32F7xx_HAL_Driver/Inc -IC:/Users/Admin/STM32Cube/Repository/STM32Cube_FW_F7_V1.17.2/Drivers/STM32F7xx_HAL_Driver/Inc/Legacy -IC:/Users/Admin/STM32Cube/Repository/STM32Cube_FW_F7_V1.17.2/Drivers/CMSIS/Device/ST/STM32F7xx/Include -IC:/Users/Admin/STM32Cube/Repository/STM32Cube_FW_F7_V1.17.2/Drivers/CMSIS/Include -O0 -ffunction-sections -fdata-sections -Wall -fstack-usage -fcyclomatic-complexity -MMD -MP -MF"Drivers/ILI9341/ILI9341_Touchscreen.d" -MT"Drivers/ILI9341/ILI9341_Touchscreen.o" --specs=nano.specs -mfpu=fpv5-d16 -mfloat-abi=hard -mthumb -o "Drivers/ILI9341/ILI9341_Touchscreen.o"
arm-none-eabi-gcc "../Core/Src/main.c" -mcpu=cortex-m7 -std=gnu11 -g3 -DDEBUG -DUSE_HAL_DRIVER -DSTM32F767xx -c -I../Core/Inc -IC:/Users/Admin/STM32Cube/Repository/STM32Cube_FW_F7_V1.17.2/Drivers/STM32F7xx_HAL_Driver/Inc -IC:/Users/Admin/STM32Cube/Repository/STM32Cube_FW_F7_V1.17.2/Drivers/STM32F7xx_HAL_Driver/Inc/Legacy -IC:/Users/Admin/STM32Cube/Repository/STM32Cube_FW_F7_V1.17.2/Drivers/CMSIS/Device/ST/STM32F7xx/Include -IC:/Users/Admin/STM32Cube/Repository/STM32Cube_FW_F7_V1.17.2/Drivers/CMSIS/Include -O0 -ffunction-sections -fdata-sections -Wall -fstack-usage -fcyclomatic-complexity -MMD -MP -MF"Core/Src/main.d" -MT"Core/Src/main.o" --specs=nano.specs -mfpu=fpv5-d16 -mfloat-abi=hard -mthumb -o "Core/Src/main.o"
arm-none-eabi-gcc "../Core/Src/stm32f7xx_hal_msp.c" -mcpu=cortex-m7 -std=gnu11 -g3 -DDEBUG -DUSE_HAL_DRIVER -DSTM32F767xx -c -I../Core/Inc -IC:/Users/Admin/STM32Cube/Repository/STM32Cube_FW_F7_V1.17.2/Drivers/STM32F7xx_HAL_Driver/Inc -IC:/Users/Admin/STM32Cube/Repository/STM32Cube_FW_F7_V1.17.2/Drivers/STM32F7xx_HAL_Driver/Inc/Legacy -IC:/Users/Admin/STM32Cube/Repository/STM32Cube_FW_F7_V1.17.2/Drivers/CMSIS/Device/ST/STM32F7xx/Include -IC:/Users/Admin/STM32Cube/Repository/STM32Cube_FW_F7_V1.17.2/Drivers/CMSIS/Include -O0 -ffunction-sections -fdata-sections -Wall -fstack-usage -fcyclomatic-complexity -MMD -MP -MF"Core/Src/stm32f7xx_hal_msp.d" -MT"Core/Src/stm32f7xx_hal_msp.o" --specs=nano.specs -mfpu=fpv5-d16 -mfloat-abi=hard -mthumb -o "Core/Src/stm32f7xx_hal_msp.o"
arm-none-eabi-gcc "../Core/Src/stm32f7xx_it.c" -mcpu=cortex-m7 -std=gnu11 -g3 -DDEBUG -DUSE_HAL_DRIVER -DSTM32F767xx -c -I../Core/Inc -IC:/Users/Admin/STM32Cube/Repository/STM32Cube_FW_F7_V1.17.2/Drivers/STM32F7xx_HAL_Driver/Inc -IC:/Users/Admin/STM32Cube/Repository/STM32Cube_FW_F7_V1.17.2/Drivers/STM32F7xx_HAL_Driver/Inc/Legacy -IC:/Users/Admin/STM32Cube/Repository/STM32Cube_FW_F7_V1.17.2/Drivers/CMSIS/Device/ST/STM32F7xx/Include -IC:/Users/Admin/STM32Cube/Repository/STM32Cube_FW_F7_V1.17.2/Drivers/CMSIS/Include -O0 -ffunction-sections -fdata-sections -Wall -fstack-usage -fcyclomatic-complexity -MMD -MP -MF"Core/Src/stm32f7xx_it.d" -MT"Core/Src/stm32f7xx_it.o" --specs=nano.specs -mfpu=fpv5-d16 -mfloat-abi=hard -mthumb -o "Core/Src/stm32f7xx_it.o"
../Drivers/ILI9341/ILI9341_STM32_Driver.c: In function 'ILI9341_SPI_Init':
../Drivers/ILI9341/ILI9341_STM32_Driver.c:95:1: warning: implicit declaration of function 'MX_SPI5_Init'; did you mean 'HAL_SPI_Init'? [-Wimplicit-function-declaration]
   95 | MX_SPI5_Init();                                                                                                                                                                                 //SPI INIT
      | ^~~~~~~~~~~~
      | HAL_SPI_Init
../Drivers/ILI9341/ILI9341_STM32_Driver.c:96:1: warning: implicit declaration of function 'MX_GPIO_Init'; did you mean 'HAL_GPIO_Init'? [-Wimplicit-function-declaration]
   96 | MX_GPIO_Init();                                                                                                                                                                                 //GPIO INIT
      | ^~~~~~~~~~~~
      | HAL_GPIO_Init
arm-none-eabi-gcc -o "L1.elf" @"objects.list"   -mcpu=cortex-m7 -T"D:\STM32\Get_ready\LCD\L1\STM32F767ZITX_FLASH.ld" --specs=nosys.specs -Wl,-Map="L1.map" -Wl,--gc-sections -static --specs=nano.specs -mfpu=fpv5-d16 -mfloat-abi=hard -mthumb -Wl,--start-group -lc -lm -Wl,--end-group
Finished building target: L1.elf
 
arm-none-eabi-size  L1.elf 
arm-none-eabi-objdump -h -S L1.elf  > "L1.list"
   text	   data	    bss	    dec	    hex	filename
  12104	     12	   1844	  13960	   3688	L1.elf
Finished building: default.size.stdout
 
Finished building: L1.list
 
13:25:03 **** Incremental Build of configuration Debug for project L1 ****
make -j12 all 
arm-none-eabi-gcc "../Drivers/ILI9341/ILI9341_GFX.c" -mcpu=cortex-m7 -std=gnu11 -g3 -DDEBUG -DUSE_HAL_DRIVER -DSTM32F767xx -c -I../Core/Inc -IC:/Users/Admin/STM32Cube/Repository/STM32Cube_FW_F7_V1.17.2/Drivers/STM32F7xx_HAL_Driver/Inc -IC:/Users/Admin/STM32Cube/Repository/STM32Cube_FW_F7_V1.17.2/Drivers/STM32F7xx_HAL_Driver/Inc/Legacy -IC:/Users/Admin/STM32Cube/Repository/STM32Cube_FW_F7_V1.17.2/Drivers/CMSIS/Device/ST/STM32F7xx/Include -IC:/Users/Admin/STM32Cube/Repository/STM32Cube_FW_F7_V1.17.2/Drivers/CMSIS/Include -O0 -ffunction-sections -fdata-sections -Wall -fstack-usage -fcyclomatic-complexity -MMD -MP -MF"Drivers/ILI9341/ILI9341_GFX.d" -MT"Drivers/ILI9341/ILI9341_GFX.o" --specs=nano.specs -mfpu=fpv5-d16 -mfloat-abi=hard -mthumb -o "Drivers/ILI9341/ILI9341_GFX.o"
arm-none-eabi-gcc "../Drivers/ILI9341/ILI9341_STM32_Driver.c" -mcpu=cortex-m7 -std=gnu11 -g3 -DDEBUG -DUSE_HAL_DRIVER -DSTM32F767xx -c -I../Core/Inc -IC:/Users/Admin/STM32Cube/Repository/STM32Cube_FW_F7_V1.17.2/Drivers/STM32F7xx_HAL_Driver/Inc -IC:/Users/Admin/STM32Cube/Repository/STM32Cube_FW_F7_V1.17.2/Drivers/STM32F7xx_HAL_Driver/Inc/Legacy -IC:/Users/Admin/STM32Cube/Repository/STM32Cube_FW_F7_V1.17.2/Drivers/CMSIS/Device/ST/STM32F7xx/Include -IC:/Users/Admin/STM32Cube/Repository/STM32Cube_FW_F7_V1.17.2/Drivers/CMSIS/Include -O0 -ffunction-sections -fdata-sections -Wall -fstack-usage -fcyclomatic-complexity -MMD -MP -MF"Drivers/ILI9341/ILI9341_STM32_Driver.d" -MT"Drivers/ILI9341/ILI9341_STM32_Driver.o" --specs=nano.specs -mfpu=fpv5-d16 -mfloat-abi=hard -mthumb -o "Drivers/ILI9341/ILI9341_STM32_Driver.o"
arm-none-eabi-gcc "../Drivers/ILI9341/ILI9341_Touchscreen.c" -mcpu=cortex-m7 -std=gnu11 -g3 -DDEBUG -DUSE_HAL_DRIVER -DSTM32F767xx -c -I../Core/Inc -IC:/Users/Admin/STM32Cube/Repository/STM32Cube_FW_F7_V1.17.2/Drivers/STM32F7xx_HAL_Driver/Inc -IC:/Users/Admin/STM32Cube/Repository/STM32Cube_FW_F7_V1.17.2/Drivers/STM32F7xx_HAL_Driver/Inc/Legacy -IC:/Users/Admin/STM32Cube/Repository/STM32Cube_FW_F7_V1.17.2/Drivers/CMSIS/Device/ST/STM32F7xx/Include -IC:/Users/Admin/STM32Cube/Repository/STM32Cube_FW_F7_V1.17.2/Drivers/CMSIS/Include -O0 -ffunction-sections -fdata-sections -Wall -fstack-usage -fcyclomatic-complexity -MMD -MP -MF"Drivers/ILI9341/ILI9341_Touchscreen.d" -MT"Drivers/ILI9341/ILI9341_Touchscreen.o" --specs=nano.specs -mfpu=fpv5-d16 -mfloat-abi=hard -mthumb -o "Drivers/ILI9341/ILI9341_Touchscreen.o"
arm-none-eabi-gcc "../Core/Src/main.c" -mcpu=cortex-m7 -std=gnu11 -g3 -DDEBUG -DUSE_HAL_DRIVER -DSTM32F767xx -c -I../Core/Inc -IC:/Users/Admin/STM32Cube/Repository/STM32Cube_FW_F7_V1.17.2/Drivers/STM32F7xx_HAL_Driver/Inc -IC:/Users/Admin/STM32Cube/Repository/STM32Cube_FW_F7_V1.17.2/Drivers/STM32F7xx_HAL_Driver/Inc/Legacy -IC:/Users/Admin/STM32Cube/Repository/STM32Cube_FW_F7_V1.17.2/Drivers/CMSIS/Device/ST/STM32F7xx/Include -IC:/Users/Admin/STM32Cube/Repository/STM32Cube_FW_F7_V1.17.2/Drivers/CMSIS/Include -O0 -ffunction-sections -fdata-sections -Wall -fstack-usage -fcyclomatic-complexity -MMD -MP -MF"Core/Src/main.d" -MT"Core/Src/main.o" --specs=nano.specs -mfpu=fpv5-d16 -mfloat-abi=hard -mthumb -o "Core/Src/main.o"
arm-none-eabi-gcc "../Core/Src/stm32f7xx_hal_msp.c" -mcpu=cortex-m7 -std=gnu11 -g3 -DDEBUG -DUSE_HAL_DRIVER -DSTM32F767xx -c -I../Core/Inc -IC:/Users/Admin/STM32Cube/Repository/STM32Cube_FW_F7_V1.17.2/Drivers/STM32F7xx_HAL_Driver/Inc -IC:/Users/Admin/STM32Cube/Repository/STM32Cube_FW_F7_V1.17.2/Drivers/STM32F7xx_HAL_Driver/Inc/Legacy -IC:/Users/Admin/STM32Cube/Repository/STM32Cube_FW_F7_V1.17.2/Drivers/CMSIS/Device/ST/STM32F7xx/Include -IC:/Users/Admin/STM32Cube/Repository/STM32Cube_FW_F7_V1.17.2/Drivers/CMSIS/Include -O0 -ffunction-sections -fdata-sections -Wall -fstack-usage -fcyclomatic-complexity -MMD -MP -MF"Core/Src/stm32f7xx_hal_msp.d" -MT"Core/Src/stm32f7xx_hal_msp.o" --specs=nano.specs -mfpu=fpv5-d16 -mfloat-abi=hard -mthumb -o "Core/Src/stm32f7xx_hal_msp.o"
arm-none-eabi-gcc "../Core/Src/stm32f7xx_it.c" -mcpu=cortex-m7 -std=gnu11 -g3 -DDEBUG -DUSE_HAL_DRIVER -DSTM32F767xx -c -I../Core/Inc -IC:/Users/Admin/STM32Cube/Repository/STM32Cube_FW_F7_V1.17.2/Drivers/STM32F7xx_HAL_Driver/Inc -IC:/Users/Admin/STM32Cube/Repository/STM32Cube_FW_F7_V1.17.2/Drivers/STM32F7xx_HAL_Driver/Inc/Legacy -IC:/Users/Admin/STM32Cube/Repository/STM32Cube_FW_F7_V1.17.2/Drivers/CMSIS/Device/ST/STM32F7xx/Include -IC:/Users/Admin/STM32Cube/Repository/STM32Cube_FW_F7_V1.17.2/Drivers/CMSIS/Include -O0 -ffunction-sections -fdata-sections -Wall -fstack-usage -fcyclomatic-complexity -MMD -MP -MF"Core/Src/stm32f7xx_it.d" -MT"Core/Src/stm32f7xx_it.o" --specs=nano.specs -mfpu=fpv5-d16 -mfloat-abi=hard -mthumb -o "Core/Src/stm32f7xx_it.o"
../Drivers/ILI9341/ILI9341_STM32_Driver.c: In function 'ILI9341_SPI_Init':
../Drivers/ILI9341/ILI9341_STM32_Driver.c:95:1: warning: implicit declaration of function 'MX_SPI5_Init'; did you mean 'HAL_SPI_Init'? [-Wimplicit-function-declaration]
   95 | MX_SPI5_Init();                                                                                                                                                                                 //SPI INIT
      | ^~~~~~~~~~~~
      | HAL_SPI_Init
../Drivers/ILI9341/ILI9341_STM32_Driver.c:96:1: warning: implicit declaration of function 'MX_GPIO_Init'; did you mean 'HAL_GPIO_Init'? [-Wimplicit-function-declaration]
   96 | MX_GPIO_Init();                                                                                                                                                                                 //GPIO INIT
      | ^~~~~~~~~~~~
      | HAL_GPIO_Init
arm-none-eabi-gcc -o "L1.elf" @"objects.list"   -mcpu=cortex-m7 -T"D:\STM32\Get_ready\LCD\L1\STM32F767ZITX_FLASH.ld" --specs=nosys.specs -Wl,-Map="L1.map" -Wl,--gc-sections -static --specs=nano.specs -mfpu=fpv5-d16 -mfloat-abi=hard -mthumb -Wl,--start-group -lc -lm -Wl,--end-group
Finished building target: L1.elf
 
arm-none-eabi-size  L1.elf 
arm-none-eabi-objdump -h -S L1.elf  > "L1.list"
   text	   data	    bss	    dec	    hex	filename
  12104	     12	   1844	  13960	   3688	L1.elf
Finished building: default.size.stdout
 
Finished building: L1.list
 
13:25:38 **** Incremental Build of configuration Debug for project L1 ****
make -j12 all 
arm-none-eabi-gcc "../Drivers/ILI9341/ILI9341_GFX.c" -mcpu=cortex-m7 -std=gnu11 -g3 -DDEBUG -DUSE_HAL_DRIVER -DSTM32F767xx -c -I../Core/Inc -IC:/Users/Admin/STM32Cube/Repository/STM32Cube_FW_F7_V1.17.2/Drivers/STM32F7xx_HAL_Driver/Inc -IC:/Users/Admin/STM32Cube/Repository/STM32Cube_FW_F7_V1.17.2/Drivers/STM32F7xx_HAL_Driver/Inc/Legacy -IC:/Users/Admin/STM32Cube/Repository/STM32Cube_FW_F7_V1.17.2/Drivers/CMSIS/Device/ST/STM32F7xx/Include -IC:/Users/Admin/STM32Cube/Repository/STM32Cube_FW_F7_V1.17.2/Drivers/CMSIS/Include -O0 -ffunction-sections -fdata-sections -Wall -fstack-usage -fcyclomatic-complexity -MMD -MP -MF"Drivers/ILI9341/ILI9341_GFX.d" -MT"Drivers/ILI9341/ILI9341_GFX.o" --specs=nano.specs -mfpu=fpv5-d16 -mfloat-abi=hard -mthumb -o "Drivers/ILI9341/ILI9341_GFX.o"
arm-none-eabi-gcc "../Drivers/ILI9341/ILI9341_STM32_Driver.c" -mcpu=cortex-m7 -std=gnu11 -g3 -DDEBUG -DUSE_HAL_DRIVER -DSTM32F767xx -c -I../Core/Inc -IC:/Users/Admin/STM32Cube/Repository/STM32Cube_FW_F7_V1.17.2/Drivers/STM32F7xx_HAL_Driver/Inc -IC:/Users/Admin/STM32Cube/Repository/STM32Cube_FW_F7_V1.17.2/Drivers/STM32F7xx_HAL_Driver/Inc/Legacy -IC:/Users/Admin/STM32Cube/Repository/STM32Cube_FW_F7_V1.17.2/Drivers/CMSIS/Device/ST/STM32F7xx/Include -IC:/Users/Admin/STM32Cube/Repository/STM32Cube_FW_F7_V1.17.2/Drivers/CMSIS/Include -O0 -ffunction-sections -fdata-sections -Wall -fstack-usage -fcyclomatic-complexity -MMD -MP -MF"Drivers/ILI9341/ILI9341_STM32_Driver.d" -MT"Drivers/ILI9341/ILI9341_STM32_Driver.o" --specs=nano.specs -mfpu=fpv5-d16 -mfloat-abi=hard -mthumb -o "Drivers/ILI9341/ILI9341_STM32_Driver.o"
arm-none-eabi-gcc "../Drivers/ILI9341/ILI9341_Touchscreen.c" -mcpu=cortex-m7 -std=gnu11 -g3 -DDEBUG -DUSE_HAL_DRIVER -DSTM32F767xx -c -I../Core/Inc -IC:/Users/Admin/STM32Cube/Repository/STM32Cube_FW_F7_V1.17.2/Drivers/STM32F7xx_HAL_Driver/Inc -IC:/Users/Admin/STM32Cube/Repository/STM32Cube_FW_F7_V1.17.2/Drivers/STM32F7xx_HAL_Driver/Inc/Legacy -IC:/Users/Admin/STM32Cube/Repository/STM32Cube_FW_F7_V1.17.2/Drivers/CMSIS/Device/ST/STM32F7xx/Include -IC:/Users/Admin/STM32Cube/Repository/STM32Cube_FW_F7_V1.17.2/Drivers/CMSIS/Include -O0 -ffunction-sections -fdata-sections -Wall -fstack-usage -fcyclomatic-complexity -MMD -MP -MF"Drivers/ILI9341/ILI9341_Touchscreen.d" -MT"Drivers/ILI9341/ILI9341_Touchscreen.o" --specs=nano.specs -mfpu=fpv5-d16 -mfloat-abi=hard -mthumb -o "Drivers/ILI9341/ILI9341_Touchscreen.o"
arm-none-eabi-gcc "../Core/Src/main.c" -mcpu=cortex-m7 -std=gnu11 -g3 -DDEBUG -DUSE_HAL_DRIVER -DSTM32F767xx -c -I../Core/Inc -IC:/Users/Admin/STM32Cube/Repository/STM32Cube_FW_F7_V1.17.2/Drivers/STM32F7xx_HAL_Driver/Inc -IC:/Users/Admin/STM32Cube/Repository/STM32Cube_FW_F7_V1.17.2/Drivers/STM32F7xx_HAL_Driver/Inc/Legacy -IC:/Users/Admin/STM32Cube/Repository/STM32Cube_FW_F7_V1.17.2/Drivers/CMSIS/Device/ST/STM32F7xx/Include -IC:/Users/Admin/STM32Cube/Repository/STM32Cube_FW_F7_V1.17.2/Drivers/CMSIS/Include -O0 -ffunction-sections -fdata-sections -Wall -fstack-usage -fcyclomatic-complexity -MMD -MP -MF"Core/Src/main.d" -MT"Core/Src/main.o" --specs=nano.specs -mfpu=fpv5-d16 -mfloat-abi=hard -mthumb -o "Core/Src/main.o"
arm-none-eabi-gcc "../Core/Src/stm32f7xx_hal_msp.c" -mcpu=cortex-m7 -std=gnu11 -g3 -DDEBUG -DUSE_HAL_DRIVER -DSTM32F767xx -c -I../Core/Inc -IC:/Users/Admin/STM32Cube/Repository/STM32Cube_FW_F7_V1.17.2/Drivers/STM32F7xx_HAL_Driver/Inc -IC:/Users/Admin/STM32Cube/Repository/STM32Cube_FW_F7_V1.17.2/Drivers/STM32F7xx_HAL_Driver/Inc/Legacy -IC:/Users/Admin/STM32Cube/Repository/STM32Cube_FW_F7_V1.17.2/Drivers/CMSIS/Device/ST/STM32F7xx/Include -IC:/Users/Admin/STM32Cube/Repository/STM32Cube_FW_F7_V1.17.2/Drivers/CMSIS/Include -O0 -ffunction-sections -fdata-sections -Wall -fstack-usage -fcyclomatic-complexity -MMD -MP -MF"Core/Src/stm32f7xx_hal_msp.d" -MT"Core/Src/stm32f7xx_hal_msp.o" --specs=nano.specs -mfpu=fpv5-d16 -mfloat-abi=hard -mthumb -o "Core/Src/stm32f7xx_hal_msp.o"
arm-none-eabi-gcc "../Core/Src/stm32f7xx_it.c" -mcpu=cortex-m7 -std=gnu11 -g3 -DDEBUG -DUSE_HAL_DRIVER -DSTM32F767xx -c -I../Core/Inc -IC:/Users/Admin/STM32Cube/Repository/STM32Cube_FW_F7_V1.17.2/Drivers/STM32F7xx_HAL_Driver/Inc -IC:/Users/Admin/STM32Cube/Repository/STM32Cube_FW_F7_V1.17.2/Drivers/STM32F7xx_HAL_Driver/Inc/Legacy -IC:/Users/Admin/STM32Cube/Repository/STM32Cube_FW_F7_V1.17.2/Drivers/CMSIS/Device/ST/STM32F7xx/Include -IC:/Users/Admin/STM32Cube/Repository/STM32Cube_FW_F7_V1.17.2/Drivers/CMSIS/Include -O0 -ffunction-sections -fdata-sections -Wall -fstack-usage -fcyclomatic-complexity -MMD -MP -MF"Core/Src/stm32f7xx_it.d" -MT"Core/Src/stm32f7xx_it.o" --specs=nano.specs -mfpu=fpv5-d16 -mfloat-abi=hard -mthumb -o "Core/Src/stm32f7xx_it.o"
../Drivers/ILI9341/ILI9341_STM32_Driver.c: In function 'ILI9341_SPI_Init':
../Drivers/ILI9341/ILI9341_STM32_Driver.c:95:1: warning: implicit declaration of function 'MX_SPI5_Init'; did you mean 'HAL_SPI_Init'? [-Wimplicit-function-declaration]
   95 | MX_SPI5_Init();                                                                                                                                                                                 //SPI INIT
      | ^~~~~~~~~~~~
      | HAL_SPI_Init
../Drivers/ILI9341/ILI9341_STM32_Driver.c:96:1: warning: implicit declaration of function 'MX_GPIO_Init'; did you mean 'HAL_GPIO_Init'? [-Wimplicit-function-declaration]
   96 | MX_GPIO_Init();                                                                                                                                                                                 //GPIO INIT
      | ^~~~~~~~~~~~
      | HAL_GPIO_Init
arm-none-eabi-gcc -o "L1.elf" @"objects.list"   -mcpu=cortex-m7 -T"D:\STM32\Get_ready\LCD\L1\STM32F767ZITX_FLASH.ld" --specs=nosys.specs -Wl,-Map="L1.map" -Wl,--gc-sections -static --specs=nano.specs -mfpu=fpv5-d16 -mfloat-abi=hard -mthumb -Wl,--start-group -lc -lm -Wl,--end-group
Finished building target: L1.elf
 
arm-none-eabi-size  L1.elf 
arm-none-eabi-objdump -h -S L1.elf  > "L1.list"
   text	   data	    bss	    dec	    hex	filename
  12104	     12	   1844	  13960	   3688	L1.elf
Finished building: default.size.stdout
 
Finished building: L1.list
 
13:27:45 **** Incremental Build of configuration Debug for project L1 ****
make -j12 all 
arm-none-eabi-gcc "../Drivers/ILI9341/ILI9341_STM32_Driver.c" -mcpu=cortex-m7 -std=gnu11 -g3 -DDEBUG -DUSE_HAL_DRIVER -DSTM32F767xx -c -I../Core/Inc -IC:/Users/Admin/STM32Cube/Repository/STM32Cube_FW_F7_V1.17.2/Drivers/STM32F7xx_HAL_Driver/Inc -IC:/Users/Admin/STM32Cube/Repository/STM32Cube_FW_F7_V1.17.2/Drivers/STM32F7xx_HAL_Driver/Inc/Legacy -IC:/Users/Admin/STM32Cube/Repository/STM32Cube_FW_F7_V1.17.2/Drivers/CMSIS/Device/ST/STM32F7xx/Include -IC:/Users/Admin/STM32Cube/Repository/STM32Cube_FW_F7_V1.17.2/Drivers/CMSIS/Include -O0 -ffunction-sections -fdata-sections -Wall -fstack-usage -fcyclomatic-complexity -MMD -MP -MF"Drivers/ILI9341/ILI9341_STM32_Driver.d" -MT"Drivers/ILI9341/ILI9341_STM32_Driver.o" --specs=nano.specs -mfpu=fpv5-d16 -mfloat-abi=hard -mthumb -o "Drivers/ILI9341/ILI9341_STM32_Driver.o"
arm-none-eabi-gcc -o "L1.elf" @"objects.list"   -mcpu=cortex-m7 -T"D:\STM32\Get_ready\LCD\L1\STM32F767ZITX_FLASH.ld" --specs=nosys.specs -Wl,-Map="L1.map" -Wl,--gc-sections -static --specs=nano.specs -mfpu=fpv5-d16 -mfloat-abi=hard -mthumb -Wl,--start-group -lc -lm -Wl,--end-group
Finished building target: L1.elf
 
arm-none-eabi-size  L1.elf 
arm-none-eabi-objdump -h -S L1.elf  > "L1.list"
   text	   data	    bss	    dec	    hex	filename
  12104	     12	   1844	  13960	   3688	L1.elf
Finished building: default.size.stdout
 
Finished building: L1.list
 
13:38:24 **** Incremental Build of configuration Debug for project L1 ****
make -j12 all 
arm-none-eabi-gcc "../Core/Src/main.c" -mcpu=cortex-m7 -std=gnu11 -g3 -DDEBUG -DUSE_HAL_DRIVER -DSTM32F767xx -c -I../Core/Inc -IC:/Users/Admin/STM32Cube/Repository/STM32Cube_FW_F7_V1.17.2/Drivers/STM32F7xx_HAL_Driver/Inc -IC:/Users/Admin/STM32Cube/Repository/STM32Cube_FW_F7_V1.17.2/Drivers/STM32F7xx_HAL_Driver/Inc/Legacy -IC:/Users/Admin/STM32Cube/Repository/STM32Cube_FW_F7_V1.17.2/Drivers/CMSIS/Device/ST/STM32F7xx/Include -IC:/Users/Admin/STM32Cube/Repository/STM32Cube_FW_F7_V1.17.2/Drivers/CMSIS/Include -O0 -ffunction-sections -fdata-sections -Wall -fstack-usage -fcyclomatic-complexity -MMD -MP -MF"Core/Src/main.d" -MT"Core/Src/main.o" --specs=nano.specs -mfpu=fpv5-d16 -mfloat-abi=hard -mthumb -o "Core/Src/main.o"
../Core/Src/main.c:24:10: fatal error: ILI9341_Touchscreen.h: No such file or directory
   24 | #include "ILI9341_Touchscreen.h"
      |          ^~~~~~~~~~~~~~~~~~~~~~~
compilation terminated.
make: *** [Core/Src/subdir.mk:34: Core/Src/main.o] Error 1
"make -j12 all" terminated with exit code 2. Build might be incomplete.
13:38:40 **** Incremental Build of configuration Debug for project L1 ****
make -j12 all 
arm-none-eabi-gcc "../Core/Src/main.c" -mcpu=cortex-m7 -std=gnu11 -g3 -DDEBUG -DUSE_HAL_DRIVER -DSTM32F767xx -c -I../Core/Inc -IC:/Users/Admin/STM32Cube/Repository/STM32Cube_FW_F7_V1.17.2/Drivers/STM32F7xx_HAL_Driver/Inc -IC:/Users/Admin/STM32Cube/Repository/STM32Cube_FW_F7_V1.17.2/Drivers/STM32F7xx_HAL_Driver/Inc/Legacy -IC:/Users/Admin/STM32Cube/Repository/STM32Cube_FW_F7_V1.17.2/Drivers/CMSIS/Device/ST/STM32F7xx/Include -IC:/Users/Admin/STM32Cube/Repository/STM32Cube_FW_F7_V1.17.2/Drivers/CMSIS/Include -O0 -ffunction-sections -fdata-sections -Wall -fstack-usage -fcyclomatic-complexity -MMD -MP -MF"Core/Src/main.d" -MT"Core/Src/main.o" --specs=nano.specs -mfpu=fpv5-d16 -mfloat-abi=hard -mthumb -o "Core/Src/main.o"
../Core/Src/main.c:24:10: fatal error: ILI9341_Touchscreen.h: No such file or directory
   24 | #include "ILI9341_Touchscreen.h"
      |          ^~~~~~~~~~~~~~~~~~~~~~~
compilation terminated.
make: *** [Core/Src/subdir.mk:34: Core/Src/main.o] Error 1
"make -j12 all" terminated with exit code 2. Build might be incomplete.
13:38:54 **** Incremental Build of configuration Debug for project L1 ****
make -j12 all 
arm-none-eabi-gcc "../Core/Src/main.c" -mcpu=cortex-m7 -std=gnu11 -g3 -DDEBUG -DUSE_HAL_DRIVER -DSTM32F767xx -c -I../Core/Inc -IC:/Users/Admin/STM32Cube/Repository/STM32Cube_FW_F7_V1.17.2/Drivers/STM32F7xx_HAL_Driver/Inc -IC:/Users/Admin/STM32Cube/Repository/STM32Cube_FW_F7_V1.17.2/Drivers/STM32F7xx_HAL_Driver/Inc/Legacy -IC:/Users/Admin/STM32Cube/Repository/STM32Cube_FW_F7_V1.17.2/Drivers/CMSIS/Device/ST/STM32F7xx/Include -IC:/Users/Admin/STM32Cube/Repository/STM32Cube_FW_F7_V1.17.2/Drivers/CMSIS/Include -O0 -ffunction-sections -fdata-sections -Wall -fstack-usage -fcyclomatic-complexity -MMD -MP -MF"Core/Src/main.d" -MT"Core/Src/main.o" --specs=nano.specs -mfpu=fpv5-d16 -mfloat-abi=hard -mthumb -o "Core/Src/main.o"
../Core/Src/main.c:26:10: fatal error: ILI9341_STM32_Driver.h: No such file or directory
   26 | #include "ILI9341_STM32_Driver.h"
      |          ^~~~~~~~~~~~~~~~~~~~~~~~
compilation terminated.
make: *** [Core/Src/subdir.mk:34: Core/Src/main.o] Error 1
"make -j12 all" terminated with exit code 2. Build might be incomplete.
13:42:43 **** Incremental Build of configuration Debug for project L1 ****
make -j12 all 
[...]
arm-none-eabi-gcc "../Core/Src/main.c" -mcpu=cortex-m7 -std=gnu11 -g3 -DDEBUG -DUSE_HAL_DRIVER -DSTM32F767xx -c -I../Core/Inc -I"D:/STM32/Get_ready/LCD/L1/Drivers/ILI9341" -IC:/Users/Admin/STM32Cube/Repository/STM32Cube_FW_F7_V1.17.2/Drivers/STM32F7xx_HAL_Driver/Inc -IC:/Users/Admin/STM32Cube/Repository/STM32Cube_FW_F7_V1.17.2/Drivers/STM32F7xx_HAL_Driver/Inc/Legacy -IC:/Users/Admin/STM32Cube/Repository/STM32Cube_FW_F7_V1.17.2/Drivers/CMSIS/Device/ST/STM32F7xx/Include -IC:/Users/Admin/STM32Cube/Repository/STM32Cube_FW_F7_V1.17.2/Drivers/CMSIS/Include -O0 -ffunction-sections -fdata-sections -Wall -fstack-usage -fcyclomatic-complexity -MMD -MP -MF"Core/Src/main.d" -MT"Core/Src/main.o" --specs=nano.specs -mfpu=fpv5-d16 -mfloat-abi=hard -mthumb -o "Core/Src/main.o"
arm-none-eabi-gcc -o "L1.elf" @"objects.list"   -mcpu=cortex-m7 -T"D:\STM32\Get_ready\LCD\L1\STM32F767ZITX_FLASH.ld" --specs=nosys.specs -Wl,-Map="L1.map" -Wl,--gc-sections -static --specs=nano.specs -mfpu=fpv5-d16 -mfloat-abi=hard -mthumb -Wl,--start-group -lc -lm -Wl,--end-group
Finished building target: L1.elf
 
arm-none-eabi-size  L1.elf 
arm-none-eabi-objdump -h -S L1.elf  > "L1.list"
   text	   data	    bss	    dec	    hex	filename
  20452	     96	   2344	  22892	   596c	L1.elf
Finished building: default.size.stdout
 
Finished building: L1.list
 
22:00:45 **** Incremental Build of configuration Debug for project L1 ****
make -j12 all 
arm-none-eabi-gcc "../Core/Src/main.c" -mcpu=cortex-m7 -std=gnu11 -g3 -DDEBUG -DUSE_HAL_DRIVER -DSTM32F767xx -c -I../Core/Inc -I"D:/STM32/Get_ready/LCD/L1/Drivers/ILI9341" -IC:/Users/Admin/STM32Cube/Repository/STM32Cube_FW_F7_V1.17.2/Drivers/STM32F7xx_HAL_Driver/Inc -IC:/Users/Admin/STM32Cube/Repository/STM32Cube_FW_F7_V1.17.2/Drivers/STM32F7xx_HAL_Driver/Inc/Legacy -IC:/Users/Admin/STM32Cube/Repository/STM32Cube_FW_F7_V1.17.2/Drivers/CMSIS/Device/ST/STM32F7xx/Include -IC:/Users/Admin/STM32Cube/Repository/STM32Cube_FW_F7_V1.17.2/Drivers/CMSIS/Include -O0 -ffunction-sections -fdata-sections -Wall -fstack-usage -fcyclomatic-complexity -MMD -MP -MF"Core/Src/main.d" -MT"Core/Src/main.o" --specs=nano.specs -mfpu=fpv5-d16 -mfloat-abi=hard -mthumb -o "Core/Src/main.o"
arm-none-eabi-gcc "../Core/Src/stm32f7xx_hal_msp.c" -mcpu=cortex-m7 -std=gnu11 -g3 -DDEBUG -DUSE_HAL_DRIVER -DSTM32F767xx -c -I../Core/Inc -IC:/Users/Admin/STM32Cube/Repository/STM32Cube_FW_F7_V1.17.2/Drivers/STM32F7xx_HAL_Driver/Inc -IC:/Users/Admin/STM32Cube/Repository/STM32Cube_FW_F7_V1.17.2/Drivers/STM32F7xx_HAL_Driver/Inc/Legacy -IC:/Users/Admin/STM32Cube/Repository/STM32Cube_FW_F7_V1.17.2/Drivers/CMSIS/Device/ST/STM32F7xx/Include -IC:/Users/Admin/STM32Cube/Repository/STM32Cube_FW_F7_V1.17.2/Drivers/CMSIS/Include -O0 -ffunction-sections -fdata-sections -Wall -fstack-usage -fcyclomatic-complexity -MMD -MP -MF"Core/Src/stm32f7xx_hal_msp.d" -MT"Core/Src/stm32f7xx_hal_msp.o" --specs=nano.specs -mfpu=fpv5-d16 -mfloat-abi=hard -mthumb -o "Core/Src/stm32f7xx_hal_msp.o"
arm-none-eabi-gcc "../Core/Src/stm32f7xx_it.c" -mcpu=cortex-m7 -std=gnu11 -g3 -DDEBUG -DUSE_HAL_DRIVER -DSTM32F767xx -c -I../Core/Inc -IC:/Users/Admin/STM32Cube/Repository/STM32Cube_FW_F7_V1.17.2/Drivers/STM32F7xx_HAL_Driver/Inc -IC:/Users/Admin/STM32Cube/Repository/STM32Cube_FW_F7_V1.17.2/Drivers/STM32F7xx_HAL_Driver/Inc/Legacy -IC:/Users/Admin/STM32Cube/Repository/STM32Cube_FW_F7_V1.17.2/Drivers/CMSIS/Device/ST/STM32F7xx/Include -IC:/Users/Admin/STM32Cube/Repository/STM32Cube_FW_F7_V1.17.2/Drivers/CMSIS/Include -O0 -ffunction-sections -fdata-sections -Wall -fstack-usage -fcyclomatic-complexity -MMD -MP -MF"Core/Src/stm32f7xx_it.d" -MT"Core/Src/stm32f7xx_it.o" --specs=nano.specs -mfpu=fpv5-d16 -mfloat-abi=hard -mthumb -o "Core/Src/stm32f7xx_it.o"
arm-none-eabi-gcc -o "L1.elf" @"objects.list"   -mcpu=cortex-m7 -T"D:\STM32\Get_ready\LCD\L1\STM32F767ZITX_FLASH.ld" --specs=nosys.specs -Wl,-Map="L1.map" -Wl,--gc-sections -static --specs=nano.specs -mfpu=fpv5-d16 -mfloat-abi=hard -mthumb -Wl,--start-group -lc -lm -Wl,--end-group
Finished building target: L1.elf
 
arm-none-eabi-size  L1.elf 
arm-none-eabi-objdump -h -S L1.elf  > "L1.list"
   text	   data	    bss	    dec	    hex	filename
  20820	     96	   2424	  23340	   5b2c	L1.elf
Finished building: default.size.stdout
 
Finished building: L1.list
 
22:01:07 **** Incremental Build of configuration Debug for project L1 ****
make -j12 all 
arm-none-eabi-size  L1.elf 
   text	   data	    bss	    dec	    hex	filename
  20820	     96	   2424	  23340	   5b2c	L1.elf
Finished building: default.size.stdout
 
22:02:32 **** Incremental Build of configuration Debug for project L1 ****
make -j12 all 
arm-none-eabi-gcc "../Core/Src/stm32f7xx_hal_msp.c" -mcpu=cortex-m7 -std=gnu11 -g3 -DDEBUG -DUSE_HAL_DRIVER -DSTM32F767xx -c -I../Core/Inc -IC:/Users/Admin/STM32Cube/Repository/STM32Cube_FW_F7_V1.17.2/Drivers/STM32F7xx_HAL_Driver/Inc -IC:/Users/Admin/STM32Cube/Repository/STM32Cube_FW_F7_V1.17.2/Drivers/STM32F7xx_HAL_Driver/Inc/Legacy -IC:/Users/Admin/STM32Cube/Repository/STM32Cube_FW_F7_V1.17.2/Drivers/CMSIS/Device/ST/STM32F7xx/Include -IC:/Users/Admin/STM32Cube/Repository/STM32Cube_FW_F7_V1.17.2/Drivers/CMSIS/Include -O0 -ffunction-sections -fdata-sections -Wall -fstack-usage -fcyclomatic-complexity -MMD -MP -MF"Core/Src/stm32f7xx_hal_msp.d" -MT"Core/Src/stm32f7xx_hal_msp.o" --specs=nano.specs -mfpu=fpv5-d16 -mfloat-abi=hard -mthumb -o "Core/Src/stm32f7xx_hal_msp.o"
arm-none-eabi-gcc -o "L1.elf" @"objects.list"   -mcpu=cortex-m7 -T"D:\STM32\Get_ready\LCD\L1\STM32F767ZITX_FLASH.ld" --specs=nosys.specs -Wl,-Map="L1.map" -Wl,--gc-sections -static --specs=nano.specs -mfpu=fpv5-d16 -mfloat-abi=hard -mthumb -Wl,--start-group -lc -lm -Wl,--end-group
Finished building target: L1.elf
 
arm-none-eabi-size  L1.elf 
arm-none-eabi-objdump -h -S L1.elf  > "L1.list"
   text	   data	    bss	    dec	    hex	filename
  20820	     96	   2424	  23340	   5b2c	L1.elf
Finished building: default.size.stdout
 
Finished building: L1.list
 
22:02:53 **** Incremental Build of configuration Debug for project L1 ****
make -j12 all 
arm-none-eabi-size  L1.elf 
   text	   data	    bss	    dec	    hex	filename
  20820	     96	   2424	  23340	   5b2c	L1.elf
Finished building: default.size.stdout
 
22:10:30 **** Incremental Build of configuration Debug for project L1 ****
make -j12 all 
arm-none-eabi-gcc "../Core/Src/main.c" -mcpu=cortex-m7 -std=gnu11 -g3 -DDEBUG -DUSE_HAL_DRIVER -DSTM32F767xx -c -I../Core/Inc -I"D:/STM32/Get_ready/LCD/L1/Drivers/ILI9341" -IC:/Users/Admin/STM32Cube/Repository/STM32Cube_FW_F7_V1.17.2/Drivers/STM32F7xx_HAL_Driver/Inc -IC:/Users/Admin/STM32Cube/Repository/STM32Cube_FW_F7_V1.17.2/Drivers/STM32F7xx_HAL_Driver/Inc/Legacy -IC:/Users/Admin/STM32Cube/Repository/STM32Cube_FW_F7_V1.17.2/Drivers/CMSIS/Device/ST/STM32F7xx/Include -IC:/Users/Admin/STM32Cube/Repository/STM32Cube_FW_F7_V1.17.2/Drivers/CMSIS/Include -O0 -ffunction-sections -fdata-sections -Wall -fstack-usage -fcyclomatic-complexity -MMD -MP -MF"Core/Src/main.d" -MT"Core/Src/main.o" --specs=nano.specs -mfpu=fpv5-d16 -mfloat-abi=hard -mthumb -o "Core/Src/main.o"
arm-none-eabi-gcc -o "L1.elf" @"objects.list"   -mcpu=cortex-m7 -T"D:\STM32\Get_ready\LCD\L1\STM32F767ZITX_FLASH.ld" --specs=nosys.specs -Wl,-Map="L1.map" -Wl,--gc-sections -static --specs=nano.specs -mfpu=fpv5-d16 -mfloat-abi=hard -mthumb -Wl,--start-group -lc -lm -Wl,--end-group
Finished building target: L1.elf
 
arm-none-eabi-size  L1.elf 
arm-none-eabi-objdump -h -S L1.elf  > "L1.list"
   text	   data	    bss	    dec	    hex	filename
  21124	     96	   2424	  23644	   5c5c	L1.elf
Finished building: default.size.stdout
 
Finished building: L1.list
 
22:13:32 **** Incremental Build of configuration Debug for project L1 ****
make -j12 all 
arm-none-eabi-size  L1.elf 
   text	   data	    bss	    dec	    hex	filename
  21124	     96	   2424	  23644	   5c5c	L1.elf
Finished building: default.size.stdout
 
22:21:53 **** Incremental Build of configuration Debug for project L1 ****
make -j12 all 
arm-none-eabi-gcc "../Core/Src/main.c" -mcpu=cortex-m7 -std=gnu11 -g3 -DDEBUG -DUSE_HAL_DRIVER -DSTM32F767xx -c -I../Core/Inc -I"D:/STM32/Get_ready/LCD/L1/Drivers/ILI9341" -IC:/Users/Admin/STM32Cube/Repository/STM32Cube_FW_F7_V1.17.2/Drivers/STM32F7xx_HAL_Driver/Inc -IC:/Users/Admin/STM32Cube/Repository/STM32Cube_FW_F7_V1.17.2/Drivers/STM32F7xx_HAL_Driver/Inc/Legacy -IC:/Users/Admin/STM32Cube/Repository/STM32Cube_FW_F7_V1.17.2/Drivers/CMSIS/Device/ST/STM32F7xx/Include -IC:/Users/Admin/STM32Cube/Repository/STM32Cube_FW_F7_V1.17.2/Drivers/CMSIS/Include -O0 -ffunction-sections -fdata-sections -Wall -fstack-usage -fcyclomatic-complexity -MMD -MP -MF"Core/Src/main.d" -MT"Core/Src/main.o" --specs=nano.specs -mfpu=fpv5-d16 -mfloat-abi=hard -mthumb -o "Core/Src/main.o"
arm-none-eabi-gcc -o "L1.elf" @"objects.list"   -mcpu=cortex-m7 -T"D:\STM32\Get_ready\LCD\L1\STM32F767ZITX_FLASH.ld" --specs=nosys.specs -Wl,-Map="L1.map" -Wl,--gc-sections -static --specs=nano.specs -mfpu=fpv5-d16 -mfloat-abi=hard -mthumb -Wl,--start-group -lc -lm -Wl,--end-group
Finished building target: L1.elf
 
arm-none-eabi-size  L1.elf 
arm-none-eabi-objdump -h -S L1.elf  > "L1.list"
   text	   data	    bss	    dec	    hex	filename
  21164	     96	   2424	  23684	   5c84	L1.elf
Finished building: default.size.stdout
 
Finished building: L1.list
 
22:26:56 **** Incremental Build of configuration Debug for project L1 ****
make -j12 all 
arm-none-eabi-gcc "../Core/Src/main.c" -mcpu=cortex-m7 -std=gnu11 -g3 -DDEBUG -DUSE_HAL_DRIVER -DSTM32F767xx -c -I../Core/Inc -I"D:/STM32/Get_ready/LCD/L1/Drivers/ILI9341" -IC:/Users/Admin/STM32Cube/Repository/STM32Cube_FW_F7_V1.17.2/Drivers/STM32F7xx_HAL_Driver/Inc -IC:/Users/Admin/STM32Cube/Repository/STM32Cube_FW_F7_V1.17.2/Drivers/STM32F7xx_HAL_Driver/Inc/Legacy -IC:/Users/Admin/STM32Cube/Repository/STM32Cube_FW_F7_V1.17.2/Drivers/CMSIS/Device/ST/STM32F7xx/Include -IC:/Users/Admin/STM32Cube/Repository/STM32Cube_FW_F7_V1.17.2/Drivers/CMSIS/Include -O0 -ffunction-sections -fdata-sections -Wall -fstack-usage -fcyclomatic-complexity -MMD -MP -MF"Core/Src/main.d" -MT"Core/Src/main.o" --specs=nano.specs -mfpu=fpv5-d16 -mfloat-abi=hard -mthumb -o "Core/Src/main.o"
arm-none-eabi-gcc -o "L1.elf" @"objects.list"   -mcpu=cortex-m7 -T"D:\STM32\Get_ready\LCD\L1\STM32F767ZITX_FLASH.ld" --specs=nosys.specs -Wl,-Map="L1.map" -Wl,--gc-sections -static --specs=nano.specs -mfpu=fpv5-d16 -mfloat-abi=hard -mthumb -Wl,--start-group -lc -lm -Wl,--end-group
Finished building target: L1.elf
 
arm-none-eabi-size  L1.elf 
arm-none-eabi-objdump -h -S L1.elf  > "L1.list"
   text	   data	    bss	    dec	    hex	filename
  18588	     16	   1992	  20596	   5074	L1.elf
Finished building: default.size.stdout
 
Finished building: L1.list
 
22:27:00 **** Incremental Build of configuration Debug for project L1 ****
make -j12 all 
arm-none-eabi-size  L1.elf 
   text	   data	    bss	    dec	    hex	filename
  18588	     16	   1992	  20596	   5074	L1.elf
Finished building: default.size.stdout
 
23:20:22 **** Incremental Build of configuration Debug for project L1 ****
make -j12 all 
arm-none-eabi-gcc "../Drivers/ILI9341/ILI9341_GFX.c" -mcpu=cortex-m7 -std=gnu11 -g3 -DDEBUG -DUSE_HAL_DRIVER -DSTM32F767xx -c -I../Core/Inc -IC:/Users/Admin/STM32Cube/Repository/STM32Cube_FW_F7_V1.17.2/Drivers/STM32F7xx_HAL_Driver/Inc -IC:/Users/Admin/STM32Cube/Repository/STM32Cube_FW_F7_V1.17.2/Drivers/STM32F7xx_HAL_Driver/Inc/Legacy -IC:/Users/Admin/STM32Cube/Repository/STM32Cube_FW_F7_V1.17.2/Drivers/CMSIS/Device/ST/STM32F7xx/Include -IC:/Users/Admin/STM32Cube/Repository/STM32Cube_FW_F7_V1.17.2/Drivers/CMSIS/Include -O0 -ffunction-sections -fdata-sections -Wall -fstack-usage -fcyclomatic-complexity -MMD -MP -MF"Drivers/ILI9341/ILI9341_GFX.d" -MT"Drivers/ILI9341/ILI9341_GFX.o" --specs=nano.specs -mfpu=fpv5-d16 -mfloat-abi=hard -mthumb -o "Drivers/ILI9341/ILI9341_GFX.o"
arm-none-eabi-gcc "../Drivers/ILI9341/ILI9341_STM32_Driver.c" -mcpu=cortex-m7 -std=gnu11 -g3 -DDEBUG -DUSE_HAL_DRIVER -DSTM32F767xx -c -I../Core/Inc -IC:/Users/Admin/STM32Cube/Repository/STM32Cube_FW_F7_V1.17.2/Drivers/STM32F7xx_HAL_Driver/Inc -IC:/Users/Admin/STM32Cube/Repository/STM32Cube_FW_F7_V1.17.2/Drivers/STM32F7xx_HAL_Driver/Inc/Legacy -IC:/Users/Admin/STM32Cube/Repository/STM32Cube_FW_F7_V1.17.2/Drivers/CMSIS/Device/ST/STM32F7xx/Include -IC:/Users/Admin/STM32Cube/Repository/STM32Cube_FW_F7_V1.17.2/Drivers/CMSIS/Include -O0 -ffunction-sections -fdata-sections -Wall -fstack-usage -fcyclomatic-complexity -MMD -MP -MF"Drivers/ILI9341/ILI9341_STM32_Driver.d" -MT"Drivers/ILI9341/ILI9341_STM32_Driver.o" --specs=nano.specs -mfpu=fpv5-d16 -mfloat-abi=hard -mthumb -o "Drivers/ILI9341/ILI9341_STM32_Driver.o"
arm-none-eabi-gcc "../Drivers/ILI9341/ILI9341_Touchscreen.c" -mcpu=cortex-m7 -std=gnu11 -g3 -DDEBUG -DUSE_HAL_DRIVER -DSTM32F767xx -c -I../Core/Inc -IC:/Users/Admin/STM32Cube/Repository/STM32Cube_FW_F7_V1.17.2/Drivers/STM32F7xx_HAL_Driver/Inc -IC:/Users/Admin/STM32Cube/Repository/STM32Cube_FW_F7_V1.17.2/Drivers/STM32F7xx_HAL_Driver/Inc/Legacy -IC:/Users/Admin/STM32Cube/Repository/STM32Cube_FW_F7_V1.17.2/Drivers/CMSIS/Device/ST/STM32F7xx/Include -IC:/Users/Admin/STM32Cube/Repository/STM32Cube_FW_F7_V1.17.2/Drivers/CMSIS/Include -O0 -ffunction-sections -fdata-sections -Wall -fstack-usage -fcyclomatic-complexity -MMD -MP -MF"Drivers/ILI9341/ILI9341_Touchscreen.d" -MT"Drivers/ILI9341/ILI9341_Touchscreen.o" --specs=nano.specs -mfpu=fpv5-d16 -mfloat-abi=hard -mthumb -o "Drivers/ILI9341/ILI9341_Touchscreen.o"
arm-none-eabi-gcc "../Core/Src/main.c" -mcpu=cortex-m7 -std=gnu11 -g3 -DDEBUG -DUSE_HAL_DRIVER -DSTM32F767xx -c -I../Core/Inc -I"D:/STM32/Get_ready/LCD/L1/Drivers/ILI9341" -IC:/Users/Admin/STM32Cube/Repository/STM32Cube_FW_F7_V1.17.2/Drivers/STM32F7xx_HAL_Driver/Inc -IC:/Users/Admin/STM32Cube/Repository/STM32Cube_FW_F7_V1.17.2/Drivers/STM32F7xx_HAL_Driver/Inc/Legacy -IC:/Users/Admin/STM32Cube/Repository/STM32Cube_FW_F7_V1.17.2/Drivers/CMSIS/Device/ST/STM32F7xx/Include -IC:/Users/Admin/STM32Cube/Repository/STM32Cube_FW_F7_V1.17.2/Drivers/CMSIS/Include -O0 -ffunction-sections -fdata-sections -Wall -fstack-usage -fcyclomatic-complexity -MMD -MP -MF"Core/Src/main.d" -MT"Core/Src/main.o" --specs=nano.specs -mfpu=fpv5-d16 -mfloat-abi=hard -mthumb -o "Core/Src/main.o"
../Core/Src/main.c: In function 'main':
../Core/Src/main.c:181:19: warning: implicit declaration of function 'ILI9341_Fill_Screen' [-Wimplicit-function-declaration]
  181 |                   ILI9341_Fill_Screen(WHITE);
      |                   ^~~~~~~~~~~~~~~~~~~
../Core/Src/main.c:181:39: error: 'WHITE' undeclared (first use in this function)
  181 |                   ILI9341_Fill_Screen(WHITE);
      |                                       ^~~~~
../Core/Src/main.c:181:39: note: each undeclared identifier is reported only once for each function it appears in
../Core/Src/main.c:184:39: error: 'RED' undeclared (first use in this function)
  184 |                   ILI9341_Fill_Screen(RED);
      |                                       ^~~
make: *** [Core/Src/subdir.mk:34: Core/Src/main.o] Error 1
make: *** Waiting for unfinished jobs....
"make -j12 all" terminated with exit code 2. Build might be incomplete.
23:20:39 **** Incremental Build of configuration Debug for project L1 ****
make -j12 all 
arm-none-eabi-gcc "../Core/Src/main.c" -mcpu=cortex-m7 -std=gnu11 -g3 -DDEBUG -DUSE_HAL_DRIVER -DSTM32F767xx -c -I../Core/Inc -I"D:/STM32/Get_ready/LCD/L1/Drivers/ILI9341" -IC:/Users/Admin/STM32Cube/Repository/STM32Cube_FW_F7_V1.17.2/Drivers/STM32F7xx_HAL_Driver/Inc -IC:/Users/Admin/STM32Cube/Repository/STM32Cube_FW_F7_V1.17.2/Drivers/STM32F7xx_HAL_Driver/Inc/Legacy -IC:/Users/Admin/STM32Cube/Repository/STM32Cube_FW_F7_V1.17.2/Drivers/CMSIS/Device/ST/STM32F7xx/Include -IC:/Users/Admin/STM32Cube/Repository/STM32Cube_FW_F7_V1.17.2/Drivers/CMSIS/Include -O0 -ffunction-sections -fdata-sections -Wall -fstack-usage -fcyclomatic-complexity -MMD -MP -MF"Core/Src/main.d" -MT"Core/Src/main.o" --specs=nano.specs -mfpu=fpv5-d16 -mfloat-abi=hard -mthumb -o "Core/Src/main.o"
arm-none-eabi-gcc -o "L1.elf" @"objects.list"   -mcpu=cortex-m7 -T"D:\STM32\Get_ready\LCD\L1\STM32F767ZITX_FLASH.ld" --specs=nosys.specs -Wl,-Map="L1.map" -Wl,--gc-sections -static --specs=nano.specs -mfpu=fpv5-d16 -mfloat-abi=hard -mthumb -Wl,--start-group -lc -lm -Wl,--end-group
Finished building target: L1.elf
 
arm-none-eabi-size  L1.elf 
arm-none-eabi-objdump -h -S L1.elf  > "L1.list"
   text	   data	    bss	    dec	    hex	filename
  21732	     20	   1996	  23748	   5cc4	L1.elf
Finished building: default.size.stdout
 
Finished building: L1.list
 
23:21:04 **** Incremental Build of configuration Debug for project L1 ****
make -j12 all 
arm-none-eabi-gcc "../Core/Src/main.c" -mcpu=cortex-m7 -std=gnu11 -g3 -DDEBUG -DUSE_HAL_DRIVER -DSTM32F767xx -c -I../Core/Inc -I"D:/STM32/Get_ready/LCD/L1/Drivers/ILI9341" -IC:/Users/Admin/STM32Cube/Repository/STM32Cube_FW_F7_V1.17.2/Drivers/STM32F7xx_HAL_Driver/Inc -IC:/Users/Admin/STM32Cube/Repository/STM32Cube_FW_F7_V1.17.2/Drivers/STM32F7xx_HAL_Driver/Inc/Legacy -IC:/Users/Admin/STM32Cube/Repository/STM32Cube_FW_F7_V1.17.2/Drivers/CMSIS/Device/ST/STM32F7xx/Include -IC:/Users/Admin/STM32Cube/Repository/STM32Cube_FW_F7_V1.17.2/Drivers/CMSIS/Include -O0 -ffunction-sections -fdata-sections -Wall -fstack-usage -fcyclomatic-complexity -MMD -MP -MF"Core/Src/main.d" -MT"Core/Src/main.o" --specs=nano.specs -mfpu=fpv5-d16 -mfloat-abi=hard -mthumb -o "Core/Src/main.o"
arm-none-eabi-gcc -o "L1.elf" @"objects.list"   -mcpu=cortex-m7 -T"D:\STM32\Get_ready\LCD\L1\STM32F767ZITX_FLASH.ld" --specs=nosys.specs -Wl,-Map="L1.map" -Wl,--gc-sections -static --specs=nano.specs -mfpu=fpv5-d16 -mfloat-abi=hard -mthumb -Wl,--start-group -lc -lm -Wl,--end-group
Finished building target: L1.elf
 
arm-none-eabi-size  L1.elf 
arm-none-eabi-objdump -h -S L1.elf  > "L1.list"
   text	   data	    bss	    dec	    hex	filename
  21728	     20	   1996	  23744	   5cc0	L1.elf
Finished building: default.size.stdout
 
Finished building: L1.list
 
23:21:08 **** Incremental Build of configuration Debug for project L1 ****
make -j12 all 
arm-none-eabi-size  L1.elf 
   text	   data	    bss	    dec	    hex	filename
  21728	     20	   1996	  23744	   5cc0	L1.elf
Finished building: default.size.stdout
 
23:21:58 **** Incremental Build of configuration Debug for project L1 ****
make -j12 all 
arm-none-eabi-gcc "../Core/Src/main.c" -mcpu=cortex-m7 -std=gnu11 -g3 -DDEBUG -DUSE_HAL_DRIVER -DSTM32F767xx -c -I../Core/Inc -I"D:/STM32/Get_ready/LCD/L1/Drivers/ILI9341" -IC:/Users/Admin/STM32Cube/Repository/STM32Cube_FW_F7_V1.17.2/Drivers/STM32F7xx_HAL_Driver/Inc -IC:/Users/Admin/STM32Cube/Repository/STM32Cube_FW_F7_V1.17.2/Drivers/STM32F7xx_HAL_Driver/Inc/Legacy -IC:/Users/Admin/STM32Cube/Repository/STM32Cube_FW_F7_V1.17.2/Drivers/CMSIS/Device/ST/STM32F7xx/Include -IC:/Users/Admin/STM32Cube/Repository/STM32Cube_FW_F7_V1.17.2/Drivers/CMSIS/Include -O0 -ffunction-sections -fdata-sections -Wall -fstack-usage -fcyclomatic-complexity -MMD -MP -MF"Core/Src/main.d" -MT"Core/Src/main.o" --specs=nano.specs -mfpu=fpv5-d16 -mfloat-abi=hard -mthumb -o "Core/Src/main.o"
arm-none-eabi-gcc -o "L1.elf" @"objects.list"   -mcpu=cortex-m7 -T"D:\STM32\Get_ready\LCD\L1\STM32F767ZITX_FLASH.ld" --specs=nosys.specs -Wl,-Map="L1.map" -Wl,--gc-sections -static --specs=nano.specs -mfpu=fpv5-d16 -mfloat-abi=hard -mthumb -Wl,--start-group -lc -lm -Wl,--end-group
Finished building target: L1.elf
 
arm-none-eabi-size  L1.elf 
arm-none-eabi-objdump -h -S L1.elf  > "L1.list"
   text	   data	    bss	    dec	    hex	filename
  21724	     20	   1996	  23740	   5cbc	L1.elf
Finished building: default.size.stdout
 
Finished building: L1.list
 
23:22:01 **** Incremental Build of configuration Debug for project L1 ****
make -j12 all 
arm-none-eabi-size  L1.elf 
   text	   data	    bss	    dec	    hex	filename
  21724	     20	   1996	  23740	   5cbc	L1.elf
Finished building: default.size.stdout
 
